Archive member included to satisfy reference by file (symbol)

c:/chibistudio/tools/gnu tools arm embedded/7.0 2017q4/bin/../lib/gcc/arm-none-eabi/7.2.1/thumb/v7e-m\libgcc.a(_arm_addsubdf3.o)
                              C:\Users\Pasquale\AppData\Local\Temp\ccrsDHYl.ltrans0.ltrans.o (__aeabi_dsub)
c:/chibistudio/tools/gnu tools arm embedded/7.0 2017q4/bin/../lib/gcc/arm-none-eabi/7.2.1/thumb/v7e-m\libgcc.a(_arm_muldivdf3.o)
                              C:\Users\Pasquale\AppData\Local\Temp\ccrsDHYl.ltrans0.ltrans.o (__aeabi_dmul)
c:/chibistudio/tools/gnu tools arm embedded/7.0 2017q4/bin/../lib/gcc/arm-none-eabi/7.2.1/thumb/v7e-m\libgcc.a(_arm_fixdfsi.o)
                              C:\Users\Pasquale\AppData\Local\Temp\ccrsDHYl.ltrans0.ltrans.o (__aeabi_d2iz)
c:/chibistudio/tools/gnu tools arm embedded/7.0 2017q4/bin/../lib/gcc/arm-none-eabi/7.2.1/thumb/v7e-m\libgcc.a(_arm_truncdfsf2.o)
                              C:\Users\Pasquale\AppData\Local\Temp\ccrsDHYl.ltrans0.ltrans.o (__aeabi_d2f)
c:/chibistudio/tools/gnu tools arm embedded/7.0 2017q4/bin/../lib/gcc/arm-none-eabi/7.2.1/thumb/v7e-m\libgcc.a(_arm_addsubsf3.o)
                              C:\Users\Pasquale\AppData\Local\Temp\ccrsDHYl.ltrans0.ltrans.o (__aeabi_i2f)
c:/chibistudio/tools/gnu tools arm embedded/7.0 2017q4/bin/../lib/gcc/arm-none-eabi/7.2.1/thumb/v7e-m\libgcc.a(_arm_cmpsf2.o)
                              C:\Users\Pasquale\AppData\Local\Temp\ccrsDHYl.ltrans0.ltrans.o (__aeabi_fcmplt)
c:/chibistudio/tools/gnu tools arm embedded/7.0 2017q4/bin/../lib/gcc/arm-none-eabi/7.2.1/thumb/v7e-m\libgcc.a(_arm_fixsfsi.o)
                              C:\Users\Pasquale\AppData\Local\Temp\ccrsDHYl.ltrans0.ltrans.o (__aeabi_f2iz)
c:/chibistudio/tools/gnu tools arm embedded/7.0 2017q4/bin/../lib/gcc/arm-none-eabi/7.2.1/../../../../arm-none-eabi/lib/thumb/v7e-m\libg.a(lib_a-memcmp.o)
                              C:\Users\Pasquale\AppData\Local\Temp\ccrsDHYl.ltrans0.ltrans.o (memcmp)
c:/chibistudio/tools/gnu tools arm embedded/7.0 2017q4/bin/../lib/gcc/arm-none-eabi/7.2.1/../../../../arm-none-eabi/lib/thumb/v7e-m\libg.a(lib_a-memcpy.o)
                              C:\Users\Pasquale\AppData\Local\Temp\ccrsDHYl.ltrans0.ltrans.o (memcpy)
c:/chibistudio/tools/gnu tools arm embedded/7.0 2017q4/bin/../lib/gcc/arm-none-eabi/7.2.1/../../../../arm-none-eabi/lib/thumb/v7e-m\libg.a(lib_a-memset.o)
                              C:\Users\Pasquale\AppData\Local\Temp\ccrsDHYl.ltrans0.ltrans.o (memset)
c:/chibistudio/tools/gnu tools arm embedded/7.0 2017q4/bin/../lib/gcc/arm-none-eabi/7.2.1/../../../../arm-none-eabi/lib/thumb/v7e-m\libg.a(lib_a-strchr.o)
                              C:\Users\Pasquale\AppData\Local\Temp\ccrsDHYl.ltrans0.ltrans.o (strchr)
c:/chibistudio/tools/gnu tools arm embedded/7.0 2017q4/bin/../lib/gcc/arm-none-eabi/7.2.1/../../../../arm-none-eabi/lib/thumb/v7e-m\libg.a(lib_a-strcmp.o)
                              C:\Users\Pasquale\AppData\Local\Temp\ccrsDHYl.ltrans0.ltrans.o (strcmp)
c:/chibistudio/tools/gnu tools arm embedded/7.0 2017q4/bin/../lib/gcc/arm-none-eabi/7.2.1/../../../../arm-none-eabi/lib/thumb/v7e-m\libg.a(lib_a-strncmp.o)
                              C:\Users\Pasquale\AppData\Local\Temp\ccrsDHYl.ltrans0.ltrans.o (strncmp)
c:/chibistudio/tools/gnu tools arm embedded/7.0 2017q4/bin/../lib/gcc/arm-none-eabi/7.2.1/../../../../arm-none-eabi/lib/thumb/v7e-m\libg.a(lib_a-strncpy.o)
                              C:\Users\Pasquale\AppData\Local\Temp\ccrsDHYl.ltrans0.ltrans.o (strncpy)
c:/chibistudio/tools/gnu tools arm embedded/7.0 2017q4/bin/../lib/gcc/arm-none-eabi/7.2.1/../../../../arm-none-eabi/lib/thumb/v7e-m\libg.a(lib_a-strpbrk.o)
                              C:\Users\Pasquale\AppData\Local\Temp\ccrsDHYl.ltrans0.ltrans.o (strpbrk)
c:/chibistudio/tools/gnu tools arm embedded/7.0 2017q4/bin/../lib/gcc/arm-none-eabi/7.2.1/../../../../arm-none-eabi/lib/thumb/v7e-m\libg.a(lib_a-strspn.o)
                              C:\Users\Pasquale\AppData\Local\Temp\ccrsDHYl.ltrans0.ltrans.o (strspn)

Discarded input sections

 .data          0x00000000        0x0 ./build/obj/crt0_v7m.o
 .bss           0x00000000        0x0 ./build/obj/crt0_v7m.o
 .data          0x00000000        0x0 ./build/obj/vectors.o
 .bss           0x00000000        0x0 ./build/obj/vectors.o
 .data          0x00000000        0x0 ./build/obj/chcoreasm_v7m.o
 .bss           0x00000000        0x0 ./build/obj/chcoreasm_v7m.o
 .text          0x00000000        0x0 C:\Users\Pasquale\AppData\Local\Temp\ccrsDHYl.ltrans0.ltrans.o
 .data          0x00000000        0x0 C:\Users\Pasquale\AppData\Local\Temp\ccrsDHYl.ltrans0.ltrans.o
 .bss           0x00000000        0x0 C:\Users\Pasquale\AppData\Local\Temp\ccrsDHYl.ltrans0.ltrans.o
 .data          0x00000000        0x0 c:/chibistudio/tools/gnu tools arm embedded/7.0 2017q4/bin/../lib/gcc/arm-none-eabi/7.2.1/thumb/v7e-m\libgcc.a(_arm_addsubdf3.o)
[...]
Memory Configuration

Name             Origin             Length             Attributes
flash0           0x08000000         0x00080000
flash1           0x00000000         0x00000000
flash2           0x00000000         0x00000000
flash3           0x00000000         0x00000000
flash4           0x00000000         0x00000000
flash5           0x00000000         0x00000000
flash6           0x00000000         0x00000000
flash7           0x00000000         0x00000000
ram0             0x20000000         0x00018000
ram1             0x00000000         0x00000000
ram2             0x00000000         0x00000000
ram3             0x00000000         0x00000000
ram4             0x00000000         0x00000000
ram5             0x00000000         0x00000000
ram6             0x00000000         0x00000000
ram7             0x00000000         0x00000000
*default*        0x00000000         0xffffffff

Linker script and memory map

LOAD ./build/obj/crt0_v7m.o
LOAD ./build/obj/vectors.o
LOAD ./build/obj/chcoreasm_v7m.o
LOAD C:\Users\Pasquale\AppData\Local\Temp\ccrsDHYl.ltrans0.ltrans.o

.mstack         0x20000000      0x400
                0x20000000                . = ALIGN (0x8)
                0x20000000                __main_stack_base__ = .
                0x20000400                . = (. + __main_stack_size__)
 *fill*         0x20000000      0x400 
                0x20000400                . = ALIGN (0x8)
                0x20000400                __main_stack_end__ = .

.pstack         0x20000400      0x400
                0x20000400                . = ALIGN (0x8)
                0x20000400                __process_stack_base__ = .
                0x20000400                __main_thread_stack_base__ = .
                0x20000800                . = (. + __process_stack_size__)
 *fill*         0x20000400      0x400 
                0x20000800                . = ALIGN (0x8)
                0x20000800                __process_stack_end__ = .
                0x20000800                __main_thread_stack_end__ = .

.vectors        0x08000000      0x1e0
 *(.vectors)
 .vectors       0x08000000      0x1e0 ./build/obj/vectors.o
                0x08000000                _vectors

.xtors          0x080001e0        0x0
                0x080001e0                __init_array_start = .
 *(SORT_BY_NAME(.init_array.*))
 *(.init_array)
                0x080001e0                __init_array_end = .
                0x080001e0                __fini_array_start = .
 *(.fini_array)
 *(SORT_BY_NAME(.fini_array.*))
                0x080001e0                __fini_array_end = .

.text           0x080001e0     0xa818
                0x080001e0                __text_base = .
 *(.text)
 .text          0x080001e0       0xd8 ./build/obj/crt0_v7m.o
                0x080001e0                _crt0_entry
 .text          0x080002b8        0x8 ./build/obj/vectors.o
                0x080002b8                Reset_Handler
                0x080002ba                VectorE8
                0x080002ba                Vector9C
                0x080002ba                VectorAC
                0x080002ba                DebugMon_Handler
                0x080002ba                Vector1A0
                0x080002ba                Vector5C
                0x080002ba                Vector11C
                0x080002ba                HardFault_Handler
                0x080002ba                Vector1B8
                0x080002ba                Vector19C
                0x080002ba                Vector8C
                0x080002ba                SysTick_Handler
                0x080002ba                VectorDC
                0x080002ba                PendSV_Handler
                0x080002ba                Vector168
                0x080002ba                NMI_Handler
                0x080002ba                Vector110
                0x080002ba                Vector1D8
                0x080002ba                VectorC8
                0x080002ba                Vector94
                0x080002ba                VectorA8
                0x080002ba                VectorB4
                0x080002ba                Vector160
                0x080002ba                Vector1B0
                0x080002ba                UsageFault_Handler
                0x080002ba                VectorEC
                0x080002ba                Vector40
                0x080002ba                VectorF8
                0x080002ba                Vector108
                0x080002ba                VectorBC
                0x080002ba                Vector190
                0x080002ba                Vector1C4
                0x080002ba                Vector1CC
                0x080002ba                Vector148
                0x080002ba                Vector188
                0x080002ba                Vector198
                0x080002ba                Vector118
                0x080002ba                Vector64
                0x080002ba                Vector58
                0x080002ba                VectorCC
                0x080002ba                Vector54
                0x080002ba                Vector98
                0x080002ba                Vector138
                0x080002ba                Vector24
                0x080002ba                Vector1AC
                0x080002ba                Vector178
                0x080002ba                Vector1A4
                0x080002ba                VectorD0
                0x080002ba                Vector1B4
                0x080002ba                Vector140
                0x080002ba                VectorE4
                0x080002ba                VectorC0
                0x080002ba                Vector1C0
                0x080002ba                Vector134
                0x080002ba                Vector1D0
                0x080002ba                VectorF0
                0x080002ba                Vector13C
                0x080002ba                Vector100
                0x080002ba                VectorE0
                0x080002ba                VectorF4
                0x080002ba                MemManage_Handler
                0x080002ba                VectorA0
                0x080002ba                VectorC4
                0x080002ba                Vector180
                0x080002ba                Vector90
                0x080002ba                Vector114
                0x080002ba                Vector164
                0x080002ba                Vector60
                0x080002ba                Vector1C
                0x080002ba                Vector1BC
                0x080002ba                Vector1D4
                0x080002ba                Vector17C
                0x080002ba                Vector48
                0x080002ba                Vector1A8
                0x080002ba                Vector16C
                0x080002ba                VectorD4
                0x080002ba                Vector4C
                0x080002ba                Vector144
                0x080002ba                Vector15C
                0x080002ba                Vector68
                0x080002ba                Vector18C
                0x080002ba                Vector170
                0x080002ba                Vector104
                0x080002ba                Vector184
                0x080002ba                Vector10C
                0x080002ba                Vector14C
                0x080002ba                BusFault_Handler
                0x080002ba                Vector50
                0x080002ba                Vector1C8
                0x080002ba                Vector194
                0x080002ba                Vector1DC
                0x080002ba                Vector44
                0x080002ba                Vector28
                0x080002ba                VectorB8
                0x080002ba                Vector34
                0x080002ba                VectorA4
                0x080002ba                Vector20
                0x080002ba                Vector174
                0x080002be                _unhandled_exception
 .text          0x080002c0       0x28 ./build/obj/chcoreasm_v7m.o
                0x080002c0                _port_switch
                0x080002d0                _port_thread_start
                0x080002e0                _port_switch_from_isr
                0x080002e4                _port_exit_from_isr
 .text          0x080002e8      0x378 c:/chibistudio/tools/gnu tools arm embedded/7.0 2017q4/bin/../lib/gcc/arm-none-eabi/7.2.1/thumb/v7e-m\libgcc.a(_arm_addsubdf3.o)
                0x080002e8                __aeabi_drsub
                0x080002f0                __aeabi_dsub
                0x080002f0                __subdf3
                0x080002f4                __aeabi_dadd
                0x080002f4                __adddf3
                0x0800056c                __floatunsidf
                0x0800056c                __aeabi_ui2d
                0x0800058c                __floatsidf
                0x0800058c                __aeabi_i2d
                0x080005b0                __aeabi_f2d
                0x080005b0                __extendsfdf2
                0x080005f4                __floatundidf
                0x080005f4                __aeabi_ul2d
                0x08000604                __floatdidf
                0x08000604                __aeabi_l2d
 .text          0x08000660      0x424 c:/chibistudio/tools/gnu tools arm embedded/7.0 2017q4/bin/../lib/gcc/arm-none-eabi/7.2.1/thumb/v7e-m\libgcc.a(_arm_muldivdf3.o)
                0x08000660                __aeabi_dmul
                0x08000660                __muldf3
                0x080008b4                __divdf3
                0x080008b4                __aeabi_ddiv
 .text          0x08000a84       0x50 c:/chibistudio/tools/gnu tools arm embedded/7.0 2017q4/bin/../lib/gcc/arm-none-eabi/7.2.1/thumb/v7e-m\libgcc.a(_arm_fixdfsi.o)
                0x08000a84                __aeabi_d2iz
                0x08000a84                __fixdfsi
 .text          0x08000ad4       0xa0 c:/chibistudio/tools/gnu tools arm embedded/7.0 2017q4/bin/../lib/gcc/arm-none-eabi/7.2.1/thumb/v7e-m\libgcc.a(_arm_truncdfsf2.o)
                0x08000ad4                __truncdfsf2
                0x08000ad4                __aeabi_d2f
 .text          0x08000b74      0x21c c:/chibistudio/tools/gnu tools arm embedded/7.0 2017q4/bin/../lib/gcc/arm-none-eabi/7.2.1/thumb/v7e-m\libgcc.a(_arm_addsubsf3.o)
                0x08000b74                __aeabi_frsub
                0x08000b7c                __subsf3
                0x08000b7c                __aeabi_fsub
                0x08000b80                __aeabi_fadd
                0x08000b80                __addsf3
                0x08000ce0                __aeabi_ui2f
                0x08000ce0                __floatunsisf
                0x08000ce8                __aeabi_i2f
                0x08000ce8                __floatsisf
                0x08000d04                __aeabi_ul2f
                0x08000d04                __floatundisf
                0x08000d14                __aeabi_l2f
                0x08000d14                __floatdisf
 .text          0x08000d90       0xec c:/chibistudio/tools/gnu tools arm embedded/7.0 2017q4/bin/../lib/gcc/arm-none-eabi/7.2.1/thumb/v7e-m\libgcc.a(_arm_cmpsf2.o)
                0x08000d90                __gesf2
                0x08000d90                __gtsf2
                0x08000d98                __lesf2
                0x08000d98                __ltsf2
                0x08000da0                __nesf2
                0x08000da0                __eqsf2
                0x08000da0                __cmpsf2
                0x08000e00                __aeabi_cfrcmple
                0x08000e08                __aeabi_cfcmpeq
                0x08000e08                __aeabi_cfcmple
                0x08000e18                __aeabi_fcmpeq
                0x08000e2c                __aeabi_fcmplt
                0x08000e40                __aeabi_fcmple
                0x08000e54                __aeabi_fcmpge
                0x08000e68                __aeabi_fcmpgt
 .text          0x08000e7c       0x4c c:/chibistudio/tools/gnu tools arm embedded/7.0 2017q4/bin/../lib/gcc/arm-none-eabi/7.2.1/thumb/v7e-m\libgcc.a(_arm_fixsfsi.o)
                0x08000e7c                __aeabi_f2iz
                0x08000e7c                __fixsfsi
 .text          0x08000ec8      0x134 c:/chibistudio/tools/gnu tools arm embedded/7.0 2017q4/bin/../lib/gcc/arm-none-eabi/7.2.1/../../../../arm-none-eabi/lib/thumb/v7e-m\libg.a(lib_a-memcpy.o)
                0x08000ec8                memcpy
 *fill*         0x08000ffc        0x4 
 .text          0x08001000      0x2dc c:/chibistudio/tools/gnu tools arm embedded/7.0 2017q4/bin/../lib/gcc/arm-none-eabi/7.2.1/../../../../arm-none-eabi/lib/thumb/v7e-m\libg.a(lib_a-strcmp.o)
                0x08001008                strcmp
 *(.text.*)
 *fill*         0x080012dc        0x4 
 .text.chTMStartMeasurementX.constprop.71
                0x080012e0        0xc C:\Users\Pasquale\AppData\Local\Temp\ccrsDHYl.ltrans0.ltrans.o
 *fill*         0x080012ec        0x4 
 .text.chMtxTryLock.constprop.63
                0x080012f0       0x34 C:\Users\Pasquale\AppData\Local\Temp\ccrsDHYl.ltrans0.ltrans.o
 *fill*         0x08001324        0xc 
 .text.chEvtGetAndClearEvents.constprop.53
                0x08001330       0x1c C:\Users\Pasquale\AppData\Local\Temp\ccrsDHYl.ltrans0.ltrans.o
 *fill*         0x0800134c        0x4 
 .text._test_assert_time_window.constprop.1
                0x08001350       0x34 C:\Users\Pasquale\AppData\Local\Temp\ccrsDHYl.ltrans0.ltrans.o
 *fill*         0x08001384        0xc 
 .text.chCoreAllocAlignedWithOffset
                0x08001390       0x44 C:\Users\Pasquale\AppData\Local\Temp\ccrsDHYl.ltrans0.ltrans.o
 *fill*         0x080013d4        0xc 
 .text.notify2  0x080013e0       0x10 C:\Users\Pasquale\AppData\Local\Temp\ccrsDHYl.ltrans0.ltrans.o
 .text.oslib_test_004_001_setup
                0x080013f0       0x38 C:\Users\Pasquale\AppData\Local\Temp\ccrsDHYl.ltrans0.ltrans.o
 *fill*         0x08001428        0x8 
 .text.oslib_test_003_003_setup
                0x08001430       0x1c C:\Users\Pasquale\AppData\Local\Temp\ccrsDHYl.ltrans0.ltrans.o
 *fill*         0x0800144c        0x4 
 .text.oslib_test_003_002_setup
                0x08001450        0x4 C:\Users\Pasquale\AppData\Local\Temp\ccrsDHYl.ltrans0.ltrans.o
 *fill*         0x08001454        0xc 
 .text.null_provider
                0x08001460        0x4 C:\Users\Pasquale\AppData\Local\Temp\ccrsDHYl.ltrans0.ltrans.o
 *fill*         0x08001464        0xc 
 .text.oslib_test_003_001_setup
                0x08001470       0x14 C:\Users\Pasquale\AppData\Local\Temp\ccrsDHYl.ltrans0.ltrans.o
 *fill*         0x08001484        0xc 
 .text.oslib_test_002_002_setup
                0x08001490       0x48 C:\Users\Pasquale\AppData\Local\Temp\ccrsDHYl.ltrans0.ltrans.o
 *fill*         0x080014d8        0x8 
 .text.oslib_test_002_001_setup
                0x080014e0       0x48 C:\Users\Pasquale\AppData\Local\Temp\ccrsDHYl.ltrans0.ltrans.o
 *fill*         0x08001528        0x8 
 .text.oslib_test_001_003_setup
                0x08001530       0x34 C:\Users\Pasquale\AppData\Local\Temp\ccrsDHYl.ltrans0.ltrans.o
 *fill*         0x08001564        0xc 
 .text.oslib_test_001_002_setup
                0x08001570        0x4 C:\Users\Pasquale\AppData\Local\Temp\ccrsDHYl.ltrans0.ltrans.o
 *fill*         0x08001574        0xc 
 .text.oslib_test_001_001_setup
                0x08001580        0x4 C:\Users\Pasquale\AppData\Local\Temp\ccrsDHYl.ltrans0.ltrans.o
 *fill*         0x08001584        0xc 
 .text.rt_test_010_011_setup
                0x08001590       0x10 C:\Users\Pasquale\AppData\Local\Temp\ccrsDHYl.ltrans0.ltrans.o
 .text.rt_test_010_010_setup
                0x080015a0       0x10 C:\Users\Pasquale\AppData\Local\Temp\ccrsDHYl.ltrans0.ltrans.o
 .text.tmo      0x080015b0        0x4 C:\Users\Pasquale\AppData\Local\Temp\ccrsDHYl.ltrans0.ltrans.o
 *fill*         0x080015b4        0xc 
 .text.rt_test_010_007_setup
                0x080015c0       0x10 C:\Users\Pasquale\AppData\Local\Temp\ccrsDHYl.ltrans0.ltrans.o
 .text.rt_test_009_002_setup
                0x080015d0       0x18 C:\Users\Pasquale\AppData\Local\Temp\ccrsDHYl.ltrans0.ltrans.o
 *fill*         0x080015e8        0x8 
 .text.rt_test_009_001_setup
                0x080015f0       0x38 C:\Users\Pasquale\AppData\Local\Temp\ccrsDHYl.ltrans0.ltrans.o
 *fill*         0x08001628        0x8 
 .text.rt_test_008_007_setup
                0x08001630       0x18 C:\Users\Pasquale\AppData\Local\Temp\ccrsDHYl.ltrans0.ltrans.o
 *fill*         0x08001648        0x8 
 .text.rt_test_008_006_setup
                0x08001650        0x4 C:\Users\Pasquale\AppData\Local\Temp\ccrsDHYl.ltrans0.ltrans.o
 *fill*         0x08001654        0xc 
 .text.rt_test_008_005_setup
                0x08001660        0x4 C:\Users\Pasquale\AppData\Local\Temp\ccrsDHYl.ltrans0.ltrans.o
 *fill*         0x08001664        0xc 
 .text.rt_test_008_004_setup
                0x08001670        0x4 C:\Users\Pasquale\AppData\Local\Temp\ccrsDHYl.ltrans0.ltrans.o
 *fill*         0x08001674        0xc 
 .text.rt_test_008_003_setup
                0x08001680        0x4 C:\Users\Pasquale\AppData\Local\Temp\ccrsDHYl.ltrans0.ltrans.o
 *fill*         0x08001684        0xc 
 .text.rt_test_008_002_setup
                0x08001690        0x4 C:\Users\Pasquale\AppData\Local\Temp\ccrsDHYl.ltrans0.ltrans.o
 *fill*         0x08001694        0xc 
 .text.rt_test_006_009_setup
                0x080016a0       0x28 C:\Users\Pasquale\AppData\Local\Temp\ccrsDHYl.ltrans0.ltrans.o
 *fill*         0x080016c8        0x8 
 .text.rt_test_006_008_setup
                0x080016d0       0x1c C:\Users\Pasquale\AppData\Local\Temp\ccrsDHYl.ltrans0.ltrans.o
 *fill*         0x080016ec        0x4 
 .text.rt_test_006_007_setup
                0x080016f0        0x4 C:\Users\Pasquale\AppData\Local\Temp\ccrsDHYl.ltrans0.ltrans.o
 *fill*         0x080016f4        0xc 
 .text.rt_test_006_005_setup
                0x08001700       0x10 C:\Users\Pasquale\AppData\Local\Temp\ccrsDHYl.ltrans0.ltrans.o
 .text.rt_test_006_004_setup
                0x08001710       0x1c C:\Users\Pasquale\AppData\Local\Temp\ccrsDHYl.ltrans0.ltrans.o
 *fill*         0x0800172c        0x4 
 .text.rt_test_006_001_setup
                0x08001730        0x4 C:\Users\Pasquale\AppData\Local\Temp\ccrsDHYl.ltrans0.ltrans.o
 *fill*         0x08001734        0xc 
 .text.rt_test_005_005_setup
                0x08001740       0x10 C:\Users\Pasquale\AppData\Local\Temp\ccrsDHYl.ltrans0.ltrans.o
 .text.rt_test_005_004_setup
                0x08001750        0x4 C:\Users\Pasquale\AppData\Local\Temp\ccrsDHYl.ltrans0.ltrans.o
 *fill*         0x08001754        0xc 
 .text.rt_test_005_003_setup
                0x08001760        0x4 C:\Users\Pasquale\AppData\Local\Temp\ccrsDHYl.ltrans0.ltrans.o
 *fill*         0x08001764        0xc 
 .text.rt_test_005_002_setup
                0x08001770        0x4 C:\Users\Pasquale\AppData\Local\Temp\ccrsDHYl.ltrans0.ltrans.o
 *fill*         0x08001774        0xc 
 .text.rt_test_005_001_setup
                0x08001780       0x10 C:\Users\Pasquale\AppData\Local\Temp\ccrsDHYl.ltrans0.ltrans.o
 .text.rt_test_004_001_setup
                0x08001790        0xc C:\Users\Pasquale\AppData\Local\Temp\ccrsDHYl.ltrans0.ltrans.o
 *fill*         0x0800179c        0x4 
 .text._test_assert
                0x080017a0       0x28 C:\Users\Pasquale\AppData\Local\Temp\ccrsDHYl.ltrans0.ltrans.o
 *fill*         0x080017c8        0x8 
 .text.rt_test_002_004_execute
                0x080017d0       0x18 C:\Users\Pasquale\AppData\Local\Temp\ccrsDHYl.ltrans0.ltrans.o
 *fill*         0x080017e8        0x8 
 .text.rt_test_002_003_execute
                0x080017f0       0x24 C:\Users\Pasquale\AppData\Local\Temp\ccrsDHYl.ltrans0.ltrans.o
 *fill*         0x08001814        0xc 
 .text.test_terminate_threads
                0x08001820       0x34 C:\Users\Pasquale\AppData\Local\Temp\ccrsDHYl.ltrans0.ltrans.o
 *fill*         0x08001854        0xc 
 .text.test_printn.part.0
                0x08001860       0x58 C:\Users\Pasquale\AppData\Local\Temp\ccrsDHYl.ltrans0.ltrans.o
 *fill*         0x080018b8        0x8 
 .text.test_printn
                0x080018c0       0x18 C:\Users\Pasquale\AppData\Local\Temp\ccrsDHYl.ltrans0.ltrans.o
 *fill*         0x080018d8        0x8 
 .text.test_emit_token
                0x080018e0       0x28 C:\Users\Pasquale\AppData\Local\Temp\ccrsDHYl.ltrans0.ltrans.o
 *fill*         0x08001908        0x8 
 .text.h3       0x08001910        0x8 C:\Users\Pasquale\AppData\Local\Temp\ccrsDHYl.ltrans0.ltrans.o
 *fill*         0x08001918        0x8 
 .text.h2       0x08001920        0x8 C:\Users\Pasquale\AppData\Local\Temp\ccrsDHYl.ltrans0.ltrans.o
 *fill*         0x08001928        0x8 
 .text.h1       0x08001930        0x8 C:\Users\Pasquale\AppData\Local\Temp\ccrsDHYl.ltrans0.ltrans.o
 *fill*         0x08001938        0x8 
 .text.thread   0x08001940        0x8 C:\Users\Pasquale\AppData\Local\Temp\ccrsDHYl.ltrans0.ltrans.o
 *fill*         0x08001948        0x8 
 .text.dyn_thread1
                0x08001950        0x4 C:\Users\Pasquale\AppData\Local\Temp\ccrsDHYl.ltrans0.ltrans.o
 *fill*         0x08001954        0xc 
 .text.test_println
                0x08001960       0x38 C:\Users\Pasquale\AppData\Local\Temp\ccrsDHYl.ltrans0.ltrans.o
 *fill*         0x08001998        0x8 
 .text.test_print
                0x080019a0       0x24 C:\Users\Pasquale\AppData\Local\Temp\ccrsDHYl.ltrans0.ltrans.o
 *fill*         0x080019c4        0xc 
 .text._test_assert_sequence
                0x080019d0       0x4c C:\Users\Pasquale\AppData\Local\Temp\ccrsDHYl.ltrans0.ltrans.o
 *fill*         0x08001a1c        0x4 
 .text.rt_test_008_002_execute
                0x08001a20       0x50 C:\Users\Pasquale\AppData\Local\Temp\ccrsDHYl.ltrans0.ltrans.o
 .text.print_line
                0x08001a70       0x2c C:\Users\Pasquale\AppData\Local\Temp\ccrsDHYl.ltrans0.ltrans.o
 *fill*         0x08001a9c        0x4 
 .text._port_irq_epilogue
                0x08001aa0       0x54 C:\Users\Pasquale\AppData\Local\Temp\ccrsDHYl.ltrans0.ltrans.o
 *fill*         0x08001af4        0xc 
 .text.chCoreAllocAlignedI
                0x08001b00       0x34 C:\Users\Pasquale\AppData\Local\Temp\ccrsDHYl.ltrans0.ltrans.o
 *fill*         0x08001b34        0xc 
 .text.chPoolAlloc
                0x08001b40       0x30 C:\Users\Pasquale\AppData\Local\Temp\ccrsDHYl.ltrans0.ltrans.o
 .text.oslib_test_003_001_execute
                0x08001b70      0x10c C:\Users\Pasquale\AppData\Local\Temp\ccrsDHYl.ltrans0.ltrans.o
 *fill*         0x08001c7c        0x4 
 .text.chEvtAddEvents
                0x08001c80       0x1c C:\Users\Pasquale\AppData\Local\Temp\ccrsDHYl.ltrans0.ltrans.o
 *fill*         0x08001c9c        0x4 
 .text.chEvtUnregister
                0x08001ca0       0x2c C:\Users\Pasquale\AppData\Local\Temp\ccrsDHYl.ltrans0.ltrans.o
 *fill*         0x08001ccc        0x4 
 .text.rt_test_008_001_execute
                0x08001cd0       0xf4 C:\Users\Pasquale\AppData\Local\Temp\ccrsDHYl.ltrans0.ltrans.o
 *fill*         0x08001dc4        0xc 
 .text.chTMStopMeasurementX
                0x08001dd0       0x44 C:\Users\Pasquale\AppData\Local\Temp\ccrsDHYl.ltrans0.ltrans.o
 *fill*         0x08001e14        0xc 
 .text.chThdCreateSuspendedI
                0x08001e20       0x78 C:\Users\Pasquale\AppData\Local\Temp\ccrsDHYl.ltrans0.ltrans.o
 *fill*         0x08001e98        0x8 
 .text.wakeup   0x08001ea0       0x70 C:\Users\Pasquale\AppData\Local\Temp\ccrsDHYl.ltrans0.ltrans.o
 .text.chSchReadyI
                0x08001f10       0x28 C:\Users\Pasquale\AppData\Local\Temp\ccrsDHYl.ltrans0.ltrans.o
 *fill*         0x08001f38        0x8 
 .text.chThdDequeueNextI.constprop.90
                0x08001f40       0x18 C:\Users\Pasquale\AppData\Local\Temp\ccrsDHYl.ltrans0.ltrans.o
 *fill*         0x08001f58        0x8 
 .text.chMBPostI.constprop.37
                0x08001f60       0x48 C:\Users\Pasquale\AppData\Local\Temp\ccrsDHYl.ltrans0.ltrans.o
 *fill*         0x08001fa8        0x8 
 .text.chMBPostAheadI.constprop.34
                0x08001fb0       0x48 C:\Users\Pasquale\AppData\Local\Temp\ccrsDHYl.ltrans0.ltrans.o
 *fill*         0x08001ff8        0x8 
 .text.chMBFetchI.constprop.31
                0x08002000       0x48 C:\Users\Pasquale\AppData\Local\Temp\ccrsDHYl.ltrans0.ltrans.o
 *fill*         0x08002048        0x8 
 .text.chThdDequeueAllI.constprop.69
                0x08002050       0x24 C:\Users\Pasquale\AppData\Local\Temp\ccrsDHYl.ltrans0.ltrans.o
 *fill*         0x08002074        0xc 
 .text.chCondSignalI.constprop.60
                0x08002080       0x24 C:\Users\Pasquale\AppData\Local\Temp\ccrsDHYl.ltrans0.ltrans.o
 *fill*         0x080020a4        0xc 
 .text.chEvtSignalI
                0x080020b0       0x2c C:\Users\Pasquale\AppData\Local\Temp\ccrsDHYl.ltrans0.ltrans.o
 *fill*         0x080020dc        0x4 
 .text.chEvtBroadcastFlagsI
                0x080020e0       0x2c C:\Users\Pasquale\AppData\Local\Temp\ccrsDHYl.ltrans0.ltrans.o
 *fill*         0x0800210c        0x4 
 .text.chMtxUnlockS
                0x08002110       0x50 C:\Users\Pasquale\AppData\Local\Temp\ccrsDHYl.ltrans0.ltrans.o
 .text.chSemSignalI
                0x08002160       0x20 C:\Users\Pasquale\AppData\Local\Temp\ccrsDHYl.ltrans0.ltrans.o
 .text.chThdResumeI
                0x08002180       0x14 C:\Users\Pasquale\AppData\Local\Temp\ccrsDHYl.ltrans0.ltrans.o
 *fill*         0x08002194        0xc 
 .text.chVTDoResetI
                0x080021a0       0x74 C:\Users\Pasquale\AppData\Local\Temp\ccrsDHYl.ltrans0.ltrans.o
 *fill*         0x08002214        0xc 
 .text.chVTDoSetI
                0x08002220       0x84 C:\Users\Pasquale\AppData\Local\Temp\ccrsDHYl.ltrans0.ltrans.o
 *fill*         0x080022a4        0xc 
 .text.chSysGetStatusAndLockX.part.1
                0x080022b0        0xc C:\Users\Pasquale\AppData\Local\Temp\ccrsDHYl.ltrans0.ltrans.o
 *fill*         0x080022bc        0x4 
 .text.chSysIntegrityCheckI
                0x080022c0       0xb0 C:\Users\Pasquale\AppData\Local\Temp\ccrsDHYl.ltrans0.ltrans.o
 .text.rt_test_002_001_execute
                0x08002370       0xa8 C:\Users\Pasquale\AppData\Local\Temp\ccrsDHYl.ltrans0.ltrans.o
 *fill*         0x08002418        0x8 
 .text._idle_thread
                0x08002420        0x4 C:\Users\Pasquale\AppData\Local\Temp\ccrsDHYl.ltrans0.ltrans.o
 *fill*         0x08002424        0xc 
 .text._pal_lld_setgroupmode
                0x08002430       0xa0 C:\Users\Pasquale\AppData\Local\Temp\ccrsDHYl.ltrans0.ltrans.o
 .text.adc_lld_stop_conversion
                0x080024d0       0x34 C:\Users\Pasquale\AppData\Local\Temp\ccrsDHYl.ltrans0.ltrans.o
 *fill*         0x08002504        0xc 
 .text.adc_lld_serve_rx_interrupt
                0x08002510       0xc0 C:\Users\Pasquale\AppData\Local\Temp\ccrsDHYl.ltrans0.ltrans.o
 .text._ctl     0x080025d0        0x4 C:\Users\Pasquale\AppData\Local\Temp\ccrsDHYl.ltrans0.ltrans.o
 *fill*         0x080025d4        0xc 
 .text.rt_test_010_012_execute
                0x080025e0       0xfc C:\Users\Pasquale\AppData\Local\Temp\ccrsDHYl.ltrans0.ltrans.o
 *fill*         0x080026dc        0x4 
 .text.rt_test_001_003_execute
                0x080026e0      0x3e0 C:\Users\Pasquale\AppData\Local\Temp\ccrsDHYl.ltrans0.ltrans.o
 .text.rt_test_001_002_execute
                0x08002ac0       0x8c C:\Users\Pasquale\AppData\Local\Temp\ccrsDHYl.ltrans0.ltrans.o
 *fill*         0x08002b4c        0x4 
 .text.rt_test_001_001_execute
                0x08002b50       0xa8 C:\Users\Pasquale\AppData\Local\Temp\ccrsDHYl.ltrans0.ltrans.o
 *fill*         0x08002bf8        0x8 
 .text.parse_arguments
                0x08002c00       0x54 C:\Users\Pasquale\AppData\Local\Temp\ccrsDHYl.ltrans0.ltrans.o
 *fill*         0x08002c54        0xc 
 .text.chprintf
                0x08002c60      0x57c C:\Users\Pasquale\AppData\Local\Temp\ccrsDHYl.ltrans0.ltrans.o
 *fill*         0x080031dc        0x4 
 .text.cmd_test.lto_priv.100
                0x080031e0      0x148 C:\Users\Pasquale\AppData\Local\Temp\ccrsDHYl.ltrans0.ltrans.o
 *fill*         0x08003328        0x8 
 .text.cmd_write
                0x08003330       0x4c C:\Users\Pasquale\AppData\Local\Temp\ccrsDHYl.ltrans0.ltrans.o
 *fill*         0x0800337c        0x4 
 .text.cmd_systime
                0x08003380       0x30 C:\Users\Pasquale\AppData\Local\Temp\ccrsDHYl.ltrans0.ltrans.o
 .text.cmd_echo
                0x080033b0       0x20 C:\Users\Pasquale\AppData\Local\Temp\ccrsDHYl.ltrans0.ltrans.o
 .text.cmd_info
                0x080033d0       0xbc C:\Users\Pasquale\AppData\Local\Temp\ccrsDHYl.ltrans0.ltrans.o
 *fill*         0x0800348c        0x4 
 .text.dyn_find_object
                0x08003490       0x34 C:\Users\Pasquale\AppData\Local\Temp\ccrsDHYl.ltrans0.ltrans.o
 *fill*         0x080034c4        0xc 
 .text.dyn_create_object_pool
                0x080034d0       0x50 C:\Users\Pasquale\AppData\Local\Temp\ccrsDHYl.ltrans0.ltrans.o
 .text.chThdYield
                0x08003520       0x58 C:\Users\Pasquale\AppData\Local\Temp\ccrsDHYl.ltrans0.ltrans.o
 *fill*         0x08003578        0x8 
 .text.bmk_thread8
                0x08003580       0x2c C:\Users\Pasquale\AppData\Local\Temp\ccrsDHYl.ltrans0.ltrans.o
 *fill*         0x080035ac        0x4 
 .text.chSchWakeupS
                0x080035b0       0x60 C:\Users\Pasquale\AppData\Local\Temp\ccrsDHYl.ltrans0.ltrans.o
 .text.chCondSignal.constprop.61
                0x08003610       0x28 C:\Users\Pasquale\AppData\Local\Temp\ccrsDHYl.ltrans0.ltrans.o
 *fill*         0x08003638        0x8 
 .text.chThdCreateFromMemoryPool.constprop.42
                0x08003640       0x5c C:\Users\Pasquale\AppData\Local\Temp\ccrsDHYl.ltrans0.ltrans.o
 *fill*         0x0800369c        0x4 
 .text.chSemSignal
                0x080036a0       0x34 C:\Users\Pasquale\AppData\Local\Temp\ccrsDHYl.ltrans0.ltrans.o
 *fill*         0x080036d4        0xc 
 .text.chThdCreateStatic
                0x080036e0       0x74 C:\Users\Pasquale\AppData\Local\Temp\ccrsDHYl.ltrans0.ltrans.o
 *fill*         0x08003754        0xc 
 .text.cmd_semaforo
                0x08003760       0x78 C:\Users\Pasquale\AppData\Local\Temp\ccrsDHYl.ltrans0.ltrans.o
 *fill*         0x080037d8        0x8 
 .text.chSchGoSleepS
                0x080037e0       0x28 C:\Users\Pasquale\AppData\Local\Temp\ccrsDHYl.ltrans0.ltrans.o
 *fill*         0x08003808        0x8 
 .text.chEvtWaitOne.constprop.49
                0x08003810       0x34 C:\Users\Pasquale\AppData\Local\Temp\ccrsDHYl.ltrans0.ltrans.o
 *fill*         0x08003844        0xc 
 .text.chEvtWaitAny.constprop.48
                0x08003850       0x2c C:\Users\Pasquale\AppData\Local\Temp\ccrsDHYl.ltrans0.ltrans.o
 *fill*         0x0800387c        0x4 
 .text.chEvtWaitAll.constprop.47
                0x08003880       0x38 C:\Users\Pasquale\AppData\Local\Temp\ccrsDHYl.ltrans0.ltrans.o
 *fill*         0x080038b8        0x8 
 .text.chSchGoSleepTimeoutS
                0x080038c0       0x44 C:\Users\Pasquale\AppData\Local\Temp\ccrsDHYl.ltrans0.ltrans.o
 *fill*         0x08003904        0xc 
 .text.chSemWaitTimeout.constprop.68
                0x08003910       0x50 C:\Users\Pasquale\AppData\Local\Temp\ccrsDHYl.ltrans0.ltrans.o
 .text.chGuardedPoolAllocTimeout.constprop.26
                0x08003960       0x68 C:\Users\Pasquale\AppData\Local\Temp\ccrsDHYl.ltrans0.ltrans.o
 *fill*         0x080039c8        0x8 
 .text.oslib_test_003_003_execute
                0x080039d0       0x28 C:\Users\Pasquale\AppData\Local\Temp\ccrsDHYl.ltrans0.ltrans.o
 *fill*         0x080039f8        0x8 
 .text.rt_test_008_006_execute
                0x08003a00      0x16c C:\Users\Pasquale\AppData\Local\Temp\ccrsDHYl.ltrans0.ltrans.o
 *fill*         0x08003b6c        0x4 
 .text.chThdEnqueueTimeoutS
                0x08003b70       0x28 C:\Users\Pasquale\AppData\Local\Temp\ccrsDHYl.ltrans0.ltrans.o
 *fill*         0x08003b98        0x8 
 .text.oqWriteTimeout
                0x08003ba0       0xcc C:\Users\Pasquale\AppData\Local\Temp\ccrsDHYl.ltrans0.ltrans.o
 *fill*         0x08003c6c        0x4 
 .text._writet  0x08003c70        0x8 C:\Users\Pasquale\AppData\Local\Temp\ccrsDHYl.ltrans0.ltrans.o
 *fill*         0x08003c78        0x8 
 .text._write   0x08003c80        0xc C:\Users\Pasquale\AppData\Local\Temp\ccrsDHYl.ltrans0.ltrans.o
 *fill*         0x08003c8c        0x4 
 .text.oqPutTimeout
                0x08003c90       0x50 C:\Users\Pasquale\AppData\Local\Temp\ccrsDHYl.ltrans0.ltrans.o
 .text._putt    0x08003ce0        0x8 C:\Users\Pasquale\AppData\Local\Temp\ccrsDHYl.ltrans0.ltrans.o
 *fill*         0x08003ce8        0x8 
 .text._put     0x08003cf0        0xc C:\Users\Pasquale\AppData\Local\Temp\ccrsDHYl.ltrans0.ltrans.o
 *fill*         0x08003cfc        0x4 
 .text.iqReadTimeout
                0x08003d00       0xcc C:\Users\Pasquale\AppData\Local\Temp\ccrsDHYl.ltrans0.ltrans.o
 *fill*         0x08003dcc        0x4 
 .text._readt   0x08003dd0        0x8 C:\Users\Pasquale\AppData\Local\Temp\ccrsDHYl.ltrans0.ltrans.o
 *fill*         0x08003dd8        0x8 
 .text._read    0x08003de0        0xc C:\Users\Pasquale\AppData\Local\Temp\ccrsDHYl.ltrans0.ltrans.o
 *fill*         0x08003dec        0x4 
 .text.iqGetTimeout
                0x08003df0       0x54 C:\Users\Pasquale\AppData\Local\Temp\ccrsDHYl.ltrans0.ltrans.o
 *fill*         0x08003e44        0xc 
 .text._gett    0x08003e50        0x8 C:\Users\Pasquale\AppData\Local\Temp\ccrsDHYl.ltrans0.ltrans.o
 *fill*         0x08003e58        0x8 
 .text._get     0x08003e60        0xc C:\Users\Pasquale\AppData\Local\Temp\ccrsDHYl.ltrans0.ltrans.o
 *fill*         0x08003e6c        0x4 
 .text.chThdSleep
                0x08003e70       0x18 C:\Users\Pasquale\AppData\Local\Temp\ccrsDHYl.ltrans0.ltrans.o
 *fill*         0x08003e88        0x8 
 .text.Thd1     0x08003e90       0x2c C:\Users\Pasquale\AppData\Local\Temp\ccrsDHYl.ltrans0.ltrans.o
 *fill*         0x08003ebc        0x4 
 .text.rt_test_003_001_execute
                0x08003ec0       0xb4 C:\Users\Pasquale\AppData\Local\Temp\ccrsDHYl.ltrans0.ltrans.o
 *fill*         0x08003f74        0xc 
 .text.test_wait_tick
                0x08003f80       0x1c C:\Users\Pasquale\AppData\Local\Temp\ccrsDHYl.ltrans0.ltrans.o
 *fill*         0x08003f9c        0x4 
 .text.rt_test_010_009_execute
                0x08003fa0       0x9c C:\Users\Pasquale\AppData\Local\Temp\ccrsDHYl.ltrans0.ltrans.o
 *fill*         0x0800403c        0x4 
 .text.test_execute
                0x08004040      0x348 C:\Users\Pasquale\AppData\Local\Temp\ccrsDHYl.ltrans0.ltrans.o
 *fill*         0x08004388        0x8 
 .text.test_rt  0x08004390        0xc C:\Users\Pasquale\AppData\Local\Temp\ccrsDHYl.ltrans0.ltrans.o
 *fill*         0x0800439c        0x4 
 .text.test_oslib
                0x080043a0        0xc C:\Users\Pasquale\AppData\Local\Temp\ccrsDHYl.ltrans0.ltrans.o
 *fill*         0x080043ac        0x4 
 .text.bmk_thread4
                0x080043b0       0x24 C:\Users\Pasquale\AppData\Local\Temp\ccrsDHYl.ltrans0.ltrans.o
 *fill*         0x080043d4        0xc 
 .text.chMsgWait
                0x080043e0       0x40 C:\Users\Pasquale\AppData\Local\Temp\ccrsDHYl.ltrans0.ltrans.o
 .text.bmk_thread1
                0x08004420       0x20 C:\Users\Pasquale\AppData\Local\Temp\ccrsDHYl.ltrans0.ltrans.o
 .text.chMsgSend
                0x08004440       0x40 C:\Users\Pasquale\AppData\Local\Temp\ccrsDHYl.ltrans0.ltrans.o
 .text.msg_loop_test
                0x08004480       0x3c C:\Users\Pasquale\AppData\Local\Temp\ccrsDHYl.ltrans0.ltrans.o
 *fill*         0x080044bc        0x4 
 .text.msg_thread1
                0x080044c0       0x28 C:\Users\Pasquale\AppData\Local\Temp\ccrsDHYl.ltrans0.ltrans.o
 *fill*         0x080044e8        0x8 
 .text.chMtxLockS
                0x080044f0       0xe4 C:\Users\Pasquale\AppData\Local\Temp\ccrsDHYl.ltrans0.ltrans.o
 *fill*         0x080045d4        0xc 
 .text.chMtxLock
                0x080045e0       0x14 C:\Users\Pasquale\AppData\Local\Temp\ccrsDHYl.ltrans0.ltrans.o
 *fill*         0x080045f4        0xc 
 .text.chSemWait
                0x08004600       0x44 C:\Users\Pasquale\AppData\Local\Temp\ccrsDHYl.ltrans0.ltrans.o
 *fill*         0x08004644        0xc 
 .text.rt_test_010_010_execute
                0x08004650       0x8c C:\Users\Pasquale\AppData\Local\Temp\ccrsDHYl.ltrans0.ltrans.o
 *fill*         0x080046dc        0x4 
 .text.bmk_thread7
                0x080046e0       0x2c C:\Users\Pasquale\AppData\Local\Temp\ccrsDHYl.ltrans0.ltrans.o
 *fill*         0x0800470c        0x4 
 .text.thread3  0x08004710       0x18 C:\Users\Pasquale\AppData\Local\Temp\ccrsDHYl.ltrans0.ltrans.o
 *fill*         0x08004728        0x8 
 .text.thread1.lto_priv.102
                0x08004730       0x18 C:\Users\Pasquale\AppData\Local\Temp\ccrsDHYl.ltrans0.ltrans.o
 *fill*         0x08004748        0x8 
 .text.chThdExitS
                0x08004750       0x48 C:\Users\Pasquale\AppData\Local\Temp\ccrsDHYl.ltrans0.ltrans.o
 *fill*         0x08004798        0x8 
 .text.shellThread
                0x080047a0      0x22c C:\Users\Pasquale\AppData\Local\Temp\ccrsDHYl.ltrans0.ltrans.o
 *fill*         0x080049cc        0x4 
 .text.cmd_exit
                0x080049d0       0x34 C:\Users\Pasquale\AppData\Local\Temp\ccrsDHYl.ltrans0.ltrans.o
 *fill*         0x08004a04        0xc 
 .text.SVC_Handler
                0x08004a10       0x14 C:\Users\Pasquale\AppData\Local\Temp\ccrsDHYl.ltrans0.ltrans.o
                0x08004a10                SVC_Handler
 *fill*         0x08004a24        0xc 
 .text.chThdExit
                0x08004a30        0xc C:\Users\Pasquale\AppData\Local\Temp\ccrsDHYl.ltrans0.ltrans.o
                0x08004a30                chThdExit
 *fill*         0x08004a3c        0x4 
 .text.Thd3     0x08004a40      0x214 C:\Users\Pasquale\AppData\Local\Temp\ccrsDHYl.ltrans0.ltrans.o
 *fill*         0x08004c54        0xc 
 .text.Thd2     0x08004c60       0x6c C:\Users\Pasquale\AppData\Local\Temp\ccrsDHYl.ltrans0.ltrans.o
 *fill*         0x08004ccc        0x4 
 .text.bmk_thread3
                0x08004cd0        0x4 C:\Users\Pasquale\AppData\Local\Temp\ccrsDHYl.ltrans0.ltrans.o
 *fill*         0x08004cd4        0xc 
 .text.chSchDoRescheduleAhead
                0x08004ce0       0x40 C:\Users\Pasquale\AppData\Local\Temp\ccrsDHYl.ltrans0.ltrans.o
                0x08004ce0                chSchDoReschedule
 .text.chSchRescheduleS
                0x08004d20       0x18 C:\Users\Pasquale\AppData\Local\Temp\ccrsDHYl.ltrans0.ltrans.o
 *fill*         0x08004d38        0x8 
 .text.chSemSignalWait.constprop.65
                0x08004d40       0x68 C:\Users\Pasquale\AppData\Local\Temp\ccrsDHYl.ltrans0.ltrans.o
 *fill*         0x08004da8        0x8 
 .text.rt_test_005_005_execute
                0x08004db0       0xa8 C:\Users\Pasquale\AppData\Local\Temp\ccrsDHYl.ltrans0.ltrans.o
 *fill*         0x08004e58        0x8 
 .text.chMBReset.constprop.40
                0x08004e60       0x38 C:\Users\Pasquale\AppData\Local\Temp\ccrsDHYl.ltrans0.ltrans.o
 *fill*         0x08004e98        0x8 
 .text.oslib_test_001_003_teardown
                0x08004ea0        0x4 C:\Users\Pasquale\AppData\Local\Temp\ccrsDHYl.ltrans0.ltrans.o
 *fill*         0x08004ea4        0xc 
 .text.oslib_test_001_002_teardown
                0x08004eb0        0x4 C:\Users\Pasquale\AppData\Local\Temp\ccrsDHYl.ltrans0.ltrans.o
 *fill*         0x08004eb4        0xc 
 .text.oslib_test_001_001_teardown
                0x08004ec0        0x4 C:\Users\Pasquale\AppData\Local\Temp\ccrsDHYl.ltrans0.ltrans.o
 *fill*         0x08004ec4        0xc 
 .text.chMBPostTimeout.constprop.38
                0x08004ed0       0x78 C:\Users\Pasquale\AppData\Local\Temp\ccrsDHYl.ltrans0.ltrans.o
 *fill*         0x08004f48        0x8 
 .text.chMBPostAheadTimeout.constprop.35
                0x08004f50       0x78 C:\Users\Pasquale\AppData\Local\Temp\ccrsDHYl.ltrans0.ltrans.o
 *fill*         0x08004fc8        0x8 
 .text.chMBFetchTimeout.constprop.32
                0x08004fd0       0x6c C:\Users\Pasquale\AppData\Local\Temp\ccrsDHYl.ltrans0.ltrans.o
 *fill*         0x0800503c        0x4 
 .text.oslib_test_001_003_execute
                0x08005040      0x110 C:\Users\Pasquale\AppData\Local\Temp\ccrsDHYl.ltrans0.ltrans.o
 .text.oslib_test_001_002_execute
                0x08005150      0x2f0 C:\Users\Pasquale\AppData\Local\Temp\ccrsDHYl.ltrans0.ltrans.o
 .text.oslib_test_001_001_execute
                0x08005440      0x30c C:\Users\Pasquale\AppData\Local\Temp\ccrsDHYl.ltrans0.ltrans.o
 *fill*         0x0800574c        0x4 
 .text.oslib_test_003_002_execute
                0x08005750      0x100 C:\Users\Pasquale\AppData\Local\Temp\ccrsDHYl.ltrans0.ltrans.o
 .text.evt_thread7
                0x08005850       0x40 C:\Users\Pasquale\AppData\Local\Temp\ccrsDHYl.ltrans0.ltrans.o
 .text.evt_thread3
                0x08005890       0x28 C:\Users\Pasquale\AppData\Local\Temp\ccrsDHYl.ltrans0.ltrans.o
 *fill*         0x080058b8        0x8 
 .text.thread4B
                0x080058c0       0x30 C:\Users\Pasquale\AppData\Local\Temp\ccrsDHYl.ltrans0.ltrans.o
 .text.thread2  0x080058f0       0x28 C:\Users\Pasquale\AppData\Local\Temp\ccrsDHYl.ltrans0.ltrans.o
 *fill*         0x08005918        0x8 
 .text.thread4  0x08005920       0x2c C:\Users\Pasquale\AppData\Local\Temp\ccrsDHYl.ltrans0.ltrans.o
 *fill*         0x0800594c        0x4 
 .text.thread1.lto_priv.101
                0x08005950       0x2c C:\Users\Pasquale\AppData\Local\Temp\ccrsDHYl.ltrans0.ltrans.o
 *fill*         0x0800597c        0x4 
 .text.chMtxUnlock
                0x08005980       0x64 C:\Users\Pasquale\AppData\Local\Temp\ccrsDHYl.ltrans0.ltrans.o
 *fill*         0x080059e4        0xc 
 .text.chHeapAllocAligned.constprop.43
                0x080059f0       0xe8 C:\Users\Pasquale\AppData\Local\Temp\ccrsDHYl.ltrans0.ltrans.o
 *fill*         0x08005ad8        0x8 
 .text.dyn_create_object_heap
                0x08005ae0       0x50 C:\Users\Pasquale\AppData\Local\Temp\ccrsDHYl.ltrans0.ltrans.o
 .text.chThdCreateFromHeap
                0x08005b30       0x4c C:\Users\Pasquale\AppData\Local\Temp\ccrsDHYl.ltrans0.ltrans.o
 *fill*         0x08005b7c        0x4 
 .text.chPipeWriteTimeout.constprop.19
                0x08005b80       0xf0 C:\Users\Pasquale\AppData\Local\Temp\ccrsDHYl.ltrans0.ltrans.o
 .text.chPipeReadTimeout.constprop.18
                0x08005c70       0xe8 C:\Users\Pasquale\AppData\Local\Temp\ccrsDHYl.ltrans0.ltrans.o
 *fill*         0x08005d58        0x8 
 .text.oslib_test_002_002_execute
                0x08005d60       0x9c C:\Users\Pasquale\AppData\Local\Temp\ccrsDHYl.ltrans0.ltrans.o
 *fill*         0x08005dfc        0x4 
 .text.chFactoryRegisterObject.constprop.16
                0x08005e00       0x30 C:\Users\Pasquale\AppData\Local\Temp\ccrsDHYl.ltrans0.ltrans.o
 .text.chFactoryFindObject.constprop.15
                0x08005e30       0x28 C:\Users\Pasquale\AppData\Local\Temp\ccrsDHYl.ltrans0.ltrans.o
 *fill*         0x08005e58        0x8 
 .text.chFactoryCreateBuffer.constprop.14
                0x08005e60       0x38 C:\Users\Pasquale\AppData\Local\Temp\ccrsDHYl.ltrans0.ltrans.o
 *fill*         0x08005e98        0x8 
 .text.chFactoryFindBuffer.constprop.13
                0x08005ea0       0x28 C:\Users\Pasquale\AppData\Local\Temp\ccrsDHYl.ltrans0.ltrans.o
 *fill*         0x08005ec8        0x8 
 .text.chFactoryCreateSemaphore.constprop.12
                0x08005ed0       0x38 C:\Users\Pasquale\AppData\Local\Temp\ccrsDHYl.ltrans0.ltrans.o
 *fill*         0x08005f08        0x8 
 .text.chFactoryFindSemaphore.constprop.11
                0x08005f10       0x28 C:\Users\Pasquale\AppData\Local\Temp\ccrsDHYl.ltrans0.ltrans.o
 *fill*         0x08005f38        0x8 
 .text.chFactoryCreateMailbox.constprop.10
                0x08005f40       0x54 C:\Users\Pasquale\AppData\Local\Temp\ccrsDHYl.ltrans0.ltrans.o
 *fill*         0x08005f94        0xc 
 .text.chFactoryFindMailbox.constprop.9
                0x08005fa0       0x28 C:\Users\Pasquale\AppData\Local\Temp\ccrsDHYl.ltrans0.ltrans.o
 *fill*         0x08005fc8        0x8 
 .text.chFactoryCreateObjectsFIFO.constprop.8
                0x08005fd0       0x9c C:\Users\Pasquale\AppData\Local\Temp\ccrsDHYl.ltrans0.ltrans.o
 *fill*         0x0800606c        0x4 
 .text.chFactoryFindObjectsFIFO.constprop.7
                0x08006070       0x28 C:\Users\Pasquale\AppData\Local\Temp\ccrsDHYl.ltrans0.ltrans.o
 *fill*         0x08006098        0x8 
 .text.chFactoryCreatePipe.constprop.6
                0x080060a0       0x64 C:\Users\Pasquale\AppData\Local\Temp\ccrsDHYl.ltrans0.ltrans.o
 *fill*         0x08006104        0xc 
 .text.chFactoryFindPipe.constprop.5
                0x08006110       0x28 C:\Users\Pasquale\AppData\Local\Temp\ccrsDHYl.ltrans0.ltrans.o
 *fill*         0x08006138        0x8 
 .text.oslib_test_002_001_execute
                0x08006140      0x49c C:\Users\Pasquale\AppData\Local\Temp\ccrsDHYl.ltrans0.ltrans.o
 *fill*         0x080065dc        0x4 
 .text.rt_test_010_011_execute
                0x080065e0       0x8c C:\Users\Pasquale\AppData\Local\Temp\ccrsDHYl.ltrans0.ltrans.o
 *fill*         0x0800666c        0x4 
 .text.thread8  0x08006670       0x84 C:\Users\Pasquale\AppData\Local\Temp\ccrsDHYl.ltrans0.ltrans.o
 *fill*         0x080066f4        0xc 
 .text.thread6  0x08006700       0x6c C:\Users\Pasquale\AppData\Local\Temp\ccrsDHYl.ltrans0.ltrans.o
 *fill*         0x0800676c        0x4 
 .text.thread9  0x08006770       0x20 C:\Users\Pasquale\AppData\Local\Temp\ccrsDHYl.ltrans0.ltrans.o
 .text.rt_test_006_005_execute
                0x08006790      0x160 C:\Users\Pasquale\AppData\Local\Temp\ccrsDHYl.ltrans0.ltrans.o
 .text.rt_test_006_004_execute
                0x080068f0      0x148 C:\Users\Pasquale\AppData\Local\Temp\ccrsDHYl.ltrans0.ltrans.o
 *fill*         0x08006a38        0x8 
 .text.thread4A
                0x08006a40       0x20 C:\Users\Pasquale\AppData\Local\Temp\ccrsDHYl.ltrans0.ltrans.o
 .text.thread1.lto_priv.103
                0x08006a60       0x20 C:\Users\Pasquale\AppData\Local\Temp\ccrsDHYl.ltrans0.ltrans.o
 .text.chFactoryReleaseSemaphore
                0x08006a80       0x64 C:\Users\Pasquale\AppData\Local\Temp\ccrsDHYl.ltrans0.ltrans.o
 *fill*         0x08006ae4        0xc 
 .text.oslib_test_005_003_execute
                0x08006af0      0x128 C:\Users\Pasquale\AppData\Local\Temp\ccrsDHYl.ltrans0.ltrans.o
 *fill*         0x08006c18        0x8 
 .text.oslib_test_005_003_teardown
                0x08006c20       0x1c C:\Users\Pasquale\AppData\Local\Temp\ccrsDHYl.ltrans0.ltrans.o
 *fill*         0x08006c3c        0x4 
 .text.chFactoryReleaseObject
                0x08006c40       0x64 C:\Users\Pasquale\AppData\Local\Temp\ccrsDHYl.ltrans0.ltrans.o
 *fill*         0x08006ca4        0xc 
 .text.oslib_test_005_001_execute
                0x08006cb0      0x174 C:\Users\Pasquale\AppData\Local\Temp\ccrsDHYl.ltrans0.ltrans.o
 *fill*         0x08006e24        0xc 
 .text.oslib_test_005_001_teardown
                0x08006e30       0x1c C:\Users\Pasquale\AppData\Local\Temp\ccrsDHYl.ltrans0.ltrans.o
 *fill*         0x08006e4c        0x4 
 .text.chHeapStatus
                0x08006e50       0x68 C:\Users\Pasquale\AppData\Local\Temp\ccrsDHYl.ltrans0.ltrans.o
 *fill*         0x08006eb8        0x8 
 .text.cmd_mem  0x08006ec0       0x70 C:\Users\Pasquale\AppData\Local\Temp\ccrsDHYl.ltrans0.ltrans.o
 .text.chHeapFree
                0x08006f30       0x98 C:\Users\Pasquale\AppData\Local\Temp\ccrsDHYl.ltrans0.ltrans.o
 *fill*         0x08006fc8        0x8 
 .text.oslib_test_004_002_execute
                0x08006fd0       0x64 C:\Users\Pasquale\AppData\Local\Temp\ccrsDHYl.ltrans0.ltrans.o
 *fill*         0x08007034        0xc 
 .text.oslib_test_004_001_execute
                0x08007040      0x32c C:\Users\Pasquale\AppData\Local\Temp\ccrsDHYl.ltrans0.ltrans.o
 *fill*         0x0800736c        0x4 
 .text.dyn_release_object_heap.part.3
                0x08007370       0x20 C:\Users\Pasquale\AppData\Local\Temp\ccrsDHYl.ltrans0.ltrans.o
 .text.chFactoryReleasePipe
                0x08007390       0x2c C:\Users\Pasquale\AppData\Local\Temp\ccrsDHYl.ltrans0.ltrans.o
 *fill*         0x080073bc        0x4 
 .text.oslib_test_005_006_execute
                0x080073c0      0x128 C:\Users\Pasquale\AppData\Local\Temp\ccrsDHYl.ltrans0.ltrans.o
 *fill*         0x080074e8        0x8 
 .text.oslib_test_005_006_teardown
                0x080074f0       0x1c C:\Users\Pasquale\AppData\Local\Temp\ccrsDHYl.ltrans0.ltrans.o
 *fill*         0x0800750c        0x4 
 .text.chFactoryReleaseObjectsFIFO
                0x08007510       0x2c C:\Users\Pasquale\AppData\Local\Temp\ccrsDHYl.ltrans0.ltrans.o
 *fill*         0x0800753c        0x4 
 .text.oslib_test_005_005_execute
                0x08007540      0x128 C:\Users\Pasquale\AppData\Local\Temp\ccrsDHYl.ltrans0.ltrans.o
 *fill*         0x08007668        0x8 
 .text.oslib_test_005_005_teardown
                0x08007670       0x1c C:\Users\Pasquale\AppData\Local\Temp\ccrsDHYl.ltrans0.ltrans.o
 *fill*         0x0800768c        0x4 
 .text.chFactoryReleaseMailbox
                0x08007690       0x2c C:\Users\Pasquale\AppData\Local\Temp\ccrsDHYl.ltrans0.ltrans.o
 *fill*         0x080076bc        0x4 
 .text.oslib_test_005_004_execute
                0x080076c0      0x128 C:\Users\Pasquale\AppData\Local\Temp\ccrsDHYl.ltrans0.ltrans.o
 *fill*         0x080077e8        0x8 
 .text.oslib_test_005_004_teardown
                0x080077f0       0x1c C:\Users\Pasquale\AppData\Local\Temp\ccrsDHYl.ltrans0.ltrans.o
 *fill*         0x0800780c        0x4 
 .text.chFactoryReleaseBuffer
                0x08007810       0x2c C:\Users\Pasquale\AppData\Local\Temp\ccrsDHYl.ltrans0.ltrans.o
 *fill*         0x0800783c        0x4 
 .text.oslib_test_005_002_execute
                0x08007840      0x128 C:\Users\Pasquale\AppData\Local\Temp\ccrsDHYl.ltrans0.ltrans.o
 *fill*         0x08007968        0x8 
 .text.oslib_test_005_002_teardown
                0x08007970       0x1c C:\Users\Pasquale\AppData\Local\Temp\ccrsDHYl.ltrans0.ltrans.o
 *fill*         0x0800798c        0x4 
 .text.chThdRelease
                0x08007990       0x64 C:\Users\Pasquale\AppData\Local\Temp\ccrsDHYl.ltrans0.ltrans.o
 *fill*         0x080079f4        0xc 
 .text.rt_test_010_006_execute
                0x08007a00       0x88 C:\Users\Pasquale\AppData\Local\Temp\ccrsDHYl.ltrans0.ltrans.o
 *fill*         0x08007a88        0x8 
 .text.cmd_threads
                0x08007a90       0xc8 C:\Users\Pasquale\AppData\Local\Temp\ccrsDHYl.ltrans0.ltrans.o
 *fill*         0x08007b58        0x8 
 .text.chThdWait
                0x08007b60       0x38 C:\Users\Pasquale\AppData\Local\Temp\ccrsDHYl.ltrans0.ltrans.o
 *fill*         0x08007b98        0x8 
 .text.startup.main
                0x08007ba0      0x524 C:\Users\Pasquale\AppData\Local\Temp\ccrsDHYl.ltrans0.ltrans.o
                0x08007ba0                main
 *fill*         0x080080c4        0xc 
 .text.rt_test_010_005_execute
                0x080080d0       0x88 C:\Users\Pasquale\AppData\Local\Temp\ccrsDHYl.ltrans0.ltrans.o
 *fill*         0x08008158        0x8 
 .text.test_wait_threads
                0x08008160       0x24 C:\Users\Pasquale\AppData\Local\Temp\ccrsDHYl.ltrans0.ltrans.o
 *fill*         0x08008184        0xc 
 .text.rt_test_010_008_execute
                0x08008190       0xf8 C:\Users\Pasquale\AppData\Local\Temp\ccrsDHYl.ltrans0.ltrans.o
 *fill*         0x08008288        0x8 
 .text.rt_test_010_004_execute
                0x08008290       0xd4 C:\Users\Pasquale\AppData\Local\Temp\ccrsDHYl.ltrans0.ltrans.o
 *fill*         0x08008364        0xc 
 .text.rt_test_010_003_execute
                0x08008370       0xfc C:\Users\Pasquale\AppData\Local\Temp\ccrsDHYl.ltrans0.ltrans.o
 *fill*         0x0800846c        0x4 
 .text.rt_test_010_002_execute
                0x08008470       0x7c C:\Users\Pasquale\AppData\Local\Temp\ccrsDHYl.ltrans0.ltrans.o
 *fill*         0x080084ec        0x4 
 .text.rt_test_010_001_execute
                0x080084f0       0x7c C:\Users\Pasquale\AppData\Local\Temp\ccrsDHYl.ltrans0.ltrans.o
 *fill*         0x0800856c        0x4 
 .text.rt_test_009_002_execute
                0x08008570      0x150 C:\Users\Pasquale\AppData\Local\Temp\ccrsDHYl.ltrans0.ltrans.o
 .text.rt_test_009_001_execute
                0x080086c0      0x168 C:\Users\Pasquale\AppData\Local\Temp\ccrsDHYl.ltrans0.ltrans.o
 *fill*         0x08008828        0x8 
 .text.rt_test_008_007_execute
                0x08008830      0x128 C:\Users\Pasquale\AppData\Local\Temp\ccrsDHYl.ltrans0.ltrans.o
 *fill*         0x08008958        0x8 
 .text.rt_test_008_005_execute
                0x08008960       0xd4 C:\Users\Pasquale\AppData\Local\Temp\ccrsDHYl.ltrans0.ltrans.o
 *fill*         0x08008a34        0xc 
 .text.rt_test_008_004_execute
                0x08008a40       0xd0 C:\Users\Pasquale\AppData\Local\Temp\ccrsDHYl.ltrans0.ltrans.o
 .text.rt_test_008_003_execute
                0x08008b10      0x100 C:\Users\Pasquale\AppData\Local\Temp\ccrsDHYl.ltrans0.ltrans.o
 .text.rt_test_007_001_execute
                0x08008c10       0x7c C:\Users\Pasquale\AppData\Local\Temp\ccrsDHYl.ltrans0.ltrans.o
 *fill*         0x08008c8c        0x4 
 .text.rt_test_006_009_execute
                0x08008c90       0xb4 C:\Users\Pasquale\AppData\Local\Temp\ccrsDHYl.ltrans0.ltrans.o
 *fill*         0x08008d44        0xc 
 .text.rt_test_006_008_execute
                0x08008d50      0x100 C:\Users\Pasquale\AppData\Local\Temp\ccrsDHYl.ltrans0.ltrans.o
 .text.rt_test_006_007_execute
                0x08008e50       0xf4 C:\Users\Pasquale\AppData\Local\Temp\ccrsDHYl.ltrans0.ltrans.o
 *fill*         0x08008f44        0xc 
 .text.rt_test_005_006_teardown
                0x08008f50        0x4 C:\Users\Pasquale\AppData\Local\Temp\ccrsDHYl.ltrans0.ltrans.o
 *fill*         0x08008f54        0xc 
 .text.rt_test_006_004_teardown
                0x08008f60        0x4 C:\Users\Pasquale\AppData\Local\Temp\ccrsDHYl.ltrans0.ltrans.o
 *fill*         0x08008f64        0xc 
 .text.rt_test_006_001_execute
                0x08008f70       0xfc C:\Users\Pasquale\AppData\Local\Temp\ccrsDHYl.ltrans0.ltrans.o
 *fill*         0x0800906c        0x4 
 .text.rt_test_005_005_teardown
                0x08009070        0x4 C:\Users\Pasquale\AppData\Local\Temp\ccrsDHYl.ltrans0.ltrans.o
 *fill*         0x08009074        0xc 
 .text.rt_test_005_004_execute
                0x08009080       0xc0 C:\Users\Pasquale\AppData\Local\Temp\ccrsDHYl.ltrans0.ltrans.o
 .text.rt_test_005_003_execute
                0x08009140      0x16c C:\Users\Pasquale\AppData\Local\Temp\ccrsDHYl.ltrans0.ltrans.o
 *fill*         0x080092ac        0x4 
 .text.rt_test_005_002_execute
                0x080092b0      0x104 C:\Users\Pasquale\AppData\Local\Temp\ccrsDHYl.ltrans0.ltrans.o
 *fill*         0x080093b4        0xc 
 .text.rt_test_004_001_execute
                0x080093c0       0xf8 C:\Users\Pasquale\AppData\Local\Temp\ccrsDHYl.ltrans0.ltrans.o
 *fill*         0x080094b8        0x8 
 .text.rt_test_003_002_execute
                0x080094c0      0x204 C:\Users\Pasquale\AppData\Local\Temp\ccrsDHYl.ltrans0.ltrans.o
 *fill*         0x080096c4        0xc 
 .text.cmd_test.lto_priv.99
                0x080096d0       0x8c C:\Users\Pasquale\AppData\Local\Temp\ccrsDHYl.ltrans0.ltrans.o
 *fill*         0x0800975c        0x4 
 .text.chSemReset
                0x08009760       0x38 C:\Users\Pasquale\AppData\Local\Temp\ccrsDHYl.ltrans0.ltrans.o
 *fill*         0x08009798        0x8 
 .text.rt_test_010_007_execute
                0x080097a0      0x128 C:\Users\Pasquale\AppData\Local\Temp\ccrsDHYl.ltrans0.ltrans.o
 *fill*         0x080098c8        0x8 
 .text.rt_test_005_006_execute
                0x080098d0      0x1b4 C:\Users\Pasquale\AppData\Local\Temp\ccrsDHYl.ltrans0.ltrans.o
 *fill*         0x08009a84        0xc 
 .text.rt_test_005_001_execute
                0x08009a90       0xbc C:\Users\Pasquale\AppData\Local\Temp\ccrsDHYl.ltrans0.ltrans.o
 *fill*         0x08009b4c        0x4 
 .text.rt_test_005_001_teardown
                0x08009b50        0xc C:\Users\Pasquale\AppData\Local\Temp\ccrsDHYl.ltrans0.ltrans.o
 *fill*         0x08009b5c        0x4 
 .text.chThdSetPriority
                0x08009b60       0x30 C:\Users\Pasquale\AppData\Local\Temp\ccrsDHYl.ltrans0.ltrans.o
 .text.rt_test_003_004_execute
                0x08009b90       0xdc C:\Users\Pasquale\AppData\Local\Temp\ccrsDHYl.ltrans0.ltrans.o
 *fill*         0x08009c6c        0x4 
 .text.rt_test_003_003_execute
                0x08009c70       0x88 C:\Users\Pasquale\AppData\Local\Temp\ccrsDHYl.ltrans0.ltrans.o
 *fill*         0x08009cf8        0x8 
 .text.chSysRestoreStatusX.part.2
                0x08009d00       0x20 C:\Users\Pasquale\AppData\Local\Temp\ccrsDHYl.ltrans0.ltrans.o
 .text.rt_test_002_002_execute
                0x08009d20       0xd4 C:\Users\Pasquale\AppData\Local\Temp\ccrsDHYl.ltrans0.ltrans.o
 *fill*         0x08009df4        0xc 
 .text.vtcb     0x08009e00       0x28 C:\Users\Pasquale\AppData\Local\Temp\ccrsDHYl.ltrans0.ltrans.o
 *fill*         0x08009e28        0x8 
 .text.__early_init
                0x08009e30      0x1c8 C:\Users\Pasquale\AppData\Local\Temp\ccrsDHYl.ltrans0.ltrans.o
                0x08009e30                __early_init
 *fill*         0x08009ff8        0x8 
 .text.VectorD8
                0x0800a000      0x198 C:\Users\Pasquale\AppData\Local\Temp\ccrsDHYl.ltrans0.ltrans.o
                0x0800a000                VectorD8
 *fill*         0x0800a198        0x8 
 .text.VectorB0
                0x0800a1a0       0x9c C:\Users\Pasquale\AppData\Local\Temp\ccrsDHYl.ltrans0.ltrans.o
                0x0800a1a0                VectorB0
 *fill*         0x0800a23c        0x4 
 .text.Vector158
                0x0800a240       0x2c C:\Users\Pasquale\AppData\Local\Temp\ccrsDHYl.ltrans0.ltrans.o
                0x0800a240                Vector158
 *fill*         0x0800a26c        0x4 
 .text.Vector154
                0x0800a270       0x2c C:\Users\Pasquale\AppData\Local\Temp\ccrsDHYl.ltrans0.ltrans.o
                0x0800a270                Vector154
 *fill*         0x0800a29c        0x4 
 .text.Vector150
                0x0800a2a0       0x2c C:\Users\Pasquale\AppData\Local\Temp\ccrsDHYl.ltrans0.ltrans.o
                0x0800a2a0                Vector150
 *fill*         0x0800a2cc        0x4 
 .text.Vector130
                0x0800a2d0       0x28 C:\Users\Pasquale\AppData\Local\Temp\ccrsDHYl.ltrans0.ltrans.o
                0x0800a2d0                Vector130
 *fill*         0x0800a2f8        0x8 
 .text.Vector12C
                0x0800a300       0x2c C:\Users\Pasquale\AppData\Local\Temp\ccrsDHYl.ltrans0.ltrans.o
                0x0800a300                Vector12C
 *fill*         0x0800a32c        0x4 
 .text.Vector128
                0x0800a330       0x2c C:\Users\Pasquale\AppData\Local\Temp\ccrsDHYl.ltrans0.ltrans.o
                0x0800a330                Vector128
 *fill*         0x0800a35c        0x4 
 .text.Vector124
                0x0800a360       0x2c C:\Users\Pasquale\AppData\Local\Temp\ccrsDHYl.ltrans0.ltrans.o
                0x0800a360                Vector124
 *fill*         0x0800a38c        0x4 
 .text.Vector120
                0x0800a390       0x28 C:\Users\Pasquale\AppData\Local\Temp\ccrsDHYl.ltrans0.ltrans.o
                0x0800a390                Vector120
 *fill*         0x0800a3b8        0x8 
 .text.VectorFC
                0x0800a3c0       0x2c C:\Users\Pasquale\AppData\Local\Temp\ccrsDHYl.ltrans0.ltrans.o
                0x0800a3c0                VectorFC
 *fill*         0x0800a3ec        0x4 
 .text.Vector84
                0x0800a3f0       0x2c C:\Users\Pasquale\AppData\Local\Temp\ccrsDHYl.ltrans0.ltrans.o
                0x0800a3f0                Vector84
 *fill*         0x0800a41c        0x4 
 .text.Vector80
                0x0800a420       0x2c C:\Users\Pasquale\AppData\Local\Temp\ccrsDHYl.ltrans0.ltrans.o
                0x0800a420                Vector80
 *fill*         0x0800a44c        0x4 
 .text.Vector7C
                0x0800a450       0x28 C:\Users\Pasquale\AppData\Local\Temp\ccrsDHYl.ltrans0.ltrans.o
                0x0800a450                Vector7C
 *fill*         0x0800a478        0x8 
 .text.Vector78
                0x0800a480       0x2c C:\Users\Pasquale\AppData\Local\Temp\ccrsDHYl.ltrans0.ltrans.o
                0x0800a480                Vector78
 *fill*         0x0800a4ac        0x4 
 .text.Vector74
                0x0800a4b0       0x2c C:\Users\Pasquale\AppData\Local\Temp\ccrsDHYl.ltrans0.ltrans.o
                0x0800a4b0                Vector74
 *fill*         0x0800a4dc        0x4 
 .text.Vector70
                0x0800a4e0       0x2c C:\Users\Pasquale\AppData\Local\Temp\ccrsDHYl.ltrans0.ltrans.o
                0x0800a4e0                Vector70
 *fill*         0x0800a50c        0x4 
 .text.Vector6C
                0x0800a510       0x28 C:\Users\Pasquale\AppData\Local\Temp\ccrsDHYl.ltrans0.ltrans.o
                0x0800a510                Vector6C
 *fill*         0x0800a538        0x8 
 .text.Vector88
                0x0800a540       0xd0 C:\Users\Pasquale\AppData\Local\Temp\ccrsDHYl.ltrans0.ltrans.o
                0x0800a540                Vector88
 .text.__init_ram_areas
                0x0800a610       0x68 C:\Users\Pasquale\AppData\Local\Temp\ccrsDHYl.ltrans0.ltrans.o
                0x0800a610                __init_ram_areas
 *fill*         0x0800a678        0x8 
 .text.__default_exit
                0x0800a680        0x4 C:\Users\Pasquale\AppData\Local\Temp\ccrsDHYl.ltrans0.ltrans.o
                0x0800a680                __default_exit
 *fill*         0x0800a684        0xc 
 .text.__late_init
                0x0800a690        0x4 C:\Users\Pasquale\AppData\Local\Temp\ccrsDHYl.ltrans0.ltrans.o
                0x0800a690                __late_init
 *fill*         0x0800a694        0xc 
 .text.__core_init
                0x0800a6a0        0x4 C:\Users\Pasquale\AppData\Local\Temp\ccrsDHYl.ltrans0.ltrans.o
                0x0800a6a0                __core_init
 .text.memcmp   0x0800a6a4       0x64 c:/chibistudio/tools/gnu tools arm embedded/7.0 2017q4/bin/../lib/gcc/arm-none-eabi/7.2.1/../../../../arm-none-eabi/lib/thumb/v7e-m\libg.a(lib_a-memcmp.o)
                0x0800a6a4                memcmp
 .text.memset   0x0800a708       0x94 c:/chibistudio/tools/gnu tools arm embedded/7.0 2017q4/bin/../lib/gcc/arm-none-eabi/7.2.1/../../../../arm-none-eabi/lib/thumb/v7e-m\libg.a(lib_a-memset.o)
                0x0800a708                memset
 .text.strchr   0x0800a79c       0xe8 c:/chibistudio/tools/gnu tools arm embedded/7.0 2017q4/bin/../lib/gcc/arm-none-eabi/7.2.1/../../../../arm-none-eabi/lib/thumb/v7e-m\libg.a(lib_a-strchr.o)
                0x0800a79c                strchr
 .text.strncmp  0x0800a884       0x98 c:/chibistudio/tools/gnu tools arm embedded/7.0 2017q4/bin/../lib/gcc/arm-none-eabi/7.2.1/../../../../arm-none-eabi/lib/thumb/v7e-m\libg.a(lib_a-strncmp.o)
                0x0800a884                strncmp
 .text.strncpy  0x0800a91c       0x64 c:/chibistudio/tools/gnu tools arm embedded/7.0 2017q4/bin/../lib/gcc/arm-none-eabi/7.2.1/../../../../arm-none-eabi/lib/thumb/v7e-m\libg.a(lib_a-strncpy.o)
                0x0800a91c                strncpy
 .text.strpbrk  0x0800a980       0x44 c:/chibistudio/tools/gnu tools arm embedded/7.0 2017q4/bin/../lib/gcc/arm-none-eabi/7.2.1/../../../../arm-none-eabi/lib/thumb/v7e-m\libg.a(lib_a-strpbrk.o)
                0x0800a980                strpbrk
 .text.strspn   0x0800a9c4       0x34 c:/chibistudio/tools/gnu tools arm embedded/7.0 2017q4/bin/../lib/gcc/arm-none-eabi/7.2.1/../../../../arm-none-eabi/lib/thumb/v7e-m\libg.a(lib_a-strspn.o)
                0x0800a9c4                strspn
 *(.glue_7t)
 .glue_7t       0x0800a9f8        0x0 linker stubs
 *(.glue_7)
 .glue_7        0x0800a9f8        0x0 linker stubs
 *(.gcc*)
                0x0800a9f8                __text_end = .

.vfp11_veneer   0x0800a9f8        0x0
 .vfp11_veneer  0x0800a9f8        0x0 linker stubs

.v4_bx          0x0800a9f8        0x0
 .v4_bx         0x0800a9f8        0x0 linker stubs

.iplt           0x0800a9f8        0x0
 .iplt          0x0800a9f8        0x0 ./build/obj/crt0_v7m.o

.rodata         0x0800a9f8     0x28ac
                0x0800a9f8                __rodata_base__ = .
 *(.rodata)
 *(.rodata.*)
 .rodata.Thd1.str1.4
                0x0800a9f8       0x10 C:\Users\Pasquale\AppData\Local\Temp\ccrsDHYl.ltrans0.ltrans.o
 .rodata.Thd2.str1.4
                0x0800aa08        0x9 C:\Users\Pasquale\AppData\Local\Temp\ccrsDHYl.ltrans0.ltrans.o
 *fill*         0x0800aa11        0x3 
 .rodata.Thd3.str1.4
                0x0800aa14        0xc C:\Users\Pasquale\AppData\Local\Temp\ccrsDHYl.ltrans0.ltrans.o
 .rodata._stm32_dma_streams
                0x0800aa20       0xc0 C:\Users\Pasquale\AppData\Local\Temp\ccrsDHYl.ltrans0.ltrans.o
 .rodata._test_assert_time_window.constprop.1.str1.4
                0x0800aae0       0x13 C:\Users\Pasquale\AppData\Local\Temp\ccrsDHYl.ltrans0.ltrans.o
 *fill*         0x0800aaf3        0x1 
 .rodata.chFactoryCreateBuffer.constprop.14.str1.4
                0x0800aaf4        0x6 C:\Users\Pasquale\AppData\Local\Temp\ccrsDHYl.ltrans0.ltrans.o
 *fill*         0x0800aafa        0x2 
 .rodata.chFactoryCreateMailbox.constprop.10.str1.4
                0x0800aafc        0x6 C:\Users\Pasquale\AppData\Local\Temp\ccrsDHYl.ltrans0.ltrans.o
 *fill*         0x0800ab02        0x2 
 .rodata.chFactoryCreateObjectsFIFO.constprop.8.str1.4
                0x0800ab04        0x7 C:\Users\Pasquale\AppData\Local\Temp\ccrsDHYl.ltrans0.ltrans.o
 *fill*         0x0800ab0b        0x1 
 .rodata.chFactoryCreatePipe.constprop.6.str1.4
                0x0800ab0c        0x7 C:\Users\Pasquale\AppData\Local\Temp\ccrsDHYl.ltrans0.ltrans.o
 *fill*         0x0800ab13        0x1 
 .rodata.chFactoryCreateSemaphore.constprop.12.str1.4
                0x0800ab14        0x6 C:\Users\Pasquale\AppData\Local\Temp\ccrsDHYl.ltrans0.ltrans.o
 *fill*         0x0800ab1a        0x2 
 .rodata.chFactoryRegisterObject.constprop.16.str1.4
                0x0800ab1c        0x6 C:\Users\Pasquale\AppData\Local\Temp\ccrsDHYl.ltrans0.ltrans.o
 *fill*         0x0800ab22        0x2 
 .rodata.chThdCreateStatic.str1.4
                0x0800ab24        0x7 C:\Users\Pasquale\AppData\Local\Temp\ccrsDHYl.ltrans0.ltrans.o
 *fill*         0x0800ab2b        0x1 
 .rodata.ch_debug
                0x0800ab2c       0x16 C:\Users\Pasquale\AppData\Local\Temp\ccrsDHYl.ltrans0.ltrans.o
 *fill*         0x0800ab42        0x2 
 .rodata.chprintf.str1.4
                0x0800ab44        0x7 C:\Users\Pasquale\AppData\Local\Temp\ccrsDHYl.ltrans0.ltrans.o
 *fill*         0x0800ab4b        0x1 
 .rodata.cmd_echo.str1.4
                0x0800ab4c       0x15 C:\Users\Pasquale\AppData\Local\Temp\ccrsDHYl.ltrans0.ltrans.o
 *fill*         0x0800ab61        0x3 
 .rodata.cmd_info.str1.4
                0x0800ab64      0x11d C:\Users\Pasquale\AppData\Local\Temp\ccrsDHYl.ltrans0.ltrans.o
 *fill*         0x0800ac81        0x3 
 .rodata.cmd_mem.str1.4
                0x0800ac84       0x7a C:\Users\Pasquale\AppData\Local\Temp\ccrsDHYl.ltrans0.ltrans.o
 *fill*         0x0800acfe        0x2 
 .rodata.cmd_semaforo.str1.4
                0x0800ad00        0x4 C:\Users\Pasquale\AppData\Local\Temp\ccrsDHYl.ltrans0.ltrans.o
 .rodata.cmd_systime.str1.4
                0x0800ad04       0x1a C:\Users\Pasquale\AppData\Local\Temp\ccrsDHYl.ltrans0.ltrans.o
 *fill*         0x0800ad1e        0x2 
 .rodata.cmd_test.lto_priv.100.str1.4
                0x0800ad20       0x8e C:\Users\Pasquale\AppData\Local\Temp\ccrsDHYl.ltrans0.ltrans.o
 *fill*         0x0800adae        0x2 
 .rodata.cmd_test.lto_priv.99.str1.4
                0x0800adb0       0x24 C:\Users\Pasquale\AppData\Local\Temp\ccrsDHYl.ltrans0.ltrans.o
                                 0x34 (size before relaxing)
 .rodata.cmd_threads.str1.4
                0x0800add4       0x67 C:\Users\Pasquale\AppData\Local\Temp\ccrsDHYl.ltrans0.ltrans.o
                                 0x6f (size before relaxing)
 *fill*         0x0800ae3b        0x1 
 .rodata.cmd_write.str1.4
                0x0800ae3c       0x1f C:\Users\Pasquale\AppData\Local\Temp\ccrsDHYl.ltrans0.ltrans.o
 *fill*         0x0800ae5b        0x1 
 .rodata.commands
                0x0800ae5c       0x20 C:\Users\Pasquale\AppData\Local\Temp\ccrsDHYl.ltrans0.ltrans.o
 .rodata.evhndl
                0x0800ae7c        0xc C:\Users\Pasquale\AppData\Local\Temp\ccrsDHYl.ltrans0.ltrans.o
 .rodata.idle_descriptor.6810
                0x0800ae88       0x18 C:\Users\Pasquale\AppData\Local\Temp\ccrsDHYl.ltrans0.ltrans.o
 .rodata.main.str1.4
                0x0800aea0        0x6 C:\Users\Pasquale\AppData\Local\Temp\ccrsDHYl.ltrans0.ltrans.o
 *fill*         0x0800aea6        0x2 
 .rodata.my_conversion_group
                0x0800aea8       0x2c C:\Users\Pasquale\AppData\Local\Temp\ccrsDHYl.ltrans0.ltrans.o
 .rodata.oslib_test_001_001
                0x0800aed4       0x10 C:\Users\Pasquale\AppData\Local\Temp\ccrsDHYl.ltrans0.ltrans.o
 .rodata.oslib_test_001_001_execute.str1.4
                0x0800aee4       0x13 C:\Users\Pasquale\AppData\Local\Temp\ccrsDHYl.ltrans0.ltrans.o
 *fill*         0x0800aef7        0x1 
 .rodata.oslib_test_001_002
                0x0800aef8       0x10 C:\Users\Pasquale\AppData\Local\Temp\ccrsDHYl.ltrans0.ltrans.o
 .rodata.oslib_test_001_002_execute.str1.4
                0x0800af08       0xb5 C:\Users\Pasquale\AppData\Local\Temp\ccrsDHYl.ltrans0.ltrans.o
 *fill*         0x0800afbd        0x3 
 .rodata.oslib_test_001_003
                0x0800afc0       0x10 C:\Users\Pasquale\AppData\Local\Temp\ccrsDHYl.ltrans0.ltrans.o
 .rodata.oslib_test_001_003_execute.str1.4
                0x0800afd0       0x16 C:\Users\Pasquale\AppData\Local\Temp\ccrsDHYl.ltrans0.ltrans.o
 *fill*         0x0800afe6        0x2 
 .rodata.oslib_test_002_001
                0x0800afe8       0x10 C:\Users\Pasquale\AppData\Local\Temp\ccrsDHYl.ltrans0.ltrans.o
 .rodata.oslib_test_002_001_execute.str1.4
                0x0800aff8       0x1d C:\Users\Pasquale\AppData\Local\Temp\ccrsDHYl.ltrans0.ltrans.o
 *fill*         0x0800b015        0x3 
 .rodata.oslib_test_002_002
                0x0800b018       0x10 C:\Users\Pasquale\AppData\Local\Temp\ccrsDHYl.ltrans0.ltrans.o
 .rodata.oslib_test_002_002_execute.str1.4
                0x0800b028       0x13 C:\Users\Pasquale\AppData\Local\Temp\ccrsDHYl.ltrans0.ltrans.o
 *fill*         0x0800b03b        0x1 
 .rodata.oslib_test_003_001
                0x0800b03c       0x10 C:\Users\Pasquale\AppData\Local\Temp\ccrsDHYl.ltrans0.ltrans.o
 .rodata.oslib_test_003_001_execute.str1.4
                0x0800b04c       0x35 C:\Users\Pasquale\AppData\Local\Temp\ccrsDHYl.ltrans0.ltrans.o
 *fill*         0x0800b081        0x3 
 .rodata.oslib_test_003_002
                0x0800b084       0x10 C:\Users\Pasquale\AppData\Local\Temp\ccrsDHYl.ltrans0.ltrans.o
 .rodata.oslib_test_003_003
                0x0800b094       0x10 C:\Users\Pasquale\AppData\Local\Temp\ccrsDHYl.ltrans0.ltrans.o
 .rodata.oslib_test_004_001
                0x0800b0a4       0x10 C:\Users\Pasquale\AppData\Local\Temp\ccrsDHYl.ltrans0.ltrans.o
 .rodata.oslib_test_004_001_execute.str1.4
                0x0800b0b4       0x59 C:\Users\Pasquale\AppData\Local\Temp\ccrsDHYl.ltrans0.ltrans.o
 *fill*         0x0800b10d        0x3 
 .rodata.oslib_test_004_002
                0x0800b110       0x10 C:\Users\Pasquale\AppData\Local\Temp\ccrsDHYl.ltrans0.ltrans.o
 .rodata.oslib_test_004_002_execute.str1.4
                0x0800b120       0x2a C:\Users\Pasquale\AppData\Local\Temp\ccrsDHYl.ltrans0.ltrans.o
 *fill*         0x0800b14a        0x2 
 .rodata.oslib_test_005_001
                0x0800b14c       0x10 C:\Users\Pasquale\AppData\Local\Temp\ccrsDHYl.ltrans0.ltrans.o
 .rodata.oslib_test_005_001_execute.str1.4
                0x0800b15c       0x30 C:\Users\Pasquale\AppData\Local\Temp\ccrsDHYl.ltrans0.ltrans.o
 .rodata.oslib_test_005_002
                0x0800b18c       0x10 C:\Users\Pasquale\AppData\Local\Temp\ccrsDHYl.ltrans0.ltrans.o
 .rodata.oslib_test_005_003
                0x0800b19c       0x10 C:\Users\Pasquale\AppData\Local\Temp\ccrsDHYl.ltrans0.ltrans.o
 .rodata.oslib_test_005_003_execute.str1.4
                0x0800b1ac       0x58 C:\Users\Pasquale\AppData\Local\Temp\ccrsDHYl.ltrans0.ltrans.o
                                 0x60 (size before relaxing)
 .rodata.oslib_test_005_004
                0x0800b204       0x10 C:\Users\Pasquale\AppData\Local\Temp\ccrsDHYl.ltrans0.ltrans.o
 .rodata.oslib_test_005_005
                0x0800b214       0x10 C:\Users\Pasquale\AppData\Local\Temp\ccrsDHYl.ltrans0.ltrans.o
 .rodata.oslib_test_005_006
                0x0800b224       0x10 C:\Users\Pasquale\AppData\Local\Temp\ccrsDHYl.ltrans0.ltrans.o
 .rodata.oslib_test_sequence_001
                0x0800b234        0x8 C:\Users\Pasquale\AppData\Local\Temp\ccrsDHYl.ltrans0.ltrans.o
 .rodata.oslib_test_sequence_001_array
                0x0800b23c       0x10 C:\Users\Pasquale\AppData\Local\Temp\ccrsDHYl.ltrans0.ltrans.o
 .rodata.oslib_test_sequence_002
                0x0800b24c        0x8 C:\Users\Pasquale\AppData\Local\Temp\ccrsDHYl.ltrans0.ltrans.o
 .rodata.oslib_test_sequence_002_array
                0x0800b254        0xc C:\Users\Pasquale\AppData\Local\Temp\ccrsDHYl.ltrans0.ltrans.o
 .rodata.oslib_test_sequence_003
                0x0800b260        0x8 C:\Users\Pasquale\AppData\Local\Temp\ccrsDHYl.ltrans0.ltrans.o
 .rodata.oslib_test_sequence_003_array
                0x0800b268       0x10 C:\Users\Pasquale\AppData\Local\Temp\ccrsDHYl.ltrans0.ltrans.o
 .rodata.oslib_test_sequence_004
                0x0800b278        0x8 C:\Users\Pasquale\AppData\Local\Temp\ccrsDHYl.ltrans0.ltrans.o
 .rodata.oslib_test_sequence_004_array
                0x0800b280        0xc C:\Users\Pasquale\AppData\Local\Temp\ccrsDHYl.ltrans0.ltrans.o
 .rodata.oslib_test_sequence_005
                0x0800b28c        0x8 C:\Users\Pasquale\AppData\Local\Temp\ccrsDHYl.ltrans0.ltrans.o
 .rodata.oslib_test_sequence_005_array
                0x0800b294       0x1c C:\Users\Pasquale\AppData\Local\Temp\ccrsDHYl.ltrans0.ltrans.o
 .rodata.oslib_test_suite
                0x0800b2b0        0x8 C:\Users\Pasquale\AppData\Local\Temp\ccrsDHYl.ltrans0.ltrans.o
 .rodata.oslib_test_suite_array
                0x0800b2b8       0x18 C:\Users\Pasquale\AppData\Local\Temp\ccrsDHYl.ltrans0.ltrans.o
 .rodata.parse_arguments.str1.4
                0x0800b2d0        0x3 C:\Users\Pasquale\AppData\Local\Temp\ccrsDHYl.ltrans0.ltrans.o
 *fill*         0x0800b2d3        0x1 
 .rodata.pipe_pattern
                0x0800b2d4       0x11 C:\Users\Pasquale\AppData\Local\Temp\ccrsDHYl.ltrans0.ltrans.o
 *fill*         0x0800b2e5        0x3 
 .rodata.pow10  0x0800b2e8       0x24 C:\Users\Pasquale\AppData\Local\Temp\ccrsDHYl.ltrans0.ltrans.o
 .rodata.ram_areas
                0x0800b30c       0x80 C:\Users\Pasquale\AppData\Local\Temp\ccrsDHYl.ltrans0.ltrans.o
 .rodata.rt_test_001_001
                0x0800b38c       0x10 C:\Users\Pasquale\AppData\Local\Temp\ccrsDHYl.ltrans0.ltrans.o
 .rodata.rt_test_001_001_execute.str1.4
                0x0800b39c      0x1a9 C:\Users\Pasquale\AppData\Local\Temp\ccrsDHYl.ltrans0.ltrans.o
 *fill*         0x0800b545        0x3 
 .rodata.rt_test_001_002
                0x0800b548       0x10 C:\Users\Pasquale\AppData\Local\Temp\ccrsDHYl.ltrans0.ltrans.o
 .rodata.rt_test_001_002_execute.str1.4
                0x0800b558      0x115 C:\Users\Pasquale\AppData\Local\Temp\ccrsDHYl.ltrans0.ltrans.o
 *fill*         0x0800b66d        0x3 
 .rodata.rt_test_001_003
                0x0800b670       0x10 C:\Users\Pasquale\AppData\Local\Temp\ccrsDHYl.ltrans0.ltrans.o
 .rodata.rt_test_001_003_execute.str1.4
                0x0800b680      0x78d C:\Users\Pasquale\AppData\Local\Temp\ccrsDHYl.ltrans0.ltrans.o
                                0x791 (size before relaxing)
 *fill*         0x0800be0d        0x3 
 .rodata.rt_test_002_001
                0x0800be10       0x10 C:\Users\Pasquale\AppData\Local\Temp\ccrsDHYl.ltrans0.ltrans.o
 .rodata.rt_test_002_001_execute.str1.4
                0x0800be20       0x70 C:\Users\Pasquale\AppData\Local\Temp\ccrsDHYl.ltrans0.ltrans.o
 .rodata.rt_test_002_002
                0x0800be90       0x10 C:\Users\Pasquale\AppData\Local\Temp\ccrsDHYl.ltrans0.ltrans.o
 .rodata.rt_test_002_002_execute.str1.4
                0x0800bea0       0x12 C:\Users\Pasquale\AppData\Local\Temp\ccrsDHYl.ltrans0.ltrans.o
 *fill*         0x0800beb2        0x2 
 .rodata.rt_test_002_003
                0x0800beb4       0x10 C:\Users\Pasquale\AppData\Local\Temp\ccrsDHYl.ltrans0.ltrans.o
 .rodata.rt_test_002_004
                0x0800bec4       0x10 C:\Users\Pasquale\AppData\Local\Temp\ccrsDHYl.ltrans0.ltrans.o
 .rodata.rt_test_003_001
                0x0800bed4       0x10 C:\Users\Pasquale\AppData\Local\Temp\ccrsDHYl.ltrans0.ltrans.o
 .rodata.rt_test_003_002
                0x0800bee4       0x10 C:\Users\Pasquale\AppData\Local\Temp\ccrsDHYl.ltrans0.ltrans.o
 .rodata.rt_test_003_003
                0x0800bef4       0x10 C:\Users\Pasquale\AppData\Local\Temp\ccrsDHYl.ltrans0.ltrans.o
 .rodata.rt_test_003_004
                0x0800bf04       0x10 C:\Users\Pasquale\AppData\Local\Temp\ccrsDHYl.ltrans0.ltrans.o
 .rodata.rt_test_003_004_execute.str1.4
                0x0800bf14       0x87 C:\Users\Pasquale\AppData\Local\Temp\ccrsDHYl.ltrans0.ltrans.o
 *fill*         0x0800bf9b        0x1 
 .rodata.rt_test_004_001
                0x0800bf9c       0x10 C:\Users\Pasquale\AppData\Local\Temp\ccrsDHYl.ltrans0.ltrans.o
 .rodata.rt_test_004_001_execute.str1.4
                0x0800bfac       0x23 C:\Users\Pasquale\AppData\Local\Temp\ccrsDHYl.ltrans0.ltrans.o
 *fill*         0x0800bfcf        0x1 
 .rodata.rt_test_005_001
                0x0800bfd0       0x10 C:\Users\Pasquale\AppData\Local\Temp\ccrsDHYl.ltrans0.ltrans.o
 .rodata.rt_test_005_001_execute.str1.4
                0x0800bfe0       0x14 C:\Users\Pasquale\AppData\Local\Temp\ccrsDHYl.ltrans0.ltrans.o
 .rodata.rt_test_005_002
                0x0800bff4       0x10 C:\Users\Pasquale\AppData\Local\Temp\ccrsDHYl.ltrans0.ltrans.o
 .rodata.rt_test_005_003
                0x0800c004       0x10 C:\Users\Pasquale\AppData\Local\Temp\ccrsDHYl.ltrans0.ltrans.o
 .rodata.rt_test_005_004
                0x0800c014       0x10 C:\Users\Pasquale\AppData\Local\Temp\ccrsDHYl.ltrans0.ltrans.o
 .rodata.rt_test_005_004_execute.str1.4
                0x0800c024       0x10 C:\Users\Pasquale\AppData\Local\Temp\ccrsDHYl.ltrans0.ltrans.o
 .rodata.rt_test_005_005
                0x0800c034       0x10 C:\Users\Pasquale\AppData\Local\Temp\ccrsDHYl.ltrans0.ltrans.o
 .rodata.rt_test_005_005_execute.str1.4
                0x0800c044       0x21 C:\Users\Pasquale\AppData\Local\Temp\ccrsDHYl.ltrans0.ltrans.o
 *fill*         0x0800c065        0x3 
 .rodata.rt_test_005_006
                0x0800c068       0x10 C:\Users\Pasquale\AppData\Local\Temp\ccrsDHYl.ltrans0.ltrans.o
 .rodata.rt_test_005_006_execute.str1.4
                0x0800c078       0x3f C:\Users\Pasquale\AppData\Local\Temp\ccrsDHYl.ltrans0.ltrans.o
                                 0x46 (size before relaxing)
 *fill*         0x0800c0b7        0x1 
 .rodata.rt_test_006_001
                0x0800c0b8       0x10 C:\Users\Pasquale\AppData\Local\Temp\ccrsDHYl.ltrans0.ltrans.o
 .rodata.rt_test_006_004
                0x0800c0c8       0x10 C:\Users\Pasquale\AppData\Local\Temp\ccrsDHYl.ltrans0.ltrans.o
 .rodata.rt_test_006_004_execute.str1.4
                0x0800c0d8        0x6 C:\Users\Pasquale\AppData\Local\Temp\ccrsDHYl.ltrans0.ltrans.o
 *fill*         0x0800c0de        0x2 
 .rodata.rt_test_006_005
                0x0800c0e0       0x10 C:\Users\Pasquale\AppData\Local\Temp\ccrsDHYl.ltrans0.ltrans.o
 .rodata.rt_test_006_005_execute.str1.4
                0x0800c0f0       0x3d C:\Users\Pasquale\AppData\Local\Temp\ccrsDHYl.ltrans0.ltrans.o
 *fill*         0x0800c12d        0x3 
 .rodata.rt_test_006_007
                0x0800c130       0x10 C:\Users\Pasquale\AppData\Local\Temp\ccrsDHYl.ltrans0.ltrans.o
 .rodata.rt_test_006_008
                0x0800c140       0x10 C:\Users\Pasquale\AppData\Local\Temp\ccrsDHYl.ltrans0.ltrans.o
 .rodata.rt_test_006_008_execute.str1.4
                0x0800c150        0x6 C:\Users\Pasquale\AppData\Local\Temp\ccrsDHYl.ltrans0.ltrans.o
 *fill*         0x0800c156        0x2 
 .rodata.rt_test_006_009
                0x0800c158       0x10 C:\Users\Pasquale\AppData\Local\Temp\ccrsDHYl.ltrans0.ltrans.o
 .rodata.rt_test_007_001
                0x0800c168       0x10 C:\Users\Pasquale\AppData\Local\Temp\ccrsDHYl.ltrans0.ltrans.o
 .rodata.rt_test_008_001
                0x0800c178       0x10 C:\Users\Pasquale\AppData\Local\Temp\ccrsDHYl.ltrans0.ltrans.o
 .rodata.rt_test_008_001_execute.str1.4
                0x0800c188       0x1b C:\Users\Pasquale\AppData\Local\Temp\ccrsDHYl.ltrans0.ltrans.o
 *fill*         0x0800c1a3        0x1 
 .rodata.rt_test_008_002
                0x0800c1a4       0x10 C:\Users\Pasquale\AppData\Local\Temp\ccrsDHYl.ltrans0.ltrans.o
 .rodata.rt_test_008_002_execute.str1.4
                0x0800c1b4       0x18 C:\Users\Pasquale\AppData\Local\Temp\ccrsDHYl.ltrans0.ltrans.o
 .rodata.rt_test_008_003
                0x0800c1cc       0x10 C:\Users\Pasquale\AppData\Local\Temp\ccrsDHYl.ltrans0.ltrans.o
 .rodata.rt_test_008_003_execute.str1.4
                0x0800c1dc       0x13 C:\Users\Pasquale\AppData\Local\Temp\ccrsDHYl.ltrans0.ltrans.o
 *fill*         0x0800c1ef        0x1 
 .rodata.rt_test_008_004
                0x0800c1f0       0x10 C:\Users\Pasquale\AppData\Local\Temp\ccrsDHYl.ltrans0.ltrans.o
 .rodata.rt_test_008_004_execute.str1.4
                0x0800c200       0x11 C:\Users\Pasquale\AppData\Local\Temp\ccrsDHYl.ltrans0.ltrans.o
 *fill*         0x0800c211        0x3 
 .rodata.rt_test_008_005
                0x0800c214       0x10 C:\Users\Pasquale\AppData\Local\Temp\ccrsDHYl.ltrans0.ltrans.o
 .rodata.rt_test_008_005_execute.str1.4
                0x0800c224       0x2a C:\Users\Pasquale\AppData\Local\Temp\ccrsDHYl.ltrans0.ltrans.o
 *fill*         0x0800c24e        0x2 
 .rodata.rt_test_008_006
                0x0800c250       0x10 C:\Users\Pasquale\AppData\Local\Temp\ccrsDHYl.ltrans0.ltrans.o
 .rodata.rt_test_008_006_execute.str1.4
                0x0800c260        0xf C:\Users\Pasquale\AppData\Local\Temp\ccrsDHYl.ltrans0.ltrans.o
 *fill*         0x0800c26f        0x1 
 .rodata.rt_test_008_007
                0x0800c270       0x10 C:\Users\Pasquale\AppData\Local\Temp\ccrsDHYl.ltrans0.ltrans.o
 .rodata.rt_test_008_007_execute.str1.4
                0x0800c280        0xc C:\Users\Pasquale\AppData\Local\Temp\ccrsDHYl.ltrans0.ltrans.o
 .rodata.rt_test_009_001
                0x0800c28c       0x10 C:\Users\Pasquale\AppData\Local\Temp\ccrsDHYl.ltrans0.ltrans.o
 .rodata.rt_test_009_001_execute.str1.4
                0x0800c29c       0x56 C:\Users\Pasquale\AppData\Local\Temp\ccrsDHYl.ltrans0.ltrans.o
 *fill*         0x0800c2f2        0x2 
 .rodata.rt_test_009_002
                0x0800c2f4       0x10 C:\Users\Pasquale\AppData\Local\Temp\ccrsDHYl.ltrans0.ltrans.o
 .rodata.rt_test_009_002_execute.str1.4
                0x0800c304       0x84 C:\Users\Pasquale\AppData\Local\Temp\ccrsDHYl.ltrans0.ltrans.o
                                 0x8c (size before relaxing)
 .rodata.rt_test_010_001
                0x0800c388       0x10 C:\Users\Pasquale\AppData\Local\Temp\ccrsDHYl.ltrans0.ltrans.o
 .rodata.rt_test_010_002
                0x0800c398       0x10 C:\Users\Pasquale\AppData\Local\Temp\ccrsDHYl.ltrans0.ltrans.o
 .rodata.rt_test_010_003
                0x0800c3a8       0x10 C:\Users\Pasquale\AppData\Local\Temp\ccrsDHYl.ltrans0.ltrans.o
 .rodata.rt_test_010_003_execute.str1.4
                0x0800c3b8        0xa C:\Users\Pasquale\AppData\Local\Temp\ccrsDHYl.ltrans0.ltrans.o
 *fill*         0x0800c3c2        0x2 
 .rodata.rt_test_010_004
                0x0800c3c4       0x10 C:\Users\Pasquale\AppData\Local\Temp\ccrsDHYl.ltrans0.ltrans.o
 .rodata.rt_test_010_005
                0x0800c3d4       0x10 C:\Users\Pasquale\AppData\Local\Temp\ccrsDHYl.ltrans0.ltrans.o
 .rodata.rt_test_010_006
                0x0800c3e4       0x10 C:\Users\Pasquale\AppData\Local\Temp\ccrsDHYl.ltrans0.ltrans.o
 .rodata.rt_test_010_006_execute.str1.4
                0x0800c3f4        0xb C:\Users\Pasquale\AppData\Local\Temp\ccrsDHYl.ltrans0.ltrans.o
 *fill*         0x0800c3ff        0x1 
 .rodata.rt_test_010_007
                0x0800c400       0x10 C:\Users\Pasquale\AppData\Local\Temp\ccrsDHYl.ltrans0.ltrans.o
 .rodata.rt_test_010_007_execute.str1.4
                0x0800c410       0x11 C:\Users\Pasquale\AppData\Local\Temp\ccrsDHYl.ltrans0.ltrans.o
 *fill*         0x0800c421        0x3 
 .rodata.rt_test_010_008
                0x0800c424       0x10 C:\Users\Pasquale\AppData\Local\Temp\ccrsDHYl.ltrans0.ltrans.o
 .rodata.rt_test_010_008_execute.str1.4
                0x0800c434        0xa C:\Users\Pasquale\AppData\Local\Temp\ccrsDHYl.ltrans0.ltrans.o
 *fill*         0x0800c43e        0x2 
 .rodata.rt_test_010_009
                0x0800c440       0x10 C:\Users\Pasquale\AppData\Local\Temp\ccrsDHYl.ltrans0.ltrans.o
 .rodata.rt_test_010_009_execute.str1.4
                0x0800c450       0x1a C:\Users\Pasquale\AppData\Local\Temp\ccrsDHYl.ltrans0.ltrans.o
 *fill*         0x0800c46a        0x2 
 .rodata.rt_test_010_010
                0x0800c46c       0x10 C:\Users\Pasquale\AppData\Local\Temp\ccrsDHYl.ltrans0.ltrans.o
 .rodata.rt_test_010_010_execute.str1.4
                0x0800c47c        0xf C:\Users\Pasquale\AppData\Local\Temp\ccrsDHYl.ltrans0.ltrans.o
 *fill*         0x0800c48b        0x1 
 .rodata.rt_test_010_011
                0x0800c48c       0x10 C:\Users\Pasquale\AppData\Local\Temp\ccrsDHYl.ltrans0.ltrans.o
 .rodata.rt_test_010_011_execute.str1.4
                0x0800c49c        0xf C:\Users\Pasquale\AppData\Local\Temp\ccrsDHYl.ltrans0.ltrans.o
 *fill*         0x0800c4ab        0x1 
 .rodata.rt_test_010_012
                0x0800c4ac       0x10 C:\Users\Pasquale\AppData\Local\Temp\ccrsDHYl.ltrans0.ltrans.o
 .rodata.rt_test_010_012_execute.str1.4
                0x0800c4bc       0x95 C:\Users\Pasquale\AppData\Local\Temp\ccrsDHYl.ltrans0.ltrans.o
 *fill*         0x0800c551        0x3 
 .rodata.rt_test_sequence_001
                0x0800c554        0x8 C:\Users\Pasquale\AppData\Local\Temp\ccrsDHYl.ltrans0.ltrans.o
 .rodata.rt_test_sequence_001_array
                0x0800c55c       0x10 C:\Users\Pasquale\AppData\Local\Temp\ccrsDHYl.ltrans0.ltrans.o
 .rodata.rt_test_sequence_002
                0x0800c56c        0x8 C:\Users\Pasquale\AppData\Local\Temp\ccrsDHYl.ltrans0.ltrans.o
 .rodata.rt_test_sequence_002_array
                0x0800c574       0x14 C:\Users\Pasquale\AppData\Local\Temp\ccrsDHYl.ltrans0.ltrans.o
 .rodata.rt_test_sequence_003
                0x0800c588        0x8 C:\Users\Pasquale\AppData\Local\Temp\ccrsDHYl.ltrans0.ltrans.o
 .rodata.rt_test_sequence_003_array
                0x0800c590       0x14 C:\Users\Pasquale\AppData\Local\Temp\ccrsDHYl.ltrans0.ltrans.o
 .rodata.rt_test_sequence_004
                0x0800c5a4        0x8 C:\Users\Pasquale\AppData\Local\Temp\ccrsDHYl.ltrans0.ltrans.o
 .rodata.rt_test_sequence_004_array
                0x0800c5ac        0x8 C:\Users\Pasquale\AppData\Local\Temp\ccrsDHYl.ltrans0.ltrans.o
 .rodata.rt_test_sequence_005
                0x0800c5b4        0x8 C:\Users\Pasquale\AppData\Local\Temp\ccrsDHYl.ltrans0.ltrans.o
 .rodata.rt_test_sequence_005_array
                0x0800c5bc       0x1c C:\Users\Pasquale\AppData\Local\Temp\ccrsDHYl.ltrans0.ltrans.o
 .rodata.rt_test_sequence_006
                0x0800c5d8        0x8 C:\Users\Pasquale\AppData\Local\Temp\ccrsDHYl.ltrans0.ltrans.o
 .rodata.rt_test_sequence_006_array
                0x0800c5e0       0x1c C:\Users\Pasquale\AppData\Local\Temp\ccrsDHYl.ltrans0.ltrans.o
 .rodata.rt_test_sequence_007
                0x0800c5fc        0x8 C:\Users\Pasquale\AppData\Local\Temp\ccrsDHYl.ltrans0.ltrans.o
 .rodata.rt_test_sequence_007_array
                0x0800c604        0x8 C:\Users\Pasquale\AppData\Local\Temp\ccrsDHYl.ltrans0.ltrans.o
 .rodata.rt_test_sequence_008
                0x0800c60c        0x8 C:\Users\Pasquale\AppData\Local\Temp\ccrsDHYl.ltrans0.ltrans.o
 .rodata.rt_test_sequence_008_array
                0x0800c614       0x20 C:\Users\Pasquale\AppData\Local\Temp\ccrsDHYl.ltrans0.ltrans.o
 .rodata.rt_test_sequence_009
                0x0800c634        0x8 C:\Users\Pasquale\AppData\Local\Temp\ccrsDHYl.ltrans0.ltrans.o
 .rodata.rt_test_sequence_009_array
                0x0800c63c        0xc C:\Users\Pasquale\AppData\Local\Temp\ccrsDHYl.ltrans0.ltrans.o
 .rodata.rt_test_sequence_010
                0x0800c648        0x8 C:\Users\Pasquale\AppData\Local\Temp\ccrsDHYl.ltrans0.ltrans.o
 .rodata.rt_test_sequence_010_array
                0x0800c650       0x34 C:\Users\Pasquale\AppData\Local\Temp\ccrsDHYl.ltrans0.ltrans.o
 .rodata.rt_test_suite
                0x0800c684        0x8 C:\Users\Pasquale\AppData\Local\Temp\ccrsDHYl.ltrans0.ltrans.o
 .rodata.rt_test_suite_array
                0x0800c68c       0x2c C:\Users\Pasquale\AppData\Local\Temp\ccrsDHYl.ltrans0.ltrans.o
 .rodata.shellThread.str1.4
                0x0800c6b8       0x6d C:\Users\Pasquale\AppData\Local\Temp\ccrsDHYl.ltrans0.ltrans.o
 *fill*         0x0800c725        0x3 
 .rodata.shell_cfg1
                0x0800c728        0x8 C:\Users\Pasquale\AppData\Local\Temp\ccrsDHYl.ltrans0.ltrans.o
 .rodata.shell_local_commands
                0x0800c730       0x40 C:\Users\Pasquale\AppData\Local\Temp\ccrsDHYl.ltrans0.ltrans.o
 .rodata.states.8130
                0x0800c770       0x40 C:\Users\Pasquale\AppData\Local\Temp\ccrsDHYl.ltrans0.ltrans.o
 .rodata.str1.4
                0x0800c7b0      0x9c9 C:\Users\Pasquale\AppData\Local\Temp\ccrsDHYl.ltrans0.ltrans.o
 *fill*         0x0800d179        0x3 
 .rodata.test_execute.str1.4
                0x0800d17c       0xec C:\Users\Pasquale\AppData\Local\Temp\ccrsDHYl.ltrans0.ltrans.o
                                 0xf4 (size before relaxing)
 .rodata.test_println.str1.4
                0x0800d268       0xec C:\Users\Pasquale\AppData\Local\Temp\ccrsDHYl.ltrans0.ltrans.o
                                  0x3 (size before relaxing)
 .rodata.vmt    0x0800d268       0x28 C:\Users\Pasquale\AppData\Local\Temp\ccrsDHYl.ltrans0.ltrans.o
 .rodata.wa     0x0800d290       0x14 C:\Users\Pasquale\AppData\Local\Temp\ccrsDHYl.ltrans0.ltrans.o
                0x0800d354                . = ALIGN (0x4)
                0x0800d354                __rodata_end__ = .

.rel.dyn        0x0800d2a4        0x0
 .rel.iplt      0x0800d2a4        0x0 ./build/obj/crt0_v7m.o

.ARM.extab
 *(.ARM.extab* .gnu.linkonce.armextab.*)

.ARM.exidx      0x0800d2a4        0x0
                0x0800d2a4                __exidx_start = .
 *(.ARM.exidx* .gnu.linkonce.armexidx.*)
                0x0800d2a4                __exidx_end = .

.eh_frame_hdr
 *(.eh_frame_hdr)

.eh_frame
 *(.eh_frame)

.data           0x20000800      0x4e0 load address 0x0800d2a4
                [!provide]                PROVIDE (_textdata, LOADADDR (.data))
                [!provide]                PROVIDE (_data, .)
                0x0800d2a4                _textdata_start = LOADADDR (.data)
                0x20000800                _data_start = .
 *(.data)
 *(.data.*)
 .data.buf.8053
                0x20000800      0x401 C:\Users\Pasquale\AppData\Local\Temp\ccrsDHYl.ltrans0.ltrans.o
 *fill*         0x20000c01        0x3 
 .data.c1       0x20000c04        0x8 C:\Users\Pasquale\AppData\Local\Temp\ccrsDHYl.ltrans0.ltrans.o
 .data.es1      0x20000c0c        0x4 C:\Users\Pasquale\AppData\Local\Temp\ccrsDHYl.ltrans0.ltrans.o
 .data.es2      0x20000c10        0x4 C:\Users\Pasquale\AppData\Local\Temp\ccrsDHYl.ltrans0.ltrans.o
 .data.gmp1     0x20000c14       0x1c C:\Users\Pasquale\AppData\Local\Temp\ccrsDHYl.ltrans0.ltrans.o
 .data.m1       0x20000c30       0x10 C:\Users\Pasquale\AppData\Local\Temp\ccrsDHYl.ltrans0.ltrans.o
 .data.m2       0x20000c40       0x10 C:\Users\Pasquale\AppData\Local\Temp\ccrsDHYl.ltrans0.ltrans.o
 .data.mb1      0x20000c50       0x28 C:\Users\Pasquale\AppData\Local\Temp\ccrsDHYl.ltrans0.ltrans.o
 .data.mp1.lto_priv.98
                0x20000c78       0x10 C:\Users\Pasquale\AppData\Local\Temp\ccrsDHYl.ltrans0.ltrans.o
 .data.myobj.7635
                0x20000c88        0x4 C:\Users\Pasquale\AppData\Local\Temp\ccrsDHYl.ltrans0.ltrans.o
 .data.myobj.7637
                0x20000c8c        0x4 C:\Users\Pasquale\AppData\Local\Temp\ccrsDHYl.ltrans0.ltrans.o
 .data.pipe1    0x20000c90       0x50 C:\Users\Pasquale\AppData\Local\Temp\ccrsDHYl.ltrans0.ltrans.o
 *(.ramtext)
                0x20000ce0                . = ALIGN (0x4)
                [!provide]                PROVIDE (_edata, .)
                0x20000ce0                _data_end = .

.igot.plt       0x20000ce0        0x0 load address 0x0800d784
 .igot.plt      0x20000ce0        0x0 ./build/obj/crt0_v7m.o

.bss            0x20000ce0     0x1160 load address 0x0800d784
                0x20000ce0                _bss_start = .
 *(.bss)
 *(.bss.*)
 .bss.ADCD1     0x20000ce0       0x34 C:\Users\Pasquale\AppData\Local\Temp\ccrsDHYl.ltrans0.ltrans.o
 .bss.SD2       0x20000d14       0x7c C:\Users\Pasquale\AppData\Local\Temp\ccrsDHYl.ltrans0.ltrans.o
 .bss.buffer    0x20000d90       0x10 C:\Users\Pasquale\AppData\Local\Temp\ccrsDHYl.ltrans0.ltrans.o
 .bss.ch        0x20000da0       0x78 C:\Users\Pasquale\AppData\Local\Temp\ccrsDHYl.ltrans0.ltrans.o
 .bss.ch_factory
                0x20000e18       0x48 C:\Users\Pasquale\AppData\Local\Temp\ccrsDHYl.ltrans0.ltrans.o
 .bss.ch_idle_thread_wa
                0x20000e60       0xd8 C:\Users\Pasquale\AppData\Local\Temp\ccrsDHYl.ltrans0.ltrans.o
 .bss.ch_memcore
                0x20000f38        0x8 C:\Users\Pasquale\AppData\Local\Temp\ccrsDHYl.ltrans0.ltrans.o
 .bss.default_heap
                0x20000f40       0x1c C:\Users\Pasquale\AppData\Local\Temp\ccrsDHYl.ltrans0.ltrans.o
 .bss.dma       0x20000f5c       0x84 C:\Users\Pasquale\AppData\Local\Temp\ccrsDHYl.ltrans0.ltrans.o
 .bss.flag2     0x20000fe0        0x1 C:\Users\Pasquale\AppData\Local\Temp\ccrsDHYl.ltrans0.ltrans.o
 *fill*         0x20000fe1        0x3 
 .bss.heap1     0x20000fe4       0x1c C:\Users\Pasquale\AppData\Local\Temp\ccrsDHYl.ltrans0.ltrans.o
 .bss.lastvalue
                0x20001000        0x4 C:\Users\Pasquale\AppData\Local\Temp\ccrsDHYl.ltrans0.ltrans.o
 .bss.mb_buffer
                0x20001004       0x10 C:\Users\Pasquale\AppData\Local\Temp\ccrsDHYl.ltrans0.ltrans.o