Archive member included to satisfy reference by file (symbol)

c:/chibistudio/tools/gnu tools arm embedded/7.0 2017q4/bin/../lib/gcc/arm-none-eabi/7.2.1/../../../../arm-none-eabi/lib/thumb/v7e-m\libg.a(lib_a-memcmp.o)
                              C:\Users\Pasquale\AppData\Local\Temp\cciaa1RM.ltrans0.ltrans.o (memcmp)
c:/chibistudio/tools/gnu tools arm embedded/7.0 2017q4/bin/../lib/gcc/arm-none-eabi/7.2.1/../../../../arm-none-eabi/lib/thumb/v7e-m\libg.a(lib_a-memcpy.o)
                              C:\Users\Pasquale\AppData\Local\Temp\cciaa1RM.ltrans0.ltrans.o (memcpy)
c:/chibistudio/tools/gnu tools arm embedded/7.0 2017q4/bin/../lib/gcc/arm-none-eabi/7.2.1/../../../../arm-none-eabi/lib/thumb/v7e-m\libg.a(lib_a-memset.o)
                              C:\Users\Pasquale\AppData\Local\Temp\cciaa1RM.ltrans0.ltrans.o (memset)
c:/chibistudio/tools/gnu tools arm embedded/7.0 2017q4/bin/../lib/gcc/arm-none-eabi/7.2.1/../../../../arm-none-eabi/lib/thumb/v7e-m\libg.a(lib_a-strchr.o)
                              C:\Users\Pasquale\AppData\Local\Temp\cciaa1RM.ltrans0.ltrans.o (strchr)
c:/chibistudio/tools/gnu tools arm embedded/7.0 2017q4/bin/../lib/gcc/arm-none-eabi/7.2.1/../../../../arm-none-eabi/lib/thumb/v7e-m\libg.a(lib_a-strcmp.o)
                              C:\Users\Pasquale\AppData\Local\Temp\cciaa1RM.ltrans0.ltrans.o (strcmp)
c:/chibistudio/tools/gnu tools arm embedded/7.0 2017q4/bin/../lib/gcc/arm-none-eabi/7.2.1/../../../../arm-none-eabi/lib/thumb/v7e-m\libg.a(lib_a-strncmp.o)
                              C:\Users\Pasquale\AppData\Local\Temp\cciaa1RM.ltrans0.ltrans.o (strncmp)
c:/chibistudio/tools/gnu tools arm embedded/7.0 2017q4/bin/../lib/gcc/arm-none-eabi/7.2.1/../../../../arm-none-eabi/lib/thumb/v7e-m\libg.a(lib_a-strncpy.o)
                              C:\Users\Pasquale\AppData\Local\Temp\cciaa1RM.ltrans0.ltrans.o (strncpy)
c:/chibistudio/tools/gnu tools arm embedded/7.0 2017q4/bin/../lib/gcc/arm-none-eabi/7.2.1/../../../../arm-none-eabi/lib/thumb/v7e-m\libg.a(lib_a-strpbrk.o)
                              C:\Users\Pasquale\AppData\Local\Temp\cciaa1RM.ltrans0.ltrans.o (strpbrk)
c:/chibistudio/tools/gnu tools arm embedded/7.0 2017q4/bin/../lib/gcc/arm-none-eabi/7.2.1/../../../../arm-none-eabi/lib/thumb/v7e-m\libg.a(lib_a-strspn.o)
                              C:\Users\Pasquale\AppData\Local\Temp\cciaa1RM.ltrans0.ltrans.o (strspn)

Discarded input sections

 .data          0x00000000        0x0 ./build/obj/crt0_v7m.o
 .bss           0x00000000        0x0 ./build/obj/crt0_v7m.o
 .data          0x00000000        0x0 ./build/obj/vectors.o
 .bss           0x00000000        0x0 ./build/obj/vectors.o
 .data          0x00000000        0x0 ./build/obj/chcoreasm_v7m.o
 .bss           0x00000000        0x0 ./build/obj/chcoreasm_v7m.o
 .text          0x00000000        0x0 C:\Users\Pasquale\AppData\Local\Temp\cciaa1RM.ltrans0.ltrans.o
 .data          0x00000000        0x0 C:\Users\Pasquale\AppData\Local\Temp\cciaa1RM.ltrans0.ltrans.o
 .bss           0x00000000        0x0 C:\Users\Pasquale\AppData\Local\Temp\cciaa1RM.ltrans0.ltrans.o
 .text          0x00000000        0x0 c:/chibistudio/tools/gnu tools arm embedded/7.0 2017q4/bin/../lib/gcc/arm-none-eabi/7.2.1/../../../../arm-none-eabi/lib/thumb/v7e-m\libg.a(lib_a-memcmp.o)
 .data          0x00000000        0x0 c:/chibistudio/tools/gnu tools arm embedded/7.0 2017q4/bin/../lib/gcc/arm-none-eabi/7.2.1/../../../../arm-none-eabi/lib/thumb/v7e-m\libg.a(lib_a-memcmp.o)
 .bss           0x00000000        0x0 c:/chibistudio/tools/gnu tools arm embedded/7.0 2017q4/bin/../lib/gcc/arm-none-eabi/7.2.1/../../../../arm-none-eabi/lib/thumb/v7e-m\libg.a(lib_a-memcmp.o)
 .data          0x00000000        0x0 c:/chibistudio/tools/gnu tools arm embedded/7.0 2017q4/bin/../lib/gcc/arm-none-eabi/7.2.1/../../../../arm-none-eabi/lib/thumb/v7e-m\libg.a(lib_a-memcpy.o)
 .bss           0x00000000        0x0 c:/chibistudio/tools/gnu tools arm embedded/7.0 2017q4/bin/../lib/gcc/arm-none-eabi/7.2.1/../../../../arm-none-eabi/lib/thumb/v7e-m\libg.a(lib_a-memcpy.o)
 .text          0x00000000        0x0 c:/chibistudio/tools/gnu tools arm embedded/7.0 2017q4/bin/../lib/gcc/arm-none-eabi/7.2.1/../../../../arm-none-eabi/lib/thumb/v7e-m\libg.a(lib_a-memset.o)
 .data          0x00000000        0x0 c:/chibistudio/tools/gnu tools arm embedded/7.0 2017q4/bin/../lib/gcc/arm-none-eabi/7.2.1/../../../../arm-none-eabi/lib/thumb/v7e-m\libg.a(lib_a-memset.o)
 .bss           0x00000000        0x0 c:/chibistudio/tools/gnu tools arm embedded/7.0 2017q4/bin/../lib/gcc/arm-none-eabi/7.2.1/../../../../arm-none-eabi/lib/thumb/v7e-m\libg.a(lib_a-memset.o)
 .text          0x00000000        0x0 c:/chibistudio/tools/gnu tools arm embedded/7.0 2017q4/bin/../lib/gcc/arm-none-eabi/7.2.1/../../../../arm-none-eabi/lib/thumb/v7e-m\libg.a(lib_a-strchr.o)
[...]
Memory Configuration

Name             Origin             Length             Attributes
flash0           0x08000000         0x00080000
flash1           0x00000000         0x00000000
flash2           0x00000000         0x00000000
flash3           0x00000000         0x00000000
flash4           0x00000000         0x00000000
flash5           0x00000000         0x00000000
flash6           0x00000000         0x00000000
flash7           0x00000000         0x00000000
ram0             0x20000000         0x00018000
ram1             0x00000000         0x00000000
ram2             0x00000000         0x00000000
ram3             0x00000000         0x00000000
ram4             0x00000000         0x00000000
ram5             0x00000000         0x00000000
ram6             0x00000000         0x00000000
ram7             0x00000000         0x00000000
*default*        0x00000000         0xffffffff

Linker script and memory map

LOAD ./build/obj/crt0_v7m.o
LOAD ./build/obj/vectors.o
LOAD ./build/obj/chcoreasm_v7m.o
LOAD C:\Users\Pasquale\AppData\Local\Temp\cciaa1RM.ltrans0.ltrans.o

.mstack         0x20000000      0x400
                0x20000000                . = ALIGN (0x8)
                0x20000000                __main_stack_base__ = .
                0x20000400                . = (. + __main_stack_size__)
 *fill*         0x20000000      0x400 
                0x20000400                . = ALIGN (0x8)
                0x20000400                __main_stack_end__ = .

.pstack         0x20000400      0x400
                0x20000400                . = ALIGN (0x8)
                0x20000400                __process_stack_base__ = .
                0x20000400                __main_thread_stack_base__ = .
                0x20000800                . = (. + __process_stack_size__)
 *fill*         0x20000400      0x400 
                0x20000800                . = ALIGN (0x8)
                0x20000800                __process_stack_end__ = .
                0x20000800                __main_thread_stack_end__ = .

.vectors        0x08000000      0x1e0
 *(.vectors)
 .vectors       0x08000000      0x1e0 ./build/obj/vectors.o
                0x08000000                _vectors

.xtors          0x080001e0        0x0
                0x080001e0                __init_array_start = .
 *(SORT_BY_NAME(.init_array.*))
 *(.init_array)
                0x080001e0                __init_array_end = .
                0x080001e0                __fini_array_start = .
 *(.fini_array)
 *(SORT_BY_NAME(.fini_array.*))
                0x080001e0                __fini_array_end = .

.text           0x080001e0     0x96b8
                0x080001e0                __text_base = .
 *(.text)
 .text          0x080001e0       0xd8 ./build/obj/crt0_v7m.o
                0x080001e0                _crt0_entry
 .text          0x080002b8        0x8 ./build/obj/vectors.o
                0x080002b8                Reset_Handler
                0x080002ba                VectorE8
                0x080002ba                Vector9C
                0x080002ba                VectorAC
                0x080002ba                DebugMon_Handler
                0x080002ba                Vector1A0
                0x080002ba                Vector5C
                0x080002ba                Vector11C
                0x080002ba                HardFault_Handler
                0x080002ba                Vector1B8
                0x080002ba                Vector19C
                0x080002ba                Vector8C
                0x080002ba                SysTick_Handler
                0x080002ba                VectorDC
                0x080002ba                PendSV_Handler
                0x080002ba                Vector168
                0x080002ba                NMI_Handler
                0x080002ba                Vector110
                0x080002ba                Vector1D8
                0x080002ba                VectorC8
                0x080002ba                Vector94
                0x080002ba                VectorA8
                0x080002ba                VectorB4
                0x080002ba                Vector160
                0x080002ba                Vector1B0
                0x080002ba                UsageFault_Handler
                0x080002ba                VectorEC
                0x080002ba                Vector40
                0x080002ba                VectorF8
                0x080002ba                Vector108
                0x080002ba                VectorBC
                0x080002ba                Vector190
                0x080002ba                Vector1C4
                0x080002ba                Vector1CC
                0x080002ba                Vector148
                0x080002ba                Vector188
                0x080002ba                Vector198
                0x080002ba                Vector118
                0x080002ba                Vector64
                0x080002ba                Vector58
                0x080002ba                VectorCC
                0x080002ba                Vector54
                0x080002ba                Vector98
                0x080002ba                Vector138
                0x080002ba                Vector24
                0x080002ba                Vector1AC
                0x080002ba                Vector178
                0x080002ba                Vector1A4
                0x080002ba                VectorD0
                0x080002ba                Vector1B4
                0x080002ba                Vector140
                0x080002ba                VectorE4
                0x080002ba                VectorC0
                0x080002ba                Vector1C0
                0x080002ba                Vector134
                0x080002ba                Vector1D0
                0x080002ba                VectorF0
                0x080002ba                Vector13C
                0x080002ba                Vector100
                0x080002ba                VectorE0
                0x080002ba                VectorF4
                0x080002ba                MemManage_Handler
                0x080002ba                VectorA0
                0x080002ba                VectorC4
                0x080002ba                Vector180
                0x080002ba                Vector90
                0x080002ba                Vector114
                0x080002ba                Vector164
                0x080002ba                Vector60
                0x080002ba                Vector1C
                0x080002ba                Vector1BC
                0x080002ba                Vector1D4
                0x080002ba                Vector17C
                0x080002ba                Vector48
                0x080002ba                Vector1A8
                0x080002ba                Vector16C
                0x080002ba                VectorD4
                0x080002ba                Vector4C
                0x080002ba                Vector144
                0x080002ba                Vector15C
                0x080002ba                Vector68
                0x080002ba                Vector18C
                0x080002ba                Vector170
                0x080002ba                Vector104
                0x080002ba                Vector184
                0x080002ba                Vector10C
                0x080002ba                Vector14C
                0x080002ba                BusFault_Handler
                0x080002ba                Vector50
                0x080002ba                Vector1C8
                0x080002ba                Vector194
                0x080002ba                Vector1DC
                0x080002ba                Vector44
                0x080002ba                Vector28
                0x080002ba                VectorB8
                0x080002ba                Vector34
                0x080002ba                VectorA4
                0x080002ba                Vector20
                0x080002ba                Vector174
                0x080002be                _unhandled_exception
 .text          0x080002c0       0x28 ./build/obj/chcoreasm_v7m.o
                0x080002c0                _port_switch
                0x080002d0                _port_thread_start
                0x080002e0                _port_switch_from_isr
                0x080002e4                _port_exit_from_isr
 .text          0x080002e8      0x134 c:/chibistudio/tools/gnu tools arm embedded/7.0 2017q4/bin/../lib/gcc/arm-none-eabi/7.2.1/../../../../arm-none-eabi/lib/thumb/v7e-m\libg.a(lib_a-memcpy.o)
                0x080002e8                memcpy
 *fill*         0x0800041c        0x4 
 .text          0x08000420      0x2dc c:/chibistudio/tools/gnu tools arm embedded/7.0 2017q4/bin/../lib/gcc/arm-none-eabi/7.2.1/../../../../arm-none-eabi/lib/thumb/v7e-m\libg.a(lib_a-strcmp.o)
                0x08000428                strcmp
 *(.text.*)
 *fill*         0x080006fc        0x4 
 .text.adc_lld_stop_conversion.constprop.77
                0x08000700       0x3c C:\Users\Pasquale\AppData\Local\Temp\cciaa1RM.ltrans0.ltrans.o
 *fill*         0x0800073c        0x4 
 .text._pal_lld_setgroupmode.constprop.76
                0x08000740       0x8c C:\Users\Pasquale\AppData\Local\Temp\cciaa1RM.ltrans0.ltrans.o
 *fill*         0x080007cc        0x4 
 .text.chTMStartMeasurementX.constprop.70
                0x080007d0        0xc C:\Users\Pasquale\AppData\Local\Temp\cciaa1RM.ltrans0.ltrans.o
 *fill*         0x080007dc        0x4 
 .text.chMtxTryLock.constprop.62
                0x080007e0       0x34 C:\Users\Pasquale\AppData\Local\Temp\cciaa1RM.ltrans0.ltrans.o
 *fill*         0x08000814        0xc 
 .text.chEvtGetAndClearEvents.constprop.52
                0x08000820       0x1c C:\Users\Pasquale\AppData\Local\Temp\cciaa1RM.ltrans0.ltrans.o
 *fill*         0x0800083c        0x4 
 .text._test_assert_time_window.constprop.1
                0x08000840       0x34 C:\Users\Pasquale\AppData\Local\Temp\cciaa1RM.ltrans0.ltrans.o
 *fill*         0x08000874        0xc 
 .text.chCoreAllocAlignedWithOffset
                0x08000880       0x44 C:\Users\Pasquale\AppData\Local\Temp\cciaa1RM.ltrans0.ltrans.o
 *fill*         0x080008c4        0xc 
 .text.notify2  0x080008d0       0x10 C:\Users\Pasquale\AppData\Local\Temp\cciaa1RM.ltrans0.ltrans.o
 .text.oslib_test_004_001_setup
                0x080008e0       0x38 C:\Users\Pasquale\AppData\Local\Temp\cciaa1RM.ltrans0.ltrans.o
 *fill*         0x08000918        0x8 
 .text.oslib_test_003_003_setup
                0x08000920       0x1c C:\Users\Pasquale\AppData\Local\Temp\cciaa1RM.ltrans0.ltrans.o
 *fill*         0x0800093c        0x4 
 .text.oslib_test_003_002_setup
                0x08000940        0x4 C:\Users\Pasquale\AppData\Local\Temp\cciaa1RM.ltrans0.ltrans.o
 *fill*         0x08000944        0xc 
 .text.null_provider
                0x08000950        0x4 C:\Users\Pasquale\AppData\Local\Temp\cciaa1RM.ltrans0.ltrans.o
 *fill*         0x08000954        0xc 
 .text.oslib_test_003_001_setup
                0x08000960       0x14 C:\Users\Pasquale\AppData\Local\Temp\cciaa1RM.ltrans0.ltrans.o
 *fill*         0x08000974        0xc 
 .text.oslib_test_002_002_setup
                0x08000980       0x48 C:\Users\Pasquale\AppData\Local\Temp\cciaa1RM.ltrans0.ltrans.o
 *fill*         0x080009c8        0x8 
 .text.oslib_test_002_001_setup
                0x080009d0       0x48 C:\Users\Pasquale\AppData\Local\Temp\cciaa1RM.ltrans0.ltrans.o
 *fill*         0x08000a18        0x8 
 .text.oslib_test_001_003_setup
                0x08000a20       0x34 C:\Users\Pasquale\AppData\Local\Temp\cciaa1RM.ltrans0.ltrans.o
 *fill*         0x08000a54        0xc 
 .text.oslib_test_001_002_setup
                0x08000a60        0x4 C:\Users\Pasquale\AppData\Local\Temp\cciaa1RM.ltrans0.ltrans.o
 *fill*         0x08000a64        0xc 
 .text.oslib_test_001_001_setup
                0x08000a70        0x4 C:\Users\Pasquale\AppData\Local\Temp\cciaa1RM.ltrans0.ltrans.o
 *fill*         0x08000a74        0xc 
 .text.rt_test_010_011_setup
                0x08000a80       0x10 C:\Users\Pasquale\AppData\Local\Temp\cciaa1RM.ltrans0.ltrans.o
 .text.rt_test_010_010_setup
                0x08000a90       0x10 C:\Users\Pasquale\AppData\Local\Temp\cciaa1RM.ltrans0.ltrans.o
 .text.tmo      0x08000aa0        0x4 C:\Users\Pasquale\AppData\Local\Temp\cciaa1RM.ltrans0.ltrans.o
 *fill*         0x08000aa4        0xc 
 .text.rt_test_010_007_setup
                0x08000ab0       0x10 C:\Users\Pasquale\AppData\Local\Temp\cciaa1RM.ltrans0.ltrans.o
 .text.rt_test_009_002_setup
                0x08000ac0       0x18 C:\Users\Pasquale\AppData\Local\Temp\cciaa1RM.ltrans0.ltrans.o
 *fill*         0x08000ad8        0x8 
 .text.rt_test_009_001_setup
                0x08000ae0       0x38 C:\Users\Pasquale\AppData\Local\Temp\cciaa1RM.ltrans0.ltrans.o
 *fill*         0x08000b18        0x8 
 .text.rt_test_008_007_setup
                0x08000b20       0x18 C:\Users\Pasquale\AppData\Local\Temp\cciaa1RM.ltrans0.ltrans.o
 *fill*         0x08000b38        0x8 
 .text.rt_test_008_006_setup
                0x08000b40        0x4 C:\Users\Pasquale\AppData\Local\Temp\cciaa1RM.ltrans0.ltrans.o
 *fill*         0x08000b44        0xc 
 .text.rt_test_008_005_setup
                0x08000b50        0x4 C:\Users\Pasquale\AppData\Local\Temp\cciaa1RM.ltrans0.ltrans.o
 *fill*         0x08000b54        0xc 
 .text.rt_test_008_004_setup
                0x08000b60        0x4 C:\Users\Pasquale\AppData\Local\Temp\cciaa1RM.ltrans0.ltrans.o
 *fill*         0x08000b64        0xc 
 .text.rt_test_008_003_setup
                0x08000b70        0x4 C:\Users\Pasquale\AppData\Local\Temp\cciaa1RM.ltrans0.ltrans.o
 *fill*         0x08000b74        0xc 
 .text.rt_test_008_002_setup
                0x08000b80        0x4 C:\Users\Pasquale\AppData\Local\Temp\cciaa1RM.ltrans0.ltrans.o
 *fill*         0x08000b84        0xc 
 .text.rt_test_006_009_setup
                0x08000b90       0x28 C:\Users\Pasquale\AppData\Local\Temp\cciaa1RM.ltrans0.ltrans.o
 *fill*         0x08000bb8        0x8 
 .text.rt_test_006_008_setup
                0x08000bc0       0x1c C:\Users\Pasquale\AppData\Local\Temp\cciaa1RM.ltrans0.ltrans.o
 *fill*         0x08000bdc        0x4 
 .text.rt_test_006_007_setup
                0x08000be0        0x4 C:\Users\Pasquale\AppData\Local\Temp\cciaa1RM.ltrans0.ltrans.o
 *fill*         0x08000be4        0xc 
 .text.rt_test_006_005_setup
                0x08000bf0       0x10 C:\Users\Pasquale\AppData\Local\Temp\cciaa1RM.ltrans0.ltrans.o
 .text.rt_test_006_004_setup
                0x08000c00       0x1c C:\Users\Pasquale\AppData\Local\Temp\cciaa1RM.ltrans0.ltrans.o
 *fill*         0x08000c1c        0x4 
 .text.rt_test_006_001_setup
                0x08000c20        0x4 C:\Users\Pasquale\AppData\Local\Temp\cciaa1RM.ltrans0.ltrans.o
 *fill*         0x08000c24        0xc 
 .text.rt_test_005_005_setup
                0x08000c30       0x10 C:\Users\Pasquale\AppData\Local\Temp\cciaa1RM.ltrans0.ltrans.o
 .text.rt_test_005_004_setup
                0x08000c40        0x4 C:\Users\Pasquale\AppData\Local\Temp\cciaa1RM.ltrans0.ltrans.o
 *fill*         0x08000c44        0xc 
 .text.rt_test_005_003_setup
                0x08000c50        0x4 C:\Users\Pasquale\AppData\Local\Temp\cciaa1RM.ltrans0.ltrans.o
 *fill*         0x08000c54        0xc 
 .text.rt_test_005_002_setup
                0x08000c60        0x4 C:\Users\Pasquale\AppData\Local\Temp\cciaa1RM.ltrans0.ltrans.o
 *fill*         0x08000c64        0xc 
 .text.rt_test_005_001_setup
                0x08000c70       0x10 C:\Users\Pasquale\AppData\Local\Temp\cciaa1RM.ltrans0.ltrans.o
 .text.rt_test_004_001_setup
                0x08000c80        0xc C:\Users\Pasquale\AppData\Local\Temp\cciaa1RM.ltrans0.ltrans.o
 *fill*         0x08000c8c        0x4 
 .text._test_assert
                0x08000c90       0x28 C:\Users\Pasquale\AppData\Local\Temp\cciaa1RM.ltrans0.ltrans.o
 *fill*         0x08000cb8        0x8 
 .text.rt_test_002_004_execute
                0x08000cc0       0x18 C:\Users\Pasquale\AppData\Local\Temp\cciaa1RM.ltrans0.ltrans.o
 *fill*         0x08000cd8        0x8 
 .text.rt_test_002_003_execute
                0x08000ce0       0x24 C:\Users\Pasquale\AppData\Local\Temp\cciaa1RM.ltrans0.ltrans.o
 *fill*         0x08000d04        0xc 
 .text.test_terminate_threads
                0x08000d10       0x34 C:\Users\Pasquale\AppData\Local\Temp\cciaa1RM.ltrans0.ltrans.o
 *fill*         0x08000d44        0xc 
 .text.test_printn.part.0
                0x08000d50       0x58 C:\Users\Pasquale\AppData\Local\Temp\cciaa1RM.ltrans0.ltrans.o
 *fill*         0x08000da8        0x8 
 .text.test_printn
                0x08000db0       0x18 C:\Users\Pasquale\AppData\Local\Temp\cciaa1RM.ltrans0.ltrans.o
 *fill*         0x08000dc8        0x8 
 .text.test_emit_token
                0x08000dd0       0x28 C:\Users\Pasquale\AppData\Local\Temp\cciaa1RM.ltrans0.ltrans.o
 *fill*         0x08000df8        0x8 
 .text.h3       0x08000e00        0x8 C:\Users\Pasquale\AppData\Local\Temp\cciaa1RM.ltrans0.ltrans.o
 *fill*         0x08000e08        0x8 
 .text.h2       0x08000e10        0x8 C:\Users\Pasquale\AppData\Local\Temp\cciaa1RM.ltrans0.ltrans.o
 *fill*         0x08000e18        0x8 
 .text.h1       0x08000e20        0x8 C:\Users\Pasquale\AppData\Local\Temp\cciaa1RM.ltrans0.ltrans.o
 *fill*         0x08000e28        0x8 
 .text.thread   0x08000e30        0x8 C:\Users\Pasquale\AppData\Local\Temp\cciaa1RM.ltrans0.ltrans.o
 *fill*         0x08000e38        0x8 
 .text.dyn_thread1
                0x08000e40        0x4 C:\Users\Pasquale\AppData\Local\Temp\cciaa1RM.ltrans0.ltrans.o
 *fill*         0x08000e44        0xc 
 .text.test_println
                0x08000e50       0x38 C:\Users\Pasquale\AppData\Local\Temp\cciaa1RM.ltrans0.ltrans.o
 *fill*         0x08000e88        0x8 
 .text.test_print
                0x08000e90       0x24 C:\Users\Pasquale\AppData\Local\Temp\cciaa1RM.ltrans0.ltrans.o
 *fill*         0x08000eb4        0xc 
 .text._test_assert_sequence
                0x08000ec0       0x4c C:\Users\Pasquale\AppData\Local\Temp\cciaa1RM.ltrans0.ltrans.o
 *fill*         0x08000f0c        0x4 
 .text.rt_test_008_002_execute
                0x08000f10       0x50 C:\Users\Pasquale\AppData\Local\Temp\cciaa1RM.ltrans0.ltrans.o
 .text.print_line
                0x08000f60       0x2c C:\Users\Pasquale\AppData\Local\Temp\cciaa1RM.ltrans0.ltrans.o
 *fill*         0x08000f8c        0x4 
 .text._port_irq_epilogue
                0x08000f90       0x54 C:\Users\Pasquale\AppData\Local\Temp\cciaa1RM.ltrans0.ltrans.o
 *fill*         0x08000fe4        0xc 
 .text.chCoreAllocAlignedI
                0x08000ff0       0x34 C:\Users\Pasquale\AppData\Local\Temp\cciaa1RM.ltrans0.ltrans.o
 *fill*         0x08001024        0xc 
 .text.chPoolAlloc
                0x08001030       0x30 C:\Users\Pasquale\AppData\Local\Temp\cciaa1RM.ltrans0.ltrans.o
 .text.oslib_test_003_001_execute
                0x08001060      0x10c C:\Users\Pasquale\AppData\Local\Temp\cciaa1RM.ltrans0.ltrans.o
 *fill*         0x0800116c        0x4 
 .text.chEvtAddEvents
                0x08001170       0x1c C:\Users\Pasquale\AppData\Local\Temp\cciaa1RM.ltrans0.ltrans.o
 *fill*         0x0800118c        0x4 
 .text.chEvtUnregister
                0x08001190       0x2c C:\Users\Pasquale\AppData\Local\Temp\cciaa1RM.ltrans0.ltrans.o
 *fill*         0x080011bc        0x4 
 .text.rt_test_008_001_execute
                0x080011c0       0xf4 C:\Users\Pasquale\AppData\Local\Temp\cciaa1RM.ltrans0.ltrans.o
 *fill*         0x080012b4        0xc 
 .text.chTMStopMeasurementX
                0x080012c0       0x44 C:\Users\Pasquale\AppData\Local\Temp\cciaa1RM.ltrans0.ltrans.o
 *fill*         0x08001304        0xc 
 .text.chThdCreateSuspendedI
                0x08001310       0x78 C:\Users\Pasquale\AppData\Local\Temp\cciaa1RM.ltrans0.ltrans.o
 *fill*         0x08001388        0x8 
 .text.wakeup   0x08001390       0x70 C:\Users\Pasquale\AppData\Local\Temp\cciaa1RM.ltrans0.ltrans.o
 .text.chSchReadyI
                0x08001400       0x28 C:\Users\Pasquale\AppData\Local\Temp\cciaa1RM.ltrans0.ltrans.o
 *fill*         0x08001428        0x8 
 .text.chThdDequeueNextI.constprop.84
                0x08001430       0x18 C:\Users\Pasquale\AppData\Local\Temp\cciaa1RM.ltrans0.ltrans.o
 *fill*         0x08001448        0x8 
 .text.chMBPostI.constprop.36
                0x08001450       0x48 C:\Users\Pasquale\AppData\Local\Temp\cciaa1RM.ltrans0.ltrans.o
 *fill*         0x08001498        0x8 
 .text.chMBPostAheadI.constprop.33
                0x080014a0       0x48 C:\Users\Pasquale\AppData\Local\Temp\cciaa1RM.ltrans0.ltrans.o
 *fill*         0x080014e8        0x8 
 .text.chMBFetchI.constprop.30
                0x080014f0       0x48 C:\Users\Pasquale\AppData\Local\Temp\cciaa1RM.ltrans0.ltrans.o
 *fill*         0x08001538        0x8 
 .text.chThdDequeueAllI.constprop.68
                0x08001540       0x24 C:\Users\Pasquale\AppData\Local\Temp\cciaa1RM.ltrans0.ltrans.o
 *fill*         0x08001564        0xc 
 .text.chCondSignalI.constprop.59
                0x08001570       0x24 C:\Users\Pasquale\AppData\Local\Temp\cciaa1RM.ltrans0.ltrans.o
 *fill*         0x08001594        0xc 
 .text.chEvtSignalI
                0x080015a0       0x2c C:\Users\Pasquale\AppData\Local\Temp\cciaa1RM.ltrans0.ltrans.o
 *fill*         0x080015cc        0x4 
 .text.chEvtBroadcastFlagsI
                0x080015d0       0x2c C:\Users\Pasquale\AppData\Local\Temp\cciaa1RM.ltrans0.ltrans.o
 *fill*         0x080015fc        0x4 
 .text.chMtxUnlockS
                0x08001600       0x50 C:\Users\Pasquale\AppData\Local\Temp\cciaa1RM.ltrans0.ltrans.o
 .text.chSemSignalI
                0x08001650       0x20 C:\Users\Pasquale\AppData\Local\Temp\cciaa1RM.ltrans0.ltrans.o
 .text.chThdResumeI
                0x08001670       0x14 C:\Users\Pasquale\AppData\Local\Temp\cciaa1RM.ltrans0.ltrans.o
 *fill*         0x08001684        0xc 
 .text.chVTDoResetI
                0x08001690       0x74 C:\Users\Pasquale\AppData\Local\Temp\cciaa1RM.ltrans0.ltrans.o
 *fill*         0x08001704        0xc 
 .text.chVTDoSetI
                0x08001710       0x84 C:\Users\Pasquale\AppData\Local\Temp\cciaa1RM.ltrans0.ltrans.o
 *fill*         0x08001794        0xc 
 .text.chSysGetStatusAndLockX.part.1
                0x080017a0        0xc C:\Users\Pasquale\AppData\Local\Temp\cciaa1RM.ltrans0.ltrans.o
 *fill*         0x080017ac        0x4 
 .text.chSysIntegrityCheckI
                0x080017b0       0xb0 C:\Users\Pasquale\AppData\Local\Temp\cciaa1RM.ltrans0.ltrans.o
 .text.rt_test_002_001_execute
                0x08001860       0xa8 C:\Users\Pasquale\AppData\Local\Temp\cciaa1RM.ltrans0.ltrans.o
 *fill*         0x08001908        0x8 
 .text._idle_thread
                0x08001910        0x4 C:\Users\Pasquale\AppData\Local\Temp\cciaa1RM.ltrans0.ltrans.o
 *fill*         0x08001914        0xc 
 .text._ctl     0x08001920        0x4 C:\Users\Pasquale\AppData\Local\Temp\cciaa1RM.ltrans0.ltrans.o
 *fill*         0x08001924        0xc 
 .text.rt_test_010_012_execute
                0x08001930       0xfc C:\Users\Pasquale\AppData\Local\Temp\cciaa1RM.ltrans0.ltrans.o
 *fill*         0x08001a2c        0x4 
 .text.rt_test_001_003_execute
                0x08001a30      0x3e0 C:\Users\Pasquale\AppData\Local\Temp\cciaa1RM.ltrans0.ltrans.o
 .text.rt_test_001_002_execute
                0x08001e10       0x8c C:\Users\Pasquale\AppData\Local\Temp\cciaa1RM.ltrans0.ltrans.o
 *fill*         0x08001e9c        0x4 
 .text.rt_test_001_001_execute
                0x08001ea0       0xa8 C:\Users\Pasquale\AppData\Local\Temp\cciaa1RM.ltrans0.ltrans.o
 *fill*         0x08001f48        0x8 
 .text.parse_arguments
                0x08001f50       0x54 C:\Users\Pasquale\AppData\Local\Temp\cciaa1RM.ltrans0.ltrans.o
 *fill*         0x08001fa4        0xc 
 .text.chprintf
                0x08001fb0      0x3dc C:\Users\Pasquale\AppData\Local\Temp\cciaa1RM.ltrans0.ltrans.o
 *fill*         0x0800238c        0x4 
 .text.cmd_test.lto_priv.94
                0x08002390       0xb0 C:\Users\Pasquale\AppData\Local\Temp\cciaa1RM.ltrans0.ltrans.o
 .text.cmd_write
                0x08002440       0x4c C:\Users\Pasquale\AppData\Local\Temp\cciaa1RM.ltrans0.ltrans.o
 *fill*         0x0800248c        0x4 
 .text.cmd_systime
                0x08002490       0x30 C:\Users\Pasquale\AppData\Local\Temp\cciaa1RM.ltrans0.ltrans.o
 .text.cmd_echo
                0x080024c0       0x20 C:\Users\Pasquale\AppData\Local\Temp\cciaa1RM.ltrans0.ltrans.o
 .text.cmd_info
                0x080024e0       0xbc C:\Users\Pasquale\AppData\Local\Temp\cciaa1RM.ltrans0.ltrans.o
 *fill*         0x0800259c        0x4 
 .text.dyn_find_object
                0x080025a0       0x34 C:\Users\Pasquale\AppData\Local\Temp\cciaa1RM.ltrans0.ltrans.o
 *fill*         0x080025d4        0xc 
 .text.dyn_create_object_pool
                0x080025e0       0x50 C:\Users\Pasquale\AppData\Local\Temp\cciaa1RM.ltrans0.ltrans.o
 .text.chThdYield
                0x08002630       0x58 C:\Users\Pasquale\AppData\Local\Temp\cciaa1RM.ltrans0.ltrans.o
 *fill*         0x08002688        0x8 
 .text.bmk_thread8
                0x08002690       0x2c C:\Users\Pasquale\AppData\Local\Temp\cciaa1RM.ltrans0.ltrans.o
 *fill*         0x080026bc        0x4 
 .text.chSchWakeupS
                0x080026c0       0x60 C:\Users\Pasquale\AppData\Local\Temp\cciaa1RM.ltrans0.ltrans.o
 .text.chCondSignal.constprop.60
                0x08002720       0x28 C:\Users\Pasquale\AppData\Local\Temp\cciaa1RM.ltrans0.ltrans.o
 *fill*         0x08002748        0x8 
 .text.chThdCreateFromMemoryPool.constprop.41
                0x08002750       0x5c C:\Users\Pasquale\AppData\Local\Temp\cciaa1RM.ltrans0.ltrans.o
 *fill*         0x080027ac        0x4 
 .text.chSemSignal
                0x080027b0       0x34 C:\Users\Pasquale\AppData\Local\Temp\cciaa1RM.ltrans0.ltrans.o
 *fill*         0x080027e4        0xc 
 .text.chThdCreateStatic
                0x080027f0       0x74 C:\Users\Pasquale\AppData\Local\Temp\cciaa1RM.ltrans0.ltrans.o
 *fill*         0x08002864        0xc 
 .text.cmd_semaforo
                0x08002870       0x78 C:\Users\Pasquale\AppData\Local\Temp\cciaa1RM.ltrans0.ltrans.o
 *fill*         0x080028e8        0x8 
 .text.chSchGoSleepS
                0x080028f0       0x28 C:\Users\Pasquale\AppData\Local\Temp\cciaa1RM.ltrans0.ltrans.o
 *fill*         0x08002918        0x8 
 .text.chEvtWaitOne.constprop.48
                0x08002920       0x34 C:\Users\Pasquale\AppData\Local\Temp\cciaa1RM.ltrans0.ltrans.o
 *fill*         0x08002954        0xc 
 .text.chEvtWaitAny.constprop.47
                0x08002960       0x2c C:\Users\Pasquale\AppData\Local\Temp\cciaa1RM.ltrans0.ltrans.o
 *fill*         0x0800298c        0x4 
 .text.chEvtWaitAll.constprop.46
                0x08002990       0x38 C:\Users\Pasquale\AppData\Local\Temp\cciaa1RM.ltrans0.ltrans.o
 *fill*         0x080029c8        0x8 
 .text.bmk_thread4
                0x080029d0       0x24 C:\Users\Pasquale\AppData\Local\Temp\cciaa1RM.ltrans0.ltrans.o
 *fill*         0x080029f4        0xc 
 .text.chSchGoSleepTimeoutS
                0x08002a00       0x44 C:\Users\Pasquale\AppData\Local\Temp\cciaa1RM.ltrans0.ltrans.o
 *fill*         0x08002a44        0xc 
 .text.chSemWaitTimeout.constprop.67
                0x08002a50       0x50 C:\Users\Pasquale\AppData\Local\Temp\cciaa1RM.ltrans0.ltrans.o
 .text.chGuardedPoolAllocTimeout.constprop.25
                0x08002aa0       0x68 C:\Users\Pasquale\AppData\Local\Temp\cciaa1RM.ltrans0.ltrans.o
 *fill*         0x08002b08        0x8 
 .text.oslib_test_003_003_execute
                0x08002b10       0x28 C:\Users\Pasquale\AppData\Local\Temp\cciaa1RM.ltrans0.ltrans.o
 *fill*         0x08002b38        0x8 
 .text.rt_test_008_006_execute
                0x08002b40      0x16c C:\Users\Pasquale\AppData\Local\Temp\cciaa1RM.ltrans0.ltrans.o
 *fill*         0x08002cac        0x4 
 .text.chThdEnqueueTimeoutS
                0x08002cb0       0x28 C:\Users\Pasquale\AppData\Local\Temp\cciaa1RM.ltrans0.ltrans.o
 *fill*         0x08002cd8        0x8 
 .text.oqWriteTimeout
                0x08002ce0       0xcc C:\Users\Pasquale\AppData\Local\Temp\cciaa1RM.ltrans0.ltrans.o
 *fill*         0x08002dac        0x4 
 .text._writet  0x08002db0        0x8 C:\Users\Pasquale\AppData\Local\Temp\cciaa1RM.ltrans0.ltrans.o
 *fill*         0x08002db8        0x8 
 .text._write   0x08002dc0        0xc C:\Users\Pasquale\AppData\Local\Temp\cciaa1RM.ltrans0.ltrans.o
 *fill*         0x08002dcc        0x4 
 .text.oqPutTimeout
                0x08002dd0       0x50 C:\Users\Pasquale\AppData\Local\Temp\cciaa1RM.ltrans0.ltrans.o
 .text._putt    0x08002e20        0x8 C:\Users\Pasquale\AppData\Local\Temp\cciaa1RM.ltrans0.ltrans.o
 *fill*         0x08002e28        0x8 
 .text._put     0x08002e30        0xc C:\Users\Pasquale\AppData\Local\Temp\cciaa1RM.ltrans0.ltrans.o
 *fill*         0x08002e3c        0x4 
 .text.iqReadTimeout
                0x08002e40       0xcc C:\Users\Pasquale\AppData\Local\Temp\cciaa1RM.ltrans0.ltrans.o
 *fill*         0x08002f0c        0x4 
 .text._readt   0x08002f10        0x8 C:\Users\Pasquale\AppData\Local\Temp\cciaa1RM.ltrans0.ltrans.o
 *fill*         0x08002f18        0x8 
 .text._read    0x08002f20        0xc C:\Users\Pasquale\AppData\Local\Temp\cciaa1RM.ltrans0.ltrans.o
 *fill*         0x08002f2c        0x4 
 .text.iqGetTimeout
                0x08002f30       0x54 C:\Users\Pasquale\AppData\Local\Temp\cciaa1RM.ltrans0.ltrans.o
 *fill*         0x08002f84        0xc 
 .text._gett    0x08002f90        0x8 C:\Users\Pasquale\AppData\Local\Temp\cciaa1RM.ltrans0.ltrans.o
 *fill*         0x08002f98        0x8 
 .text._get     0x08002fa0        0xc C:\Users\Pasquale\AppData\Local\Temp\cciaa1RM.ltrans0.ltrans.o
 *fill*         0x08002fac        0x4 
 .text.chThdSleep
                0x08002fb0       0x18 C:\Users\Pasquale\AppData\Local\Temp\cciaa1RM.ltrans0.ltrans.o
 *fill*         0x08002fc8        0x8 
 .text.Thd1     0x08002fd0       0x2c C:\Users\Pasquale\AppData\Local\Temp\cciaa1RM.ltrans0.ltrans.o
 *fill*         0x08002ffc        0x4 
 .text.rt_test_003_001_execute
                0x08003000       0xb4 C:\Users\Pasquale\AppData\Local\Temp\cciaa1RM.ltrans0.ltrans.o
 *fill*         0x080030b4        0xc 
 .text.test_wait_tick
                0x080030c0       0x1c C:\Users\Pasquale\AppData\Local\Temp\cciaa1RM.ltrans0.ltrans.o
 *fill*         0x080030dc        0x4 
 .text.rt_test_010_009_execute
                0x080030e0       0x9c C:\Users\Pasquale\AppData\Local\Temp\cciaa1RM.ltrans0.ltrans.o
 *fill*         0x0800317c        0x4 
 .text.test_execute
                0x08003180      0x348 C:\Users\Pasquale\AppData\Local\Temp\cciaa1RM.ltrans0.ltrans.o
 *fill*         0x080034c8        0x8 
 .text.test_rt  0x080034d0        0xc C:\Users\Pasquale\AppData\Local\Temp\cciaa1RM.ltrans0.ltrans.o
 *fill*         0x080034dc        0x4 
 .text.test_oslib
                0x080034e0        0xc C:\Users\Pasquale\AppData\Local\Temp\cciaa1RM.ltrans0.ltrans.o
 *fill*         0x080034ec        0x4 
 .text.chMsgWait
                0x080034f0       0x40 C:\Users\Pasquale\AppData\Local\Temp\cciaa1RM.ltrans0.ltrans.o
 .text.bmk_thread1
                0x08003530       0x20 C:\Users\Pasquale\AppData\Local\Temp\cciaa1RM.ltrans0.ltrans.o
 .text.chMsgSend
                0x08003550       0x40 C:\Users\Pasquale\AppData\Local\Temp\cciaa1RM.ltrans0.ltrans.o
 .text.msg_loop_test
                0x08003590       0x3c C:\Users\Pasquale\AppData\Local\Temp\cciaa1RM.ltrans0.ltrans.o
 *fill*         0x080035cc        0x4 
 .text.msg_thread1
                0x080035d0       0x28 C:\Users\Pasquale\AppData\Local\Temp\cciaa1RM.ltrans0.ltrans.o
 *fill*         0x080035f8        0x8 
 .text.chMtxLockS
                0x08003600       0xe4 C:\Users\Pasquale\AppData\Local\Temp\cciaa1RM.ltrans0.ltrans.o
 *fill*         0x080036e4        0xc 
 .text.chMtxLock
                0x080036f0       0x14 C:\Users\Pasquale\AppData\Local\Temp\cciaa1RM.ltrans0.ltrans.o
 *fill*         0x08003704        0xc 
 .text.chSemWait
                0x08003710       0x44 C:\Users\Pasquale\AppData\Local\Temp\cciaa1RM.ltrans0.ltrans.o
 *fill*         0x08003754        0xc 
 .text.rt_test_010_010_execute
                0x08003760       0x8c C:\Users\Pasquale\AppData\Local\Temp\cciaa1RM.ltrans0.ltrans.o
 *fill*         0x080037ec        0x4 
 .text.bmk_thread7
                0x080037f0       0x2c C:\Users\Pasquale\AppData\Local\Temp\cciaa1RM.ltrans0.ltrans.o
 *fill*         0x0800381c        0x4 
 .text.thread3  0x08003820       0x18 C:\Users\Pasquale\AppData\Local\Temp\cciaa1RM.ltrans0.ltrans.o
 *fill*         0x08003838        0x8 
 .text.thread1.lto_priv.96
                0x08003840       0x18 C:\Users\Pasquale\AppData\Local\Temp\cciaa1RM.ltrans0.ltrans.o
 *fill*         0x08003858        0x8 
 .text.chThdExitS
                0x08003860       0x48 C:\Users\Pasquale\AppData\Local\Temp\cciaa1RM.ltrans0.ltrans.o
 *fill*         0x080038a8        0x8 
 .text.shellThread
                0x080038b0      0x22c C:\Users\Pasquale\AppData\Local\Temp\cciaa1RM.ltrans0.ltrans.o
 *fill*         0x08003adc        0x4 
 .text.cmd_exit
                0x08003ae0       0x34 C:\Users\Pasquale\AppData\Local\Temp\cciaa1RM.ltrans0.ltrans.o
 *fill*         0x08003b14        0xc 
 .text.SVC_Handler
                0x08003b20       0x14 C:\Users\Pasquale\AppData\Local\Temp\cciaa1RM.ltrans0.ltrans.o
                0x08003b20                SVC_Handler
 *fill*         0x08003b34        0xc 
 .text.chThdExit
                0x08003b40        0xc C:\Users\Pasquale\AppData\Local\Temp\cciaa1RM.ltrans0.ltrans.o
                0x08003b40                chThdExit
 *fill*         0x08003b4c        0x4 
 .text.Thd2     0x08003b50       0x6c C:\Users\Pasquale\AppData\Local\Temp\cciaa1RM.ltrans0.ltrans.o
 *fill*         0x08003bbc        0x4 
 .text.bmk_thread3
                0x08003bc0        0x4 C:\Users\Pasquale\AppData\Local\Temp\cciaa1RM.ltrans0.ltrans.o
 *fill*         0x08003bc4        0xc 
 .text.chSchDoRescheduleAhead
                0x08003bd0       0x40 C:\Users\Pasquale\AppData\Local\Temp\cciaa1RM.ltrans0.ltrans.o
                0x08003bd0                chSchDoReschedule
 .text.chSchRescheduleS
                0x08003c10       0x18 C:\Users\Pasquale\AppData\Local\Temp\cciaa1RM.ltrans0.ltrans.o
 *fill*         0x08003c28        0x8 
 .text.chSemSignalWait.constprop.64
                0x08003c30       0x68 C:\Users\Pasquale\AppData\Local\Temp\cciaa1RM.ltrans0.ltrans.o
 *fill*         0x08003c98        0x8 
 .text.rt_test_005_005_execute
                0x08003ca0       0xa8 C:\Users\Pasquale\AppData\Local\Temp\cciaa1RM.ltrans0.ltrans.o
 *fill*         0x08003d48        0x8 
 .text.chMBReset.constprop.39
                0x08003d50       0x38 C:\Users\Pasquale\AppData\Local\Temp\cciaa1RM.ltrans0.ltrans.o
 *fill*         0x08003d88        0x8 
 .text.oslib_test_001_003_teardown
                0x08003d90        0x4 C:\Users\Pasquale\AppData\Local\Temp\cciaa1RM.ltrans0.ltrans.o
 *fill*         0x08003d94        0xc 
 .text.oslib_test_001_002_teardown
                0x08003da0        0x4 C:\Users\Pasquale\AppData\Local\Temp\cciaa1RM.ltrans0.ltrans.o
 *fill*         0x08003da4        0xc 
 .text.oslib_test_001_001_teardown
                0x08003db0        0x4 C:\Users\Pasquale\AppData\Local\Temp\cciaa1RM.ltrans0.ltrans.o
 *fill*         0x08003db4        0xc 
 .text.chMBPostTimeout.constprop.37
                0x08003dc0       0x78 C:\Users\Pasquale\AppData\Local\Temp\cciaa1RM.ltrans0.ltrans.o
 *fill*         0x08003e38        0x8 
 .text.chMBPostAheadTimeout.constprop.34
                0x08003e40       0x78 C:\Users\Pasquale\AppData\Local\Temp\cciaa1RM.ltrans0.ltrans.o
 *fill*         0x08003eb8        0x8 
 .text.chMBFetchTimeout.constprop.31
                0x08003ec0       0x6c C:\Users\Pasquale\AppData\Local\Temp\cciaa1RM.ltrans0.ltrans.o
 *fill*         0x08003f2c        0x4 
 .text.oslib_test_001_003_execute
                0x08003f30      0x110 C:\Users\Pasquale\AppData\Local\Temp\cciaa1RM.ltrans0.ltrans.o
 .text.oslib_test_001_002_execute
                0x08004040      0x2f0 C:\Users\Pasquale\AppData\Local\Temp\cciaa1RM.ltrans0.ltrans.o
 .text.oslib_test_001_001_execute
                0x08004330      0x30c C:\Users\Pasquale\AppData\Local\Temp\cciaa1RM.ltrans0.ltrans.o
 *fill*         0x0800463c        0x4 
 .text.oslib_test_003_002_execute
                0x08004640      0x100 C:\Users\Pasquale\AppData\Local\Temp\cciaa1RM.ltrans0.ltrans.o
 .text.evt_thread7
                0x08004740       0x40 C:\Users\Pasquale\AppData\Local\Temp\cciaa1RM.ltrans0.ltrans.o
 .text.evt_thread3
                0x08004780       0x28 C:\Users\Pasquale\AppData\Local\Temp\cciaa1RM.ltrans0.ltrans.o
 *fill*         0x080047a8        0x8 
 .text.thread4B
                0x080047b0       0x30 C:\Users\Pasquale\AppData\Local\Temp\cciaa1RM.ltrans0.ltrans.o
 .text.thread2  0x080047e0       0x28 C:\Users\Pasquale\AppData\Local\Temp\cciaa1RM.ltrans0.ltrans.o
 *fill*         0x08004808        0x8 
 .text.thread4  0x08004810       0x2c C:\Users\Pasquale\AppData\Local\Temp\cciaa1RM.ltrans0.ltrans.o
 *fill*         0x0800483c        0x4 
 .text.thread1.lto_priv.95
                0x08004840       0x2c C:\Users\Pasquale\AppData\Local\Temp\cciaa1RM.ltrans0.ltrans.o
 *fill*         0x0800486c        0x4 
 .text.chMtxUnlock
                0x08004870       0x64 C:\Users\Pasquale\AppData\Local\Temp\cciaa1RM.ltrans0.ltrans.o
 *fill*         0x080048d4        0xc 
 .text.chHeapAllocAligned.constprop.42
                0x080048e0       0xe8 C:\Users\Pasquale\AppData\Local\Temp\cciaa1RM.ltrans0.ltrans.o
 *fill*         0x080049c8        0x8 
 .text.dyn_create_object_heap
                0x080049d0       0x50 C:\Users\Pasquale\AppData\Local\Temp\cciaa1RM.ltrans0.ltrans.o
 .text.chThdCreateFromHeap
                0x08004a20       0x4c C:\Users\Pasquale\AppData\Local\Temp\cciaa1RM.ltrans0.ltrans.o
 *fill*         0x08004a6c        0x4 
 .text.chPipeWriteTimeout.constprop.18
                0x08004a70       0xf0 C:\Users\Pasquale\AppData\Local\Temp\cciaa1RM.ltrans0.ltrans.o
 .text.chPipeReadTimeout.constprop.17
                0x08004b60       0xe8 C:\Users\Pasquale\AppData\Local\Temp\cciaa1RM.ltrans0.ltrans.o
 *fill*         0x08004c48        0x8 
 .text.oslib_test_002_002_execute
                0x08004c50       0x9c C:\Users\Pasquale\AppData\Local\Temp\cciaa1RM.ltrans0.ltrans.o
 *fill*         0x08004cec        0x4 
 .text.chFactoryRegisterObject.constprop.15
                0x08004cf0       0x30 C:\Users\Pasquale\AppData\Local\Temp\cciaa1RM.ltrans0.ltrans.o
 .text.chFactoryFindObject.constprop.14
                0x08004d20       0x28 C:\Users\Pasquale\AppData\Local\Temp\cciaa1RM.ltrans0.ltrans.o
 *fill*         0x08004d48        0x8 
 .text.chFactoryCreateBuffer.constprop.13
                0x08004d50       0x38 C:\Users\Pasquale\AppData\Local\Temp\cciaa1RM.ltrans0.ltrans.o
 *fill*         0x08004d88        0x8 
 .text.chFactoryFindBuffer.constprop.12
                0x08004d90       0x28 C:\Users\Pasquale\AppData\Local\Temp\cciaa1RM.ltrans0.ltrans.o
 *fill*         0x08004db8        0x8 
 .text.chFactoryCreateSemaphore.constprop.11
                0x08004dc0       0x38 C:\Users\Pasquale\AppData\Local\Temp\cciaa1RM.ltrans0.ltrans.o
 *fill*         0x08004df8        0x8 
 .text.chFactoryFindSemaphore.constprop.10
                0x08004e00       0x28 C:\Users\Pasquale\AppData\Local\Temp\cciaa1RM.ltrans0.ltrans.o
 *fill*         0x08004e28        0x8 
 .text.chFactoryCreateMailbox.constprop.9
                0x08004e30       0x54 C:\Users\Pasquale\AppData\Local\Temp\cciaa1RM.ltrans0.ltrans.o
 *fill*         0x08004e84        0xc 
 .text.chFactoryFindMailbox.constprop.8
                0x08004e90       0x28 C:\Users\Pasquale\AppData\Local\Temp\cciaa1RM.ltrans0.ltrans.o
 *fill*         0x08004eb8        0x8 
 .text.chFactoryCreateObjectsFIFO.constprop.7
                0x08004ec0       0x9c C:\Users\Pasquale\AppData\Local\Temp\cciaa1RM.ltrans0.ltrans.o
 *fill*         0x08004f5c        0x4 
 .text.chFactoryFindObjectsFIFO.constprop.6
                0x08004f60       0x28 C:\Users\Pasquale\AppData\Local\Temp\cciaa1RM.ltrans0.ltrans.o
 *fill*         0x08004f88        0x8 
 .text.chFactoryCreatePipe.constprop.5
                0x08004f90       0x64 C:\Users\Pasquale\AppData\Local\Temp\cciaa1RM.ltrans0.ltrans.o
 *fill*         0x08004ff4        0xc 
 .text.chFactoryFindPipe.constprop.4
                0x08005000       0x28 C:\Users\Pasquale\AppData\Local\Temp\cciaa1RM.ltrans0.ltrans.o
 *fill*         0x08005028        0x8 
 .text.oslib_test_002_001_execute
                0x08005030      0x49c C:\Users\Pasquale\AppData\Local\Temp\cciaa1RM.ltrans0.ltrans.o
 *fill*         0x080054cc        0x4 
 .text.rt_test_010_011_execute
                0x080054d0       0x8c C:\Users\Pasquale\AppData\Local\Temp\cciaa1RM.ltrans0.ltrans.o
 *fill*         0x0800555c        0x4 
 .text.thread8  0x08005560       0x84 C:\Users\Pasquale\AppData\Local\Temp\cciaa1RM.ltrans0.ltrans.o
 *fill*         0x080055e4        0xc 
 .text.thread6  0x080055f0       0x6c C:\Users\Pasquale\AppData\Local\Temp\cciaa1RM.ltrans0.ltrans.o
 *fill*         0x0800565c        0x4 
 .text.thread9  0x08005660       0x20 C:\Users\Pasquale\AppData\Local\Temp\cciaa1RM.ltrans0.ltrans.o
 .text.rt_test_006_005_execute
                0x08005680      0x160 C:\Users\Pasquale\AppData\Local\Temp\cciaa1RM.ltrans0.ltrans.o
 .text.rt_test_006_004_execute
                0x080057e0      0x148 C:\Users\Pasquale\AppData\Local\Temp\cciaa1RM.ltrans0.ltrans.o
 *fill*         0x08005928        0x8 
 .text.thread4A
                0x08005930       0x20 C:\Users\Pasquale\AppData\Local\Temp\cciaa1RM.ltrans0.ltrans.o
 .text.thread1.lto_priv.97
                0x08005950       0x20 C:\Users\Pasquale\AppData\Local\Temp\cciaa1RM.ltrans0.ltrans.o
 .text.chFactoryReleaseSemaphore
                0x08005970       0x64 C:\Users\Pasquale\AppData\Local\Temp\cciaa1RM.ltrans0.ltrans.o
 *fill*         0x080059d4        0xc 
 .text.oslib_test_005_003_execute
                0x080059e0      0x128 C:\Users\Pasquale\AppData\Local\Temp\cciaa1RM.ltrans0.ltrans.o
 *fill*         0x08005b08        0x8 
 .text.oslib_test_005_003_teardown
                0x08005b10       0x1c C:\Users\Pasquale\AppData\Local\Temp\cciaa1RM.ltrans0.ltrans.o
 *fill*         0x08005b2c        0x4 
 .text.chFactoryReleaseObject
                0x08005b30       0x64 C:\Users\Pasquale\AppData\Local\Temp\cciaa1RM.ltrans0.ltrans.o
 *fill*         0x08005b94        0xc 
 .text.oslib_test_005_001_execute
                0x08005ba0      0x174 C:\Users\Pasquale\AppData\Local\Temp\cciaa1RM.ltrans0.ltrans.o
 *fill*         0x08005d14        0xc 
 .text.oslib_test_005_001_teardown
                0x08005d20       0x1c C:\Users\Pasquale\AppData\Local\Temp\cciaa1RM.ltrans0.ltrans.o
 *fill*         0x08005d3c        0x4 
 .text.chHeapStatus
                0x08005d40       0x68 C:\Users\Pasquale\AppData\Local\Temp\cciaa1RM.ltrans0.ltrans.o
 *fill*         0x08005da8        0x8 
 .text.cmd_mem  0x08005db0       0x70 C:\Users\Pasquale\AppData\Local\Temp\cciaa1RM.ltrans0.ltrans.o
 .text.chHeapFree
                0x08005e20       0x98 C:\Users\Pasquale\AppData\Local\Temp\cciaa1RM.ltrans0.ltrans.o
 *fill*         0x08005eb8        0x8 
 .text.oslib_test_004_002_execute
                0x08005ec0       0x64 C:\Users\Pasquale\AppData\Local\Temp\cciaa1RM.ltrans0.ltrans.o
 *fill*         0x08005f24        0xc 
 .text.oslib_test_004_001_execute
                0x08005f30      0x32c C:\Users\Pasquale\AppData\Local\Temp\cciaa1RM.ltrans0.ltrans.o
 *fill*         0x0800625c        0x4 
 .text.dyn_release_object_heap.part.3
                0x08006260       0x20 C:\Users\Pasquale\AppData\Local\Temp\cciaa1RM.ltrans0.ltrans.o
 .text.chFactoryReleasePipe
                0x08006280       0x2c C:\Users\Pasquale\AppData\Local\Temp\cciaa1RM.ltrans0.ltrans.o
 *fill*         0x080062ac        0x4 
 .text.oslib_test_005_006_execute
                0x080062b0      0x128 C:\Users\Pasquale\AppData\Local\Temp\cciaa1RM.ltrans0.ltrans.o
 *fill*         0x080063d8        0x8 
 .text.oslib_test_005_006_teardown
                0x080063e0       0x1c C:\Users\Pasquale\AppData\Local\Temp\cciaa1RM.ltrans0.ltrans.o
 *fill*         0x080063fc        0x4 
 .text.chFactoryReleaseObjectsFIFO
                0x08006400       0x2c C:\Users\Pasquale\AppData\Local\Temp\cciaa1RM.ltrans0.ltrans.o
 *fill*         0x0800642c        0x4 
 .text.oslib_test_005_005_execute
                0x08006430      0x128 C:\Users\Pasquale\AppData\Local\Temp\cciaa1RM.ltrans0.ltrans.o
 *fill*         0x08006558        0x8 
 .text.oslib_test_005_005_teardown
                0x08006560       0x1c C:\Users\Pasquale\AppData\Local\Temp\cciaa1RM.ltrans0.ltrans.o
 *fill*         0x0800657c        0x4 
 .text.chFactoryReleaseMailbox
                0x08006580       0x2c C:\Users\Pasquale\AppData\Local\Temp\cciaa1RM.ltrans0.ltrans.o
 *fill*         0x080065ac        0x4 
 .text.oslib_test_005_004_execute
                0x080065b0      0x128 C:\Users\Pasquale\AppData\Local\Temp\cciaa1RM.ltrans0.ltrans.o
 *fill*         0x080066d8        0x8 
 .text.oslib_test_005_004_teardown
                0x080066e0       0x1c C:\Users\Pasquale\AppData\Local\Temp\cciaa1RM.ltrans0.ltrans.o
 *fill*         0x080066fc        0x4 
 .text.chFactoryReleaseBuffer
                0x08006700       0x2c C:\Users\Pasquale\AppData\Local\Temp\cciaa1RM.ltrans0.ltrans.o
 *fill*         0x0800672c        0x4 
 .text.oslib_test_005_002_execute
                0x08006730      0x128 C:\Users\Pasquale\AppData\Local\Temp\cciaa1RM.ltrans0.ltrans.o
 *fill*         0x08006858        0x8 
 .text.oslib_test_005_002_teardown
                0x08006860       0x1c C:\Users\Pasquale\AppData\Local\Temp\cciaa1RM.ltrans0.ltrans.o
 *fill*         0x0800687c        0x4 
 .text.chThdRelease
                0x08006880       0x64 C:\Users\Pasquale\AppData\Local\Temp\cciaa1RM.ltrans0.ltrans.o
 *fill*         0x080068e4        0xc 
 .text.rt_test_010_006_execute
                0x080068f0       0x88 C:\Users\Pasquale\AppData\Local\Temp\cciaa1RM.ltrans0.ltrans.o
 *fill*         0x08006978        0x8 
 .text.cmd_threads
                0x08006980       0xc8 C:\Users\Pasquale\AppData\Local\Temp\cciaa1RM.ltrans0.ltrans.o
 *fill*         0x08006a48        0x8 
 .text.chThdWait
                0x08006a50       0x38 C:\Users\Pasquale\AppData\Local\Temp\cciaa1RM.ltrans0.ltrans.o
 *fill*         0x08006a88        0x8 
 .text.startup.main
                0x08006a90      0x4e0 C:\Users\Pasquale\AppData\Local\Temp\cciaa1RM.ltrans0.ltrans.o
                0x08006a90                main
 .text.rt_test_010_005_execute
                0x08006f70       0x88 C:\Users\Pasquale\AppData\Local\Temp\cciaa1RM.ltrans0.ltrans.o
 *fill*         0x08006ff8        0x8 
 .text.test_wait_threads
                0x08007000       0x24 C:\Users\Pasquale\AppData\Local\Temp\cciaa1RM.ltrans0.ltrans.o
 *fill*         0x08007024        0xc 
 .text.rt_test_010_008_execute
                0x08007030       0xf8 C:\Users\Pasquale\AppData\Local\Temp\cciaa1RM.ltrans0.ltrans.o
 *fill*         0x08007128        0x8 
 .text.rt_test_010_004_execute
                0x08007130       0xd4 C:\Users\Pasquale\AppData\Local\Temp\cciaa1RM.ltrans0.ltrans.o
 *fill*         0x08007204        0xc 
 .text.rt_test_010_003_execute
                0x08007210       0xfc C:\Users\Pasquale\AppData\Local\Temp\cciaa1RM.ltrans0.ltrans.o
 *fill*         0x0800730c        0x4 
 .text.rt_test_010_002_execute
                0x08007310       0x7c C:\Users\Pasquale\AppData\Local\Temp\cciaa1RM.ltrans0.ltrans.o
 *fill*         0x0800738c        0x4 
 .text.rt_test_010_001_execute
                0x08007390       0x7c C:\Users\Pasquale\AppData\Local\Temp\cciaa1RM.ltrans0.ltrans.o
 *fill*         0x0800740c        0x4 
 .text.rt_test_009_002_execute
                0x08007410      0x150 C:\Users\Pasquale\AppData\Local\Temp\cciaa1RM.ltrans0.ltrans.o
 .text.rt_test_009_001_execute
                0x08007560      0x168 C:\Users\Pasquale\AppData\Local\Temp\cciaa1RM.ltrans0.ltrans.o
 *fill*         0x080076c8        0x8 
 .text.rt_test_008_007_execute
                0x080076d0      0x128 C:\Users\Pasquale\AppData\Local\Temp\cciaa1RM.ltrans0.ltrans.o
 *fill*         0x080077f8        0x8 
 .text.rt_test_008_005_execute
                0x08007800       0xd4 C:\Users\Pasquale\AppData\Local\Temp\cciaa1RM.ltrans0.ltrans.o
 *fill*         0x080078d4        0xc 
 .text.rt_test_008_004_execute
                0x080078e0       0xd0 C:\Users\Pasquale\AppData\Local\Temp\cciaa1RM.ltrans0.ltrans.o
 .text.rt_test_008_003_execute
                0x080079b0      0x100 C:\Users\Pasquale\AppData\Local\Temp\cciaa1RM.ltrans0.ltrans.o
 .text.rt_test_007_001_execute
                0x08007ab0       0x7c C:\Users\Pasquale\AppData\Local\Temp\cciaa1RM.ltrans0.ltrans.o
 *fill*         0x08007b2c        0x4 
 .text.rt_test_006_009_execute
                0x08007b30       0xb4 C:\Users\Pasquale\AppData\Local\Temp\cciaa1RM.ltrans0.ltrans.o
 *fill*         0x08007be4        0xc 
 .text.rt_test_006_008_execute
                0x08007bf0      0x100 C:\Users\Pasquale\AppData\Local\Temp\cciaa1RM.ltrans0.ltrans.o
 .text.rt_test_006_007_execute
                0x08007cf0       0xf4 C:\Users\Pasquale\AppData\Local\Temp\cciaa1RM.ltrans0.ltrans.o
 *fill*         0x08007de4        0xc 
 .text.rt_test_005_006_teardown
                0x08007df0        0x4 C:\Users\Pasquale\AppData\Local\Temp\cciaa1RM.ltrans0.ltrans.o
 *fill*         0x08007df4        0xc 
 .text.rt_test_006_004_teardown
                0x08007e00        0x4 C:\Users\Pasquale\AppData\Local\Temp\cciaa1RM.ltrans0.ltrans.o
 *fill*         0x08007e04        0xc 
 .text.rt_test_006_001_execute
                0x08007e10       0xfc C:\Users\Pasquale\AppData\Local\Temp\cciaa1RM.ltrans0.ltrans.o
 *fill*         0x08007f0c        0x4 
 .text.rt_test_005_005_teardown
                0x08007f10        0x4 C:\Users\Pasquale\AppData\Local\Temp\cciaa1RM.ltrans0.ltrans.o
 *fill*         0x08007f14        0xc 
 .text.rt_test_005_004_execute
                0x08007f20       0xc0 C:\Users\Pasquale\AppData\Local\Temp\cciaa1RM.ltrans0.ltrans.o
 .text.rt_test_005_003_execute
                0x08007fe0      0x16c C:\Users\Pasquale\AppData\Local\Temp\cciaa1RM.ltrans0.ltrans.o
 *fill*         0x0800814c        0x4 
 .text.rt_test_005_002_execute
                0x08008150      0x104 C:\Users\Pasquale\AppData\Local\Temp\cciaa1RM.ltrans0.ltrans.o
 *fill*         0x08008254        0xc 
 .text.rt_test_004_001_execute
                0x08008260       0xf8 C:\Users\Pasquale\AppData\Local\Temp\cciaa1RM.ltrans0.ltrans.o
 *fill*         0x08008358        0x8 
 .text.rt_test_003_002_execute
                0x08008360      0x204 C:\Users\Pasquale\AppData\Local\Temp\cciaa1RM.ltrans0.ltrans.o
 *fill*         0x08008564        0xc 
 .text.cmd_test.lto_priv.93
                0x08008570       0x8c C:\Users\Pasquale\AppData\Local\Temp\cciaa1RM.ltrans0.ltrans.o
 *fill*         0x080085fc        0x4 
 .text.chSemReset
                0x08008600       0x38 C:\Users\Pasquale\AppData\Local\Temp\cciaa1RM.ltrans0.ltrans.o
 *fill*         0x08008638        0x8 
 .text.rt_test_010_007_execute
                0x08008640      0x128 C:\Users\Pasquale\AppData\Local\Temp\cciaa1RM.ltrans0.ltrans.o
 *fill*         0x08008768        0x8 
 .text.rt_test_005_006_execute
                0x08008770      0x1b4 C:\Users\Pasquale\AppData\Local\Temp\cciaa1RM.ltrans0.ltrans.o
 *fill*         0x08008924        0xc 
 .text.rt_test_005_001_execute
                0x08008930       0xbc C:\Users\Pasquale\AppData\Local\Temp\cciaa1RM.ltrans0.ltrans.o
 *fill*         0x080089ec        0x4 
 .text.rt_test_005_001_teardown
                0x080089f0        0xc C:\Users\Pasquale\AppData\Local\Temp\cciaa1RM.ltrans0.ltrans.o
 *fill*         0x080089fc        0x4 
 .text.chThdSetPriority
                0x08008a00       0x30 C:\Users\Pasquale\AppData\Local\Temp\cciaa1RM.ltrans0.ltrans.o
 .text.rt_test_003_004_execute
                0x08008a30       0xdc C:\Users\Pasquale\AppData\Local\Temp\cciaa1RM.ltrans0.ltrans.o
 *fill*         0x08008b0c        0x4 
 .text.rt_test_003_003_execute
                0x08008b10       0x88 C:\Users\Pasquale\AppData\Local\Temp\cciaa1RM.ltrans0.ltrans.o
 *fill*         0x08008b98        0x8 
 .text.chSysRestoreStatusX.part.2
                0x08008ba0       0x20 C:\Users\Pasquale\AppData\Local\Temp\cciaa1RM.ltrans0.ltrans.o
 .text.rt_test_002_002_execute
                0x08008bc0       0xd4 C:\Users\Pasquale\AppData\Local\Temp\cciaa1RM.ltrans0.ltrans.o
 *fill*         0x08008c94        0xc 
 .text.vtcb     0x08008ca0       0x28 C:\Users\Pasquale\AppData\Local\Temp\cciaa1RM.ltrans0.ltrans.o
 *fill*         0x08008cc8        0x8 
 .text.__early_init
                0x08008cd0      0x1c8 C:\Users\Pasquale\AppData\Local\Temp\cciaa1RM.ltrans0.ltrans.o
                0x08008cd0                __early_init
 *fill*         0x08008e98        0x8 
 .text.VectorD8
                0x08008ea0      0x198 C:\Users\Pasquale\AppData\Local\Temp\cciaa1RM.ltrans0.ltrans.o
                0x08008ea0                VectorD8
 *fill*         0x08009038        0x8 
 .text.VectorB0
                0x08009040       0x9c C:\Users\Pasquale\AppData\Local\Temp\cciaa1RM.ltrans0.ltrans.o
                0x08009040                VectorB0
 *fill*         0x080090dc        0x4 
 .text.Vector158
                0x080090e0       0x2c C:\Users\Pasquale\AppData\Local\Temp\cciaa1RM.ltrans0.ltrans.o
                0x080090e0                Vector158
 *fill*         0x0800910c        0x4 
 .text.Vector154
                0x08009110       0x2c C:\Users\Pasquale\AppData\Local\Temp\cciaa1RM.ltrans0.ltrans.o
                0x08009110                Vector154
 *fill*         0x0800913c        0x4 
 .text.Vector150
                0x08009140       0x2c C:\Users\Pasquale\AppData\Local\Temp\cciaa1RM.ltrans0.ltrans.o
                0x08009140                Vector150
 *fill*         0x0800916c        0x4 
 .text.Vector130
                0x08009170       0x28 C:\Users\Pasquale\AppData\Local\Temp\cciaa1RM.ltrans0.ltrans.o
                0x08009170                Vector130
 *fill*         0x08009198        0x8 
 .text.Vector12C
                0x080091a0       0x2c C:\Users\Pasquale\AppData\Local\Temp\cciaa1RM.ltrans0.ltrans.o
                0x080091a0                Vector12C
 *fill*         0x080091cc        0x4 
 .text.Vector128
                0x080091d0       0x2c C:\Users\Pasquale\AppData\Local\Temp\cciaa1RM.ltrans0.ltrans.o
                0x080091d0                Vector128
 *fill*         0x080091fc        0x4 
 .text.Vector124
                0x08009200       0x2c C:\Users\Pasquale\AppData\Local\Temp\cciaa1RM.ltrans0.ltrans.o
                0x08009200                Vector124
 *fill*         0x0800922c        0x4 
 .text.Vector120
                0x08009230       0x28 C:\Users\Pasquale\AppData\Local\Temp\cciaa1RM.ltrans0.ltrans.o
                0x08009230                Vector120
 *fill*         0x08009258        0x8 
 .text.VectorFC
                0x08009260       0x2c C:\Users\Pasquale\AppData\Local\Temp\cciaa1RM.ltrans0.ltrans.o
                0x08009260                VectorFC
 *fill*         0x0800928c        0x4 
 .text.Vector84
                0x08009290       0x2c C:\Users\Pasquale\AppData\Local\Temp\cciaa1RM.ltrans0.ltrans.o
                0x08009290                Vector84
 *fill*         0x080092bc        0x4 
 .text.Vector80
                0x080092c0       0x2c C:\Users\Pasquale\AppData\Local\Temp\cciaa1RM.ltrans0.ltrans.o
                0x080092c0                Vector80
 *fill*         0x080092ec        0x4 
 .text.Vector7C
                0x080092f0       0x28 C:\Users\Pasquale\AppData\Local\Temp\cciaa1RM.ltrans0.ltrans.o
                0x080092f0                Vector7C
 *fill*         0x08009318        0x8 
 .text.Vector78
                0x08009320       0x2c C:\Users\Pasquale\AppData\Local\Temp\cciaa1RM.ltrans0.ltrans.o
                0x08009320                Vector78
 *fill*         0x0800934c        0x4 
 .text.Vector74
                0x08009350       0x2c C:\Users\Pasquale\AppData\Local\Temp\cciaa1RM.ltrans0.ltrans.o
                0x08009350                Vector74
 *fill*         0x0800937c        0x4 
 .text.Vector70
                0x08009380       0x2c C:\Users\Pasquale\AppData\Local\Temp\cciaa1RM.ltrans0.ltrans.o
                0x08009380                Vector70
 *fill*         0x080093ac        0x4 
 .text.Vector6C
                0x080093b0       0x28 C:\Users\Pasquale\AppData\Local\Temp\cciaa1RM.ltrans0.ltrans.o
                0x080093b0                Vector6C
 *fill*         0x080093d8        0x8 
 .text.Vector88
                0x080093e0       0xcc C:\Users\Pasquale\AppData\Local\Temp\cciaa1RM.ltrans0.ltrans.o
                0x080093e0                Vector88
 *fill*         0x080094ac        0x4 
 .text.__init_ram_areas
                0x080094b0       0x68 C:\Users\Pasquale\AppData\Local\Temp\cciaa1RM.ltrans0.ltrans.o
                0x080094b0                __init_ram_areas
 *fill*         0x08009518        0x8 
 .text.__default_exit
                0x08009520        0x4 C:\Users\Pasquale\AppData\Local\Temp\cciaa1RM.ltrans0.ltrans.o
                0x08009520                __default_exit
 *fill*         0x08009524        0xc 
 .text.__late_init
                0x08009530        0x4 C:\Users\Pasquale\AppData\Local\Temp\cciaa1RM.ltrans0.ltrans.o
                0x08009530                __late_init
 *fill*         0x08009534        0xc 
 .text.__core_init
                0x08009540        0x4 C:\Users\Pasquale\AppData\Local\Temp\cciaa1RM.ltrans0.ltrans.o
                0x08009540                __core_init
 .text.memcmp   0x08009544       0x64 c:/chibistudio/tools/gnu tools arm embedded/7.0 2017q4/bin/../lib/gcc/arm-none-eabi/7.2.1/../../../../arm-none-eabi/lib/thumb/v7e-m\libg.a(lib_a-memcmp.o)
                0x08009544                memcmp
 .text.memset   0x080095a8       0x94 c:/chibistudio/tools/gnu tools arm embedded/7.0 2017q4/bin/../lib/gcc/arm-none-eabi/7.2.1/../../../../arm-none-eabi/lib/thumb/v7e-m\libg.a(lib_a-memset.o)
                0x080095a8                memset
 .text.strchr   0x0800963c       0xe8 c:/chibistudio/tools/gnu tools arm embedded/7.0 2017q4/bin/../lib/gcc/arm-none-eabi/7.2.1/../../../../arm-none-eabi/lib/thumb/v7e-m\libg.a(lib_a-strchr.o)
                0x0800963c                strchr
 .text.strncmp  0x08009724       0x98 c:/chibistudio/tools/gnu tools arm embedded/7.0 2017q4/bin/../lib/gcc/arm-none-eabi/7.2.1/../../../../arm-none-eabi/lib/thumb/v7e-m\libg.a(lib_a-strncmp.o)
                0x08009724                strncmp
 .text.strncpy  0x080097bc       0x64 c:/chibistudio/tools/gnu tools arm embedded/7.0 2017q4/bin/../lib/gcc/arm-none-eabi/7.2.1/../../../../arm-none-eabi/lib/thumb/v7e-m\libg.a(lib_a-strncpy.o)
                0x080097bc                strncpy
 .text.strpbrk  0x08009820       0x44 c:/chibistudio/tools/gnu tools arm embedded/7.0 2017q4/bin/../lib/gcc/arm-none-eabi/7.2.1/../../../../arm-none-eabi/lib/thumb/v7e-m\libg.a(lib_a-strpbrk.o)
                0x08009820                strpbrk
 .text.strspn   0x08009864       0x34 c:/chibistudio/tools/gnu tools arm embedded/7.0 2017q4/bin/../lib/gcc/arm-none-eabi/7.2.1/../../../../arm-none-eabi/lib/thumb/v7e-m\libg.a(lib_a-strspn.o)
                0x08009864                strspn
 *(.glue_7t)
 .glue_7t       0x08009898        0x0 linker stubs
 *(.glue_7)
 .glue_7        0x08009898        0x0 linker stubs
 *(.gcc*)
                0x08009898                __text_end = .

.vfp11_veneer   0x08009898        0x0
 .vfp11_veneer  0x08009898        0x0 linker stubs

.v4_bx          0x08009898        0x0
 .v4_bx         0x08009898        0x0 linker stubs

.iplt           0x08009898        0x0
 .iplt          0x08009898        0x0 ./build/obj/crt0_v7m.o

.rodata         0x08009898     0x281c
                0x08009898                __rodata_base__ = .
 *(.rodata)
 *(.rodata.*)
 .rodata.Thd1.str1.4
                0x08009898       0x10 C:\Users\Pasquale\AppData\Local\Temp\cciaa1RM.ltrans0.ltrans.o
 .rodata.Thd2.str1.4
                0x080098a8        0x9 C:\Users\Pasquale\AppData\Local\Temp\cciaa1RM.ltrans0.ltrans.o
 *fill*         0x080098b1        0x3 
 .rodata._stm32_dma_streams
                0x080098b4       0xc0 C:\Users\Pasquale\AppData\Local\Temp\cciaa1RM.ltrans0.ltrans.o
 .rodata._test_assert_time_window.constprop.1.str1.4
                0x08009974       0x13 C:\Users\Pasquale\AppData\Local\Temp\cciaa1RM.ltrans0.ltrans.o
 *fill*         0x08009987        0x1 
 .rodata.chFactoryCreateBuffer.constprop.13.str1.4
                0x08009988        0x6 C:\Users\Pasquale\AppData\Local\Temp\cciaa1RM.ltrans0.ltrans.o
 *fill*         0x0800998e        0x2 
 .rodata.chFactoryCreateMailbox.constprop.9.str1.4
                0x08009990        0x6 C:\Users\Pasquale\AppData\Local\Temp\cciaa1RM.ltrans0.ltrans.o
 *fill*         0x08009996        0x2 
 .rodata.chFactoryCreateObjectsFIFO.constprop.7.str1.4
                0x08009998        0x7 C:\Users\Pasquale\AppData\Local\Temp\cciaa1RM.ltrans0.ltrans.o
 *fill*         0x0800999f        0x1 
 .rodata.chFactoryCreatePipe.constprop.5.str1.4
                0x080099a0        0x7 C:\Users\Pasquale\AppData\Local\Temp\cciaa1RM.ltrans0.ltrans.o
 *fill*         0x080099a7        0x1 
 .rodata.chFactoryCreateSemaphore.constprop.11.str1.4
                0x080099a8        0x6 C:\Users\Pasquale\AppData\Local\Temp\cciaa1RM.ltrans0.ltrans.o
 *fill*         0x080099ae        0x2 
 .rodata.chFactoryRegisterObject.constprop.15.str1.4
                0x080099b0        0x6 C:\Users\Pasquale\AppData\Local\Temp\cciaa1RM.ltrans0.ltrans.o
 *fill*         0x080099b6        0x2 
 .rodata.chThdCreateStatic.str1.4
                0x080099b8        0x7 C:\Users\Pasquale\AppData\Local\Temp\cciaa1RM.ltrans0.ltrans.o
 *fill*         0x080099bf        0x1 
 .rodata.ch_debug
                0x080099c0       0x16 C:\Users\Pasquale\AppData\Local\Temp\cciaa1RM.ltrans0.ltrans.o
 *fill*         0x080099d6        0x2 
 .rodata.chprintf.str1.4
                0x080099d8        0x7 C:\Users\Pasquale\AppData\Local\Temp\cciaa1RM.ltrans0.ltrans.o
 *fill*         0x080099df        0x1 
 .rodata.cmd_echo.str1.4
                0x080099e0       0x15 C:\Users\Pasquale\AppData\Local\Temp\cciaa1RM.ltrans0.ltrans.o
 *fill*         0x080099f5        0x3 
 .rodata.cmd_info.str1.4
                0x080099f8      0x11d C:\Users\Pasquale\AppData\Local\Temp\cciaa1RM.ltrans0.ltrans.o
 *fill*         0x08009b15        0x3 
 .rodata.cmd_mem.str1.4
                0x08009b18       0x7a C:\Users\Pasquale\AppData\Local\Temp\cciaa1RM.ltrans0.ltrans.o
 *fill*         0x08009b92        0x2 
 .rodata.cmd_semaforo.str1.4
                0x08009b94        0x4 C:\Users\Pasquale\AppData\Local\Temp\cciaa1RM.ltrans0.ltrans.o
 .rodata.cmd_systime.str1.4
                0x08009b98       0x1a C:\Users\Pasquale\AppData\Local\Temp\cciaa1RM.ltrans0.ltrans.o
 *fill*         0x08009bb2        0x2 
 .rodata.cmd_test.lto_priv.93.str1.4
                0x08009bb4       0x24 C:\Users\Pasquale\AppData\Local\Temp\cciaa1RM.ltrans0.ltrans.o
                                 0x34 (size before relaxing)
 .rodata.cmd_test.lto_priv.94.str1.4
                0x08009bd8       0x5a C:\Users\Pasquale\AppData\Local\Temp\cciaa1RM.ltrans0.ltrans.o
 *fill*         0x08009c32        0x2 
 .rodata.cmd_threads.str1.4
                0x08009c34       0x67 C:\Users\Pasquale\AppData\Local\Temp\cciaa1RM.ltrans0.ltrans.o
                                 0x6f (size before relaxing)
 *fill*         0x08009c9b        0x1 
 .rodata.cmd_write.str1.4
                0x08009c9c       0x1f C:\Users\Pasquale\AppData\Local\Temp\cciaa1RM.ltrans0.ltrans.o
 *fill*         0x08009cbb        0x1 
 .rodata.commands
                0x08009cbc       0x20 C:\Users\Pasquale\AppData\Local\Temp\cciaa1RM.ltrans0.ltrans.o
 .rodata.evhndl
                0x08009cdc        0xc C:\Users\Pasquale\AppData\Local\Temp\cciaa1RM.ltrans0.ltrans.o
 .rodata.idle_descriptor.6810
                0x08009ce8       0x18 C:\Users\Pasquale\AppData\Local\Temp\cciaa1RM.ltrans0.ltrans.o
 .rodata.main.str1.4
                0x08009d00        0x6 C:\Users\Pasquale\AppData\Local\Temp\cciaa1RM.ltrans0.ltrans.o
 *fill*         0x08009d06        0x2 
 .rodata.oslib_test_001_001
                0x08009d08       0x10 C:\Users\Pasquale\AppData\Local\Temp\cciaa1RM.ltrans0.ltrans.o
 .rodata.oslib_test_001_001_execute.str1.4
                0x08009d18       0x13 C:\Users\Pasquale\AppData\Local\Temp\cciaa1RM.ltrans0.ltrans.o
 *fill*         0x08009d2b        0x1 
 .rodata.oslib_test_001_002
                0x08009d2c       0x10 C:\Users\Pasquale\AppData\Local\Temp\cciaa1RM.ltrans0.ltrans.o
 .rodata.oslib_test_001_002_execute.str1.4
                0x08009d3c       0xb5 C:\Users\Pasquale\AppData\Local\Temp\cciaa1RM.ltrans0.ltrans.o
 *fill*         0x08009df1        0x3 
 .rodata.oslib_test_001_003
                0x08009df4       0x10 C:\Users\Pasquale\AppData\Local\Temp\cciaa1RM.ltrans0.ltrans.o
 .rodata.oslib_test_001_003_execute.str1.4
                0x08009e04       0x16 C:\Users\Pasquale\AppData\Local\Temp\cciaa1RM.ltrans0.ltrans.o
 *fill*         0x08009e1a        0x2 
 .rodata.oslib_test_002_001
                0x08009e1c       0x10 C:\Users\Pasquale\AppData\Local\Temp\cciaa1RM.ltrans0.ltrans.o
 .rodata.oslib_test_002_001_execute.str1.4
                0x08009e2c       0x1d C:\Users\Pasquale\AppData\Local\Temp\cciaa1RM.ltrans0.ltrans.o
 *fill*         0x08009e49        0x3 
 .rodata.oslib_test_002_002
                0x08009e4c       0x10 C:\Users\Pasquale\AppData\Local\Temp\cciaa1RM.ltrans0.ltrans.o
 .rodata.oslib_test_002_002_execute.str1.4
                0x08009e5c       0x13 C:\Users\Pasquale\AppData\Local\Temp\cciaa1RM.ltrans0.ltrans.o
 *fill*         0x08009e6f        0x1 
 .rodata.oslib_test_003_001
                0x08009e70       0x10 C:\Users\Pasquale\AppData\Local\Temp\cciaa1RM.ltrans0.ltrans.o
 .rodata.oslib_test_003_001_execute.str1.4
                0x08009e80       0x35 C:\Users\Pasquale\AppData\Local\Temp\cciaa1RM.ltrans0.ltrans.o
 *fill*         0x08009eb5        0x3 
 .rodata.oslib_test_003_002
                0x08009eb8       0x10 C:\Users\Pasquale\AppData\Local\Temp\cciaa1RM.ltrans0.ltrans.o
 .rodata.oslib_test_003_003
                0x08009ec8       0x10 C:\Users\Pasquale\AppData\Local\Temp\cciaa1RM.ltrans0.ltrans.o
 .rodata.oslib_test_004_001
                0x08009ed8       0x10 C:\Users\Pasquale\AppData\Local\Temp\cciaa1RM.ltrans0.ltrans.o
 .rodata.oslib_test_004_001_execute.str1.4
                0x08009ee8       0x59 C:\Users\Pasquale\AppData\Local\Temp\cciaa1RM.ltrans0.ltrans.o
 *fill*         0x08009f41        0x3 
 .rodata.oslib_test_004_002
                0x08009f44       0x10 C:\Users\Pasquale\AppData\Local\Temp\cciaa1RM.ltrans0.ltrans.o
 .rodata.oslib_test_004_002_execute.str1.4
                0x08009f54       0x2a C:\Users\Pasquale\AppData\Local\Temp\cciaa1RM.ltrans0.ltrans.o
 *fill*         0x08009f7e        0x2 
 .rodata.oslib_test_005_001
                0x08009f80       0x10 C:\Users\Pasquale\AppData\Local\Temp\cciaa1RM.ltrans0.ltrans.o
 .rodata.oslib_test_005_001_execute.str1.4
                0x08009f90       0x30 C:\Users\Pasquale\AppData\Local\Temp\cciaa1RM.ltrans0.ltrans.o
 .rodata.oslib_test_005_002
                0x08009fc0       0x10 C:\Users\Pasquale\AppData\Local\Temp\cciaa1RM.ltrans0.ltrans.o
 .rodata.oslib_test_005_003
                0x08009fd0       0x10 C:\Users\Pasquale\AppData\Local\Temp\cciaa1RM.ltrans0.ltrans.o
 .rodata.oslib_test_005_003_execute.str1.4
                0x08009fe0       0x58 C:\Users\Pasquale\AppData\Local\Temp\cciaa1RM.ltrans0.ltrans.o
                                 0x60 (size before relaxing)
 .rodata.oslib_test_005_004
                0x0800a038       0x10 C:\Users\Pasquale\AppData\Local\Temp\cciaa1RM.ltrans0.ltrans.o
 .rodata.oslib_test_005_005
                0x0800a048       0x10 C:\Users\Pasquale\AppData\Local\Temp\cciaa1RM.ltrans0.ltrans.o
 .rodata.oslib_test_005_006
                0x0800a058       0x10 C:\Users\Pasquale\AppData\Local\Temp\cciaa1RM.ltrans0.ltrans.o
 .rodata.oslib_test_sequence_001
                0x0800a068        0x8 C:\Users\Pasquale\AppData\Local\Temp\cciaa1RM.ltrans0.ltrans.o
 .rodata.oslib_test_sequence_001_array
                0x0800a070       0x10 C:\Users\Pasquale\AppData\Local\Temp\cciaa1RM.ltrans0.ltrans.o
 .rodata.oslib_test_sequence_002
                0x0800a080        0x8 C:\Users\Pasquale\AppData\Local\Temp\cciaa1RM.ltrans0.ltrans.o
 .rodata.oslib_test_sequence_002_array
                0x0800a088        0xc C:\Users\Pasquale\AppData\Local\Temp\cciaa1RM.ltrans0.ltrans.o
 .rodata.oslib_test_sequence_003
                0x0800a094        0x8 C:\Users\Pasquale\AppData\Local\Temp\cciaa1RM.ltrans0.ltrans.o
 .rodata.oslib_test_sequence_003_array
                0x0800a09c       0x10 C:\Users\Pasquale\AppData\Local\Temp\cciaa1RM.ltrans0.ltrans.o
 .rodata.oslib_test_sequence_004
                0x0800a0ac        0x8 C:\Users\Pasquale\AppData\Local\Temp\cciaa1RM.ltrans0.ltrans.o
 .rodata.oslib_test_sequence_004_array
                0x0800a0b4        0xc C:\Users\Pasquale\AppData\Local\Temp\cciaa1RM.ltrans0.ltrans.o
 .rodata.oslib_test_sequence_005
                0x0800a0c0        0x8 C:\Users\Pasquale\AppData\Local\Temp\cciaa1RM.ltrans0.ltrans.o
 .rodata.oslib_test_sequence_005_array
                0x0800a0c8       0x1c C:\Users\Pasquale\AppData\Local\Temp\cciaa1RM.ltrans0.ltrans.o
 .rodata.oslib_test_suite
                0x0800a0e4        0x8 C:\Users\Pasquale\AppData\Local\Temp\cciaa1RM.ltrans0.ltrans.o
 .rodata.oslib_test_suite_array
                0x0800a0ec       0x18 C:\Users\Pasquale\AppData\Local\Temp\cciaa1RM.ltrans0.ltrans.o
 .rodata.parse_arguments.str1.4
                0x0800a104        0x3 C:\Users\Pasquale\AppData\Local\Temp\cciaa1RM.ltrans0.ltrans.o
 *fill*         0x0800a107        0x1 
 .rodata.pipe_pattern
                0x0800a108       0x11 C:\Users\Pasquale\AppData\Local\Temp\cciaa1RM.ltrans0.ltrans.o
 *fill*         0x0800a119        0x3 
 .rodata.ram_areas
                0x0800a11c       0x80 C:\Users\Pasquale\AppData\Local\Temp\cciaa1RM.ltrans0.ltrans.o
 .rodata.rt_test_001_001
                0x0800a19c       0x10 C:\Users\Pasquale\AppData\Local\Temp\cciaa1RM.ltrans0.ltrans.o
 .rodata.rt_test_001_001_execute.str1.4
                0x0800a1ac      0x1a9 C:\Users\Pasquale\AppData\Local\Temp\cciaa1RM.ltrans0.ltrans.o
 *fill*         0x0800a355        0x3 
 .rodata.rt_test_001_002
                0x0800a358       0x10 C:\Users\Pasquale\AppData\Local\Temp\cciaa1RM.ltrans0.ltrans.o
 .rodata.rt_test_001_002_execute.str1.4
                0x0800a368      0x115 C:\Users\Pasquale\AppData\Local\Temp\cciaa1RM.ltrans0.ltrans.o
 *fill*         0x0800a47d        0x3 
 .rodata.rt_test_001_003
                0x0800a480       0x10 C:\Users\Pasquale\AppData\Local\Temp\cciaa1RM.ltrans0.ltrans.o
 .rodata.rt_test_001_003_execute.str1.4
                0x0800a490      0x78d C:\Users\Pasquale\AppData\Local\Temp\cciaa1RM.ltrans0.ltrans.o
                                0x791 (size before relaxing)
 *fill*         0x0800ac1d        0x3 
 .rodata.rt_test_002_001
                0x0800ac20       0x10 C:\Users\Pasquale\AppData\Local\Temp\cciaa1RM.ltrans0.ltrans.o
 .rodata.rt_test_002_001_execute.str1.4
                0x0800ac30       0x70 C:\Users\Pasquale\AppData\Local\Temp\cciaa1RM.ltrans0.ltrans.o
 .rodata.rt_test_002_002
                0x0800aca0       0x10 C:\Users\Pasquale\AppData\Local\Temp\cciaa1RM.ltrans0.ltrans.o
 .rodata.rt_test_002_002_execute.str1.4
                0x0800acb0       0x12 C:\Users\Pasquale\AppData\Local\Temp\cciaa1RM.ltrans0.ltrans.o
 *fill*         0x0800acc2        0x2 
 .rodata.rt_test_002_003
                0x0800acc4       0x10 C:\Users\Pasquale\AppData\Local\Temp\cciaa1RM.ltrans0.ltrans.o
 .rodata.rt_test_002_004
                0x0800acd4       0x10 C:\Users\Pasquale\AppData\Local\Temp\cciaa1RM.ltrans0.ltrans.o
 .rodata.rt_test_003_001
                0x0800ace4       0x10 C:\Users\Pasquale\AppData\Local\Temp\cciaa1RM.ltrans0.ltrans.o
 .rodata.rt_test_003_002
                0x0800acf4       0x10 C:\Users\Pasquale\AppData\Local\Temp\cciaa1RM.ltrans0.ltrans.o
 .rodata.rt_test_003_003
                0x0800ad04       0x10 C:\Users\Pasquale\AppData\Local\Temp\cciaa1RM.ltrans0.ltrans.o
 .rodata.rt_test_003_004
                0x0800ad14       0x10 C:\Users\Pasquale\AppData\Local\Temp\cciaa1RM.ltrans0.ltrans.o
 .rodata.rt_test_003_004_execute.str1.4
                0x0800ad24       0x87 C:\Users\Pasquale\AppData\Local\Temp\cciaa1RM.ltrans0.ltrans.o
 *fill*         0x0800adab        0x1 
 .rodata.rt_test_004_001
                0x0800adac       0x10 C:\Users\Pasquale\AppData\Local\Temp\cciaa1RM.ltrans0.ltrans.o
 .rodata.rt_test_004_001_execute.str1.4
                0x0800adbc       0x23 C:\Users\Pasquale\AppData\Local\Temp\cciaa1RM.ltrans0.ltrans.o
 *fill*         0x0800addf        0x1 
 .rodata.rt_test_005_001
                0x0800ade0       0x10 C:\Users\Pasquale\AppData\Local\Temp\cciaa1RM.ltrans0.ltrans.o
 .rodata.rt_test_005_001_execute.str1.4
                0x0800adf0       0x14 C:\Users\Pasquale\AppData\Local\Temp\cciaa1RM.ltrans0.ltrans.o
 .rodata.rt_test_005_002
                0x0800ae04       0x10 C:\Users\Pasquale\AppData\Local\Temp\cciaa1RM.ltrans0.ltrans.o
 .rodata.rt_test_005_003
                0x0800ae14       0x10 C:\Users\Pasquale\AppData\Local\Temp\cciaa1RM.ltrans0.ltrans.o
 .rodata.rt_test_005_004
                0x0800ae24       0x10 C:\Users\Pasquale\AppData\Local\Temp\cciaa1RM.ltrans0.ltrans.o
 .rodata.rt_test_005_004_execute.str1.4
                0x0800ae34       0x10 C:\Users\Pasquale\AppData\Local\Temp\cciaa1RM.ltrans0.ltrans.o
 .rodata.rt_test_005_005
                0x0800ae44       0x10 C:\Users\Pasquale\AppData\Local\Temp\cciaa1RM.ltrans0.ltrans.o
 .rodata.rt_test_005_005_execute.str1.4
                0x0800ae54       0x21 C:\Users\Pasquale\AppData\Local\Temp\cciaa1RM.ltrans0.ltrans.o
 *fill*         0x0800ae75        0x3 
 .rodata.rt_test_005_006
                0x0800ae78       0x10 C:\Users\Pasquale\AppData\Local\Temp\cciaa1RM.ltrans0.ltrans.o
 .rodata.rt_test_005_006_execute.str1.4
                0x0800ae88       0x3f C:\Users\Pasquale\AppData\Local\Temp\cciaa1RM.ltrans0.ltrans.o
                                 0x46 (size before relaxing)
 *fill*         0x0800aec7        0x1 
 .rodata.rt_test_006_001
                0x0800aec8       0x10 C:\Users\Pasquale\AppData\Local\Temp\cciaa1RM.ltrans0.ltrans.o
 .rodata.rt_test_006_004
                0x0800aed8       0x10 C:\Users\Pasquale\AppData\Local\Temp\cciaa1RM.ltrans0.ltrans.o
 .rodata.rt_test_006_004_execute.str1.4
                0x0800aee8        0x6 C:\Users\Pasquale\AppData\Local\Temp\cciaa1RM.ltrans0.ltrans.o
 *fill*         0x0800aeee        0x2 
 .rodata.rt_test_006_005
                0x0800aef0       0x10 C:\Users\Pasquale\AppData\Local\Temp\cciaa1RM.ltrans0.ltrans.o
 .rodata.rt_test_006_005_execute.str1.4
                0x0800af00       0x3d C:\Users\Pasquale\AppData\Local\Temp\cciaa1RM.ltrans0.ltrans.o
 *fill*         0x0800af3d        0x3 
 .rodata.rt_test_006_007
                0x0800af40       0x10 C:\Users\Pasquale\AppData\Local\Temp\cciaa1RM.ltrans0.ltrans.o
 .rodata.rt_test_006_008
                0x0800af50       0x10 C:\Users\Pasquale\AppData\Local\Temp\cciaa1RM.ltrans0.ltrans.o
 .rodata.rt_test_006_008_execute.str1.4
                0x0800af60        0x6 C:\Users\Pasquale\AppData\Local\Temp\cciaa1RM.ltrans0.ltrans.o
 *fill*         0x0800af66        0x2 
 .rodata.rt_test_006_009
                0x0800af68       0x10 C:\Users\Pasquale\AppData\Local\Temp\cciaa1RM.ltrans0.ltrans.o
 .rodata.rt_test_007_001
                0x0800af78       0x10 C:\Users\Pasquale\AppData\Local\Temp\cciaa1RM.ltrans0.ltrans.o
 .rodata.rt_test_008_001
                0x0800af88       0x10 C:\Users\Pasquale\AppData\Local\Temp\cciaa1RM.ltrans0.ltrans.o
 .rodata.rt_test_008_001_execute.str1.4
                0x0800af98       0x1b C:\Users\Pasquale\AppData\Local\Temp\cciaa1RM.ltrans0.ltrans.o
 *fill*         0x0800afb3        0x1 
 .rodata.rt_test_008_002
                0x0800afb4       0x10 C:\Users\Pasquale\AppData\Local\Temp\cciaa1RM.ltrans0.ltrans.o
 .rodata.rt_test_008_002_execute.str1.4
                0x0800afc4       0x18 C:\Users\Pasquale\AppData\Local\Temp\cciaa1RM.ltrans0.ltrans.o
 .rodata.rt_test_008_003
                0x0800afdc       0x10 C:\Users\Pasquale\AppData\Local\Temp\cciaa1RM.ltrans0.ltrans.o
 .rodata.rt_test_008_003_execute.str1.4
                0x0800afec       0x13 C:\Users\Pasquale\AppData\Local\Temp\cciaa1RM.ltrans0.ltrans.o
 *fill*         0x0800afff        0x1 
 .rodata.rt_test_008_004
                0x0800b000       0x10 C:\Users\Pasquale\AppData\Local\Temp\cciaa1RM.ltrans0.ltrans.o
 .rodata.rt_test_008_004_execute.str1.4
                0x0800b010       0x11 C:\Users\Pasquale\AppData\Local\Temp\cciaa1RM.ltrans0.ltrans.o
 *fill*         0x0800b021        0x3 
 .rodata.rt_test_008_005
                0x0800b024       0x10 C:\Users\Pasquale\AppData\Local\Temp\cciaa1RM.ltrans0.ltrans.o
 .rodata.rt_test_008_005_execute.str1.4
                0x0800b034       0x2a C:\Users\Pasquale\AppData\Local\Temp\cciaa1RM.ltrans0.ltrans.o
 *fill*         0x0800b05e        0x2 
 .rodata.rt_test_008_006
                0x0800b060       0x10 C:\Users\Pasquale\AppData\Local\Temp\cciaa1RM.ltrans0.ltrans.o
 .rodata.rt_test_008_006_execute.str1.4
                0x0800b070        0xf C:\Users\Pasquale\AppData\Local\Temp\cciaa1RM.ltrans0.ltrans.o
 *fill*         0x0800b07f        0x1 
 .rodata.rt_test_008_007
                0x0800b080       0x10 C:\Users\Pasquale\AppData\Local\Temp\cciaa1RM.ltrans0.ltrans.o
 .rodata.rt_test_008_007_execute.str1.4
                0x0800b090        0xc C:\Users\Pasquale\AppData\Local\Temp\cciaa1RM.ltrans0.ltrans.o
 .rodata.rt_test_009_001
                0x0800b09c       0x10 C:\Users\Pasquale\AppData\Local\Temp\cciaa1RM.ltrans0.ltrans.o
 .rodata.rt_test_009_001_execute.str1.4
                0x0800b0ac       0x56 C:\Users\Pasquale\AppData\Local\Temp\cciaa1RM.ltrans0.ltrans.o
 *fill*         0x0800b102        0x2 
 .rodata.rt_test_009_002
                0x0800b104       0x10 C:\Users\Pasquale\AppData\Local\Temp\cciaa1RM.ltrans0.ltrans.o
 .rodata.rt_test_009_002_execute.str1.4
                0x0800b114       0x84 C:\Users\Pasquale\AppData\Local\Temp\cciaa1RM.ltrans0.ltrans.o
                                 0x8c (size before relaxing)
 .rodata.rt_test_010_001
                0x0800b198       0x10 C:\Users\Pasquale\AppData\Local\Temp\cciaa1RM.ltrans0.ltrans.o
 .rodata.rt_test_010_002
                0x0800b1a8       0x10 C:\Users\Pasquale\AppData\Local\Temp\cciaa1RM.ltrans0.ltrans.o
 .rodata.rt_test_010_003
                0x0800b1b8       0x10 C:\Users\Pasquale\AppData\Local\Temp\cciaa1RM.ltrans0.ltrans.o
 .rodata.rt_test_010_003_execute.str1.4
                0x0800b1c8        0xa C:\Users\Pasquale\AppData\Local\Temp\cciaa1RM.ltrans0.ltrans.o
 *fill*         0x0800b1d2        0x2 
 .rodata.rt_test_010_004
                0x0800b1d4       0x10 C:\Users\Pasquale\AppData\Local\Temp\cciaa1RM.ltrans0.ltrans.o
 .rodata.rt_test_010_005
                0x0800b1e4       0x10 C:\Users\Pasquale\AppData\Local\Temp\cciaa1RM.ltrans0.ltrans.o
 .rodata.rt_test_010_006
                0x0800b1f4       0x10 C:\Users\Pasquale\AppData\Local\Temp\cciaa1RM.ltrans0.ltrans.o
 .rodata.rt_test_010_006_execute.str1.4
                0x0800b204        0xb C:\Users\Pasquale\AppData\Local\Temp\cciaa1RM.ltrans0.ltrans.o
 *fill*         0x0800b20f        0x1 
 .rodata.rt_test_010_007
                0x0800b210       0x10 C:\Users\Pasquale\AppData\Local\Temp\cciaa1RM.ltrans0.ltrans.o
 .rodata.rt_test_010_007_execute.str1.4
                0x0800b220       0x11 C:\Users\Pasquale\AppData\Local\Temp\cciaa1RM.ltrans0.ltrans.o
 *fill*         0x0800b231        0x3 
 .rodata.rt_test_010_008
                0x0800b234       0x10 C:\Users\Pasquale\AppData\Local\Temp\cciaa1RM.ltrans0.ltrans.o
 .rodata.rt_test_010_008_execute.str1.4
                0x0800b244        0xa C:\Users\Pasquale\AppData\Local\Temp\cciaa1RM.ltrans0.ltrans.o
 *fill*         0x0800b24e        0x2 
 .rodata.rt_test_010_009
                0x0800b250       0x10 C:\Users\Pasquale\AppData\Local\Temp\cciaa1RM.ltrans0.ltrans.o
 .rodata.rt_test_010_009_execute.str1.4
                0x0800b260       0x1a C:\Users\Pasquale\AppData\Local\Temp\cciaa1RM.ltrans0.ltrans.o
 *fill*         0x0800b27a        0x2 
 .rodata.rt_test_010_010
                0x0800b27c       0x10 C:\Users\Pasquale\AppData\Local\Temp\cciaa1RM.ltrans0.ltrans.o
 .rodata.rt_test_010_010_execute.str1.4
                0x0800b28c        0xf C:\Users\Pasquale\AppData\Local\Temp\cciaa1RM.ltrans0.ltrans.o
 *fill*         0x0800b29b        0x1 
 .rodata.rt_test_010_011
                0x0800b29c       0x10 C:\Users\Pasquale\AppData\Local\Temp\cciaa1RM.ltrans0.ltrans.o
 .rodata.rt_test_010_011_execute.str1.4
                0x0800b2ac        0xf C:\Users\Pasquale\AppData\Local\Temp\cciaa1RM.ltrans0.ltrans.o
 *fill*         0x0800b2bb        0x1 
 .rodata.rt_test_010_012
                0x0800b2bc       0x10 C:\Users\Pasquale\AppData\Local\Temp\cciaa1RM.ltrans0.ltrans.o
 .rodata.rt_test_010_012_execute.str1.4
                0x0800b2cc       0x95 C:\Users\Pasquale\AppData\Local\Temp\cciaa1RM.ltrans0.ltrans.o
 *fill*         0x0800b361        0x3 
 .rodata.rt_test_sequence_001
                0x0800b364        0x8 C:\Users\Pasquale\AppData\Local\Temp\cciaa1RM.ltrans0.ltrans.o
 .rodata.rt_test_sequence_001_array
                0x0800b36c       0x10 C:\Users\Pasquale\AppData\Local\Temp\cciaa1RM.ltrans0.ltrans.o
 .rodata.rt_test_sequence_002
                0x0800b37c        0x8 C:\Users\Pasquale\AppData\Local\Temp\cciaa1RM.ltrans0.ltrans.o
 .rodata.rt_test_sequence_002_array
                0x0800b384       0x14 C:\Users\Pasquale\AppData\Local\Temp\cciaa1RM.ltrans0.ltrans.o
 .rodata.rt_test_sequence_003
                0x0800b398        0x8 C:\Users\Pasquale\AppData\Local\Temp\cciaa1RM.ltrans0.ltrans.o
 .rodata.rt_test_sequence_003_array
                0x0800b3a0       0x14 C:\Users\Pasquale\AppData\Local\Temp\cciaa1RM.ltrans0.ltrans.o
 .rodata.rt_test_sequence_004
                0x0800b3b4        0x8 C:\Users\Pasquale\AppData\Local\Temp\cciaa1RM.ltrans0.ltrans.o
 .rodata.rt_test_sequence_004_array
                0x0800b3bc        0x8 C:\Users\Pasquale\AppData\Local\Temp\cciaa1RM.ltrans0.ltrans.o
 .rodata.rt_test_sequence_005
                0x0800b3c4        0x8 C:\Users\Pasquale\AppData\Local\Temp\cciaa1RM.ltrans0.ltrans.o
 .rodata.rt_test_sequence_005_array
                0x0800b3cc       0x1c C:\Users\Pasquale\AppData\Local\Temp\cciaa1RM.ltrans0.ltrans.o
 .rodata.rt_test_sequence_006
                0x0800b3e8        0x8 C:\Users\Pasquale\AppData\Local\Temp\cciaa1RM.ltrans0.ltrans.o
 .rodata.rt_test_sequence_006_array
                0x0800b3f0       0x1c C:\Users\Pasquale\AppData\Local\Temp\cciaa1RM.ltrans0.ltrans.o
 .rodata.rt_test_sequence_007
                0x0800b40c        0x8 C:\Users\Pasquale\AppData\Local\Temp\cciaa1RM.ltrans0.ltrans.o
 .rodata.rt_test_sequence_007_array
                0x0800b414        0x8 C:\Users\Pasquale\AppData\Local\Temp\cciaa1RM.ltrans0.ltrans.o
 .rodata.rt_test_sequence_008
                0x0800b41c        0x8 C:\Users\Pasquale\AppData\Local\Temp\cciaa1RM.ltrans0.ltrans.o
 .rodata.rt_test_sequence_008_array
                0x0800b424       0x20 C:\Users\Pasquale\AppData\Local\Temp\cciaa1RM.ltrans0.ltrans.o
 .rodata.rt_test_sequence_009
                0x0800b444        0x8 C:\Users\Pasquale\AppData\Local\Temp\cciaa1RM.ltrans0.ltrans.o
 .rodata.rt_test_sequence_009_array
                0x0800b44c        0xc C:\Users\Pasquale\AppData\Local\Temp\cciaa1RM.ltrans0.ltrans.o
 .rodata.rt_test_sequence_010
                0x0800b458        0x8 C:\Users\Pasquale\AppData\Local\Temp\cciaa1RM.ltrans0.ltrans.o
 .rodata.rt_test_sequence_010_array
                0x0800b460       0x34 C:\Users\Pasquale\AppData\Local\Temp\cciaa1RM.ltrans0.ltrans.o
 .rodata.rt_test_suite
                0x0800b494        0x8 C:\Users\Pasquale\AppData\Local\Temp\cciaa1RM.ltrans0.ltrans.o
 .rodata.rt_test_suite_array
                0x0800b49c       0x2c C:\Users\Pasquale\AppData\Local\Temp\cciaa1RM.ltrans0.ltrans.o
 .rodata.shellThread.str1.4
                0x0800b4c8       0x6d C:\Users\Pasquale\AppData\Local\Temp\cciaa1RM.ltrans0.ltrans.o
 *fill*         0x0800b535        0x3 
 .rodata.shell_cfg1
                0x0800b538        0x8 C:\Users\Pasquale\AppData\Local\Temp\cciaa1RM.ltrans0.ltrans.o
 .rodata.shell_local_commands
                0x0800b540       0x40 C:\Users\Pasquale\AppData\Local\Temp\cciaa1RM.ltrans0.ltrans.o
 .rodata.states.8130
                0x0800b580       0x40 C:\Users\Pasquale\AppData\Local\Temp\cciaa1RM.ltrans0.ltrans.o
 .rodata.str1.4
                0x0800b5c0      0x9c9 C:\Users\Pasquale\AppData\Local\Temp\cciaa1RM.ltrans0.ltrans.o
 *fill*         0x0800bf89        0x3 
 .rodata.test_execute.str1.4
                0x0800bf8c       0xec C:\Users\Pasquale\AppData\Local\Temp\cciaa1RM.ltrans0.ltrans.o
                                 0xf4 (size before relaxing)
 .rodata.test_println.str1.4
                0x0800c078       0xec C:\Users\Pasquale\AppData\Local\Temp\cciaa1RM.ltrans0.ltrans.o
                                  0x3 (size before relaxing)
 .rodata.vmt    0x0800c078       0x28 C:\Users\Pasquale\AppData\Local\Temp\cciaa1RM.ltrans0.ltrans.o
 .rodata.wa     0x0800c0a0       0x14 C:\Users\Pasquale\AppData\Local\Temp\cciaa1RM.ltrans0.ltrans.o
                0x0800c164                . = ALIGN (0x4)
                0x0800c164                __rodata_end__ = .

.rel.dyn        0x0800c0b4        0x0
 .rel.iplt      0x0800c0b4        0x0 ./build/obj/crt0_v7m.o

.ARM.extab
 *(.ARM.extab* .gnu.linkonce.armextab.*)

.ARM.exidx      0x0800c0b4        0x0
                0x0800c0b4                __exidx_start = .
 *(.ARM.exidx* .gnu.linkonce.armexidx.*)
                0x0800c0b4                __exidx_end = .

.eh_frame_hdr
 *(.eh_frame_hdr)

.eh_frame
 *(.eh_frame)

.data           0x20000800      0x4e0 load address 0x0800c0b4
                [!provide]                PROVIDE (_textdata, LOADADDR (.data))
                [!provide]                PROVIDE (_data, .)
                0x0800c0b4                _textdata_start = LOADADDR (.data)
                0x20000800                _data_start = .
 *(.data)
 *(.data.*)
 .data.buf.8040
                0x20000800      0x401 C:\Users\Pasquale\AppData\Local\Temp\cciaa1RM.ltrans0.ltrans.o
 *fill*         0x20000c01        0x3 
 .data.c1       0x20000c04        0x8 C:\Users\Pasquale\AppData\Local\Temp\cciaa1RM.ltrans0.ltrans.o
 .data.es1      0x20000c0c        0x4 C:\Users\Pasquale\AppData\Local\Temp\cciaa1RM.ltrans0.ltrans.o
 .data.es2      0x20000c10        0x4 C:\Users\Pasquale\AppData\Local\Temp\cciaa1RM.ltrans0.ltrans.o
 .data.gmp1     0x20000c14       0x1c C:\Users\Pasquale\AppData\Local\Temp\cciaa1RM.ltrans0.ltrans.o
 .data.m1       0x20000c30       0x10 C:\Users\Pasquale\AppData\Local\Temp\cciaa1RM.ltrans0.ltrans.o
 .data.m2       0x20000c40       0x10 C:\Users\Pasquale\AppData\Local\Temp\cciaa1RM.ltrans0.ltrans.o
 .data.mb1      0x20000c50       0x28 C:\Users\Pasquale\AppData\Local\Temp\cciaa1RM.ltrans0.ltrans.o
 .data.mp1.lto_priv.92
                0x20000c78       0x10 C:\Users\Pasquale\AppData\Local\Temp\cciaa1RM.ltrans0.ltrans.o
 .data.myobj.7635
                0x20000c88        0x4 C:\Users\Pasquale\AppData\Local\Temp\cciaa1RM.ltrans0.ltrans.o
 .data.myobj.7637
                0x20000c8c        0x4 C:\Users\Pasquale\AppData\Local\Temp\cciaa1RM.ltrans0.ltrans.o
 .data.pipe1    0x20000c90       0x50 C:\Users\Pasquale\AppData\Local\Temp\cciaa1RM.ltrans0.ltrans.o
 *(.ramtext)
                0x20000ce0                . = ALIGN (0x4)
                [!provide]                PROVIDE (_edata, .)
                0x20000ce0                _data_end = .

.igot.plt       0x20000ce0        0x0 load address 0x0800c594
 .igot.plt      0x20000ce0        0x0 ./build/obj/crt0_v7m.o

.bss            0x20000ce0      0xe80 load address 0x0800c594
                0x20000ce0                _bss_start = .
 *(.bss)
 *(.bss.*)
 .bss.ADCD1     0x20000ce0       0x34 C:\Users\Pasquale\AppData\Local\Temp\cciaa1RM.ltrans0.ltrans.o
 .bss.SD2       0x20000d14       0x7c C:\Users\Pasquale\AppData\Local\Temp\cciaa1RM.ltrans0.ltrans.o
 .bss.buffer    0x20000d90       0x10 C:\Users\Pasquale\AppData\Local\Temp\cciaa1RM.ltrans0.ltrans.o
 .bss.ch        0x20000da0       0x78 C:\Users\Pasquale\AppData\Local\Temp\cciaa1RM.ltrans0.ltrans.o
 .bss.ch_factory
                0x20000e18       0x48 C:\Users\Pasquale\AppData\Local\Temp\cciaa1RM.ltrans0.ltrans.o
 .bss.ch_idle_thread_wa
                0x20000e60       0xd8 C:\Users\Pasquale\AppData\Local\Temp\cciaa1RM.ltrans0.ltrans.o
 .bss.ch_memcore
                0x20000f38        0x8 C:\Users\Pasquale\AppData\Local\Temp\cciaa1RM.ltrans0.ltrans.o
 .bss.default_heap
                0x20000f40       0x1c C:\Users\Pasquale\AppData\Local\Temp\cciaa1RM.ltrans0.ltrans.o
 .bss.dma       0x20000f5c       0x84 C:\Users\Pasquale\AppData\Local\Temp\cciaa1RM.ltrans0.ltrans.o
 .bss.flag2     0x20000fe0        0x1 C:\Users\Pasquale\AppData\Local\Temp\cciaa1RM.ltrans0.ltrans.o
 *fill*         0x20000fe1        0x3 
 .bss.heap1     0x20000fe4       0x1c C:\Users\Pasquale\AppData\Local\Temp\cciaa1RM.ltrans0.ltrans.o
 .bss.mb_buffer
                0x20001000       0x10 C:\Users\Pasquale\AppData\Local\Temp\cciaa1RM.ltrans0.ltrans.o
 .bss.mp1.lto_priv.91
                0x20001010       0x10 C:\Users\Pasquale\AppData\Local\Temp\cciaa1RM.ltrans0.ltrans.o
 .bss.mtx1      0x20001020       0x10 C:\Users\Pasquale\AppData\Local\Temp\cciaa1RM.ltrans0.ltrans.o
 .bss.objects   0x20001030       0x10 C:\Users\Pasquale\AppData\Local\Temp\cciaa1RM.ltrans0.ltrans.o
 .bss.sem1.lto_priv.89
                0x20001040        0xc C:\Users\Pasquale\AppData\Local\Temp\cciaa1RM.ltrans0.ltrans.o
 .bss.sem1.lto_priv.90
                0x2000104c        0xc C:\Users\Pasquale\AppData\Local\Temp\cciaa1RM.ltrans0.ltrans.o
 .bss.shell_terminated
                0x20001058        0x4 C:\Users\Pasquale\AppData\Local\Temp\cciaa1RM.ltrans0.ltrans.o
 *fill*         0x2000105c        0x4 
 .bss.test_buffer
                0x20001060      0x668 C:\Users\Pasquale\AppData\Local\Temp\cciaa1RM.ltrans0.ltrans.o
 .bss.test_chp  0x200016c8        0x4 C:\Users\Pasquale\AppData\Local\Temp\cciaa1RM.ltrans0.ltrans.o
 .bss.test_failure_message
                0x200016cc        0x4 C:\Users\Pasquale\AppData\Local\Temp\cciaa1RM.ltrans0.ltrans.o
 .bss.test_global_fail
                0x200016d0        0x1 C:\Users\Pasquale\AppData\Local\Temp\cciaa1RM.ltrans0.ltrans.o
 *fill*         0x200016d1        0x3 
 .bss.test_heap
                0x200016d4       0x1c C:\Users\Pasquale\AppData\Local\Temp\cciaa1RM.ltrans0.ltrans.o
 .bss.test_heap_buffer
                0x200016f0       0x80 C:\Users\Pasquale\AppData\Local\Temp\cciaa1RM.ltrans0.ltrans.o
 .bss.test_local_fail
                0x20001770        0x1 C:\Users\Pasquale\AppData\Local\Temp\cciaa1RM.ltrans0.ltrans.o
 *fill*         0x20001771        0x3 
 .bss.test_step
                0x20001774        0x4 C:\Users\Pasquale\AppData\Local\Temp\cciaa1RM.ltrans0.ltrans.o
 .bss.test_tokens_buffer
                0x20001778       0x10 C:\Users\Pasquale\AppData\Local\Temp\cciaa1RM.ltrans0.ltrans.o
 .bss.test_tokp
                0x20001788        0x4 C:\Users\Pasquale\AppData\Local\Temp\cciaa1RM.ltrans0.ltrans.o
 .bss.threads   0x2000178c       0x14 C:\Users\Pasquale\AppData\Local\Temp\cciaa1RM.ltrans0.ltrans.o
 .bss.tr1       0x200017a0        0x4 C:\Users\Pasquale\AppData\Local\Temp\cciaa1RM.ltrans0.ltrans.o
 .bss.vt1.7746  0x200017a4       0x14 C:\Users\Pasquale\AppData\Local\Temp\cciaa1RM.ltrans0.ltrans.o
 .bss.vt2.7747  0x200017b8       0x14 C:\Users\Pasquale\AppData\Local\Temp\cciaa1RM.ltrans0.ltrans.o
 *fill*         0x200017cc        0x4 
 .bss.waThd1    0x200017d0      0x1c8 C:\Users\Pasquale\AppData\Local\Temp\cciaa1RM.ltrans0.ltrans.o
 .bss.waThd2    0x20001998      0x1c8 C:\Users\Pasquale\AppData\Local\Temp\cciaa1RM.ltrans0.ltrans.o
 *(COMMON)
                0x20001b60                . = ALIGN (0x4)
                0x20001b60                _bss_end = .
                [!provide]                PROVIDE (end, .)
                0x20000000                __ram0_start__ = ORIGIN (ram0)
                0x00018000                __ram0_size__ = LENGTH (ram0)
                0x20018000                __ram0_end__ = (__ram0_start__ + __ram0_size__)
                0x00000000                __ram1_start__ = ORIGIN (ram1)
                0x00000000                __ram1_size__ = LENGTH (ram1)
                0x00000000                __ram1_end__ = (__ram1_start__ + __ram1_size__)
                0x00000000                __ram2_start__ = ORIGIN (ram2)
                0x00000000                __ram2_size__ = LENGTH (ram2)
                0x00000000                __ram2_end__ = (__ram2_start__ + __ram2_size__)
                0x00000000                __ram3_start__ = ORIGIN (ram3)
                0x00000000                __ram3_size__ = LENGTH (ram3)
                0x00000000                __ram3_end__ = (__ram3_start__ + __ram3_size__)
                0x00000000                __ram4_start__ = ORIGIN (ram4)
                0x00000000                __ram4_size__ = LENGTH (ram4)
                0x00000000                __ram4_end__ = (__ram4_start__ + __ram4_size__)
                0x00000000                __ram5_start__ = ORIGIN (ram5)
                0x00000000                __ram5_size__ = LENGTH (ram5)
                0x00000000                __ram5_end__ = (__ram5_start__ + __ram5_size__)
                0x00000000                __ram6_start__ = ORIGIN (ram6)
                0x00000000                __ram6_size__ = LENGTH (ram6)
                0x00000000                __ram6_end__ = (__ram6_start__ + __ram6_size__)
                0x00000000                __ram7_start__ = ORIGIN (ram7)
                0x00000000                __ram7_size__ = LENGTH (ram7)
                0x00000000                __ram7_end__ = (__ram7_start__ + __ram7_size__)
                0x08000000                __flash0_start__ = ORIGIN (flash0)