Archive member included to satisfy reference by file (symbol)

c:/chibistudio/tools/gnu tools arm embedded/7.0 2017q4/bin/../lib/gcc/arm-none-eabi/7.2.1/thumb/v7e-m\libgcc.a(_arm_addsubdf3.o)
                              C:\Users\Pasquale\AppData\Local\Temp\ccGjmsxX.ltrans0.ltrans.o (__aeabi_dsub)
c:/chibistudio/tools/gnu tools arm embedded/7.0 2017q4/bin/../lib/gcc/arm-none-eabi/7.2.1/thumb/v7e-m\libgcc.a(_arm_muldivdf3.o)
                              C:\Users\Pasquale\AppData\Local\Temp\ccGjmsxX.ltrans0.ltrans.o (__aeabi_dmul)
c:/chibistudio/tools/gnu tools arm embedded/7.0 2017q4/bin/../lib/gcc/arm-none-eabi/7.2.1/thumb/v7e-m\libgcc.a(_arm_fixdfsi.o)
                              C:\Users\Pasquale\AppData\Local\Temp\ccGjmsxX.ltrans0.ltrans.o (__aeabi_d2iz)
c:/chibistudio/tools/gnu tools arm embedded/7.0 2017q4/bin/../lib/gcc/arm-none-eabi/7.2.1/thumb/v7e-m\libgcc.a(_arm_truncdfsf2.o)
                              C:\Users\Pasquale\AppData\Local\Temp\ccGjmsxX.ltrans0.ltrans.o (__aeabi_d2f)
c:/chibistudio/tools/gnu tools arm embedded/7.0 2017q4/bin/../lib/gcc/arm-none-eabi/7.2.1/thumb/v7e-m\libgcc.a(_arm_addsubsf3.o)
                              C:\Users\Pasquale\AppData\Local\Temp\ccGjmsxX.ltrans0.ltrans.o (__aeabi_i2f)
c:/chibistudio/tools/gnu tools arm embedded/7.0 2017q4/bin/../lib/gcc/arm-none-eabi/7.2.1/thumb/v7e-m\libgcc.a(_arm_cmpsf2.o)
                              C:\Users\Pasquale\AppData\Local\Temp\ccGjmsxX.ltrans0.ltrans.o (__aeabi_fcmplt)
c:/chibistudio/tools/gnu tools arm embedded/7.0 2017q4/bin/../lib/gcc/arm-none-eabi/7.2.1/thumb/v7e-m\libgcc.a(_arm_fixsfsi.o)
                              C:\Users\Pasquale\AppData\Local\Temp\ccGjmsxX.ltrans0.ltrans.o (__aeabi_f2iz)
c:/chibistudio/tools/gnu tools arm embedded/7.0 2017q4/bin/../lib/gcc/arm-none-eabi/7.2.1/../../../../arm-none-eabi/lib/thumb/v7e-m\libg.a(lib_a-memcpy.o)
                              C:\Users\Pasquale\AppData\Local\Temp\ccGjmsxX.ltrans0.ltrans.o (memcpy)

Discarded input sections

 .data          0x00000000        0x0 ./build/obj/crt0_v7m.o
 .bss           0x00000000        0x0 ./build/obj/crt0_v7m.o
 .data          0x00000000        0x0 ./build/obj/vectors.o
 .bss           0x00000000        0x0 ./build/obj/vectors.o
 .data          0x00000000        0x0 ./build/obj/chcoreasm_v7m.o
 .bss           0x00000000        0x0 ./build/obj/chcoreasm_v7m.o
 .text          0x00000000        0x0 C:\Users\Pasquale\AppData\Local\Temp\ccGjmsxX.ltrans0.ltrans.o
 .data          0x00000000        0x0 C:\Users\Pasquale\AppData\Local\Temp\ccGjmsxX.ltrans0.ltrans.o
 .bss           0x00000000        0x0 C:\Users\Pasquale\AppData\Local\Temp\ccGjmsxX.ltrans0.ltrans.o
 .data          0x00000000        0x0 c:/chibistudio/tools/gnu tools arm embedded/7.0 2017q4/bin/../lib/gcc/arm-none-eabi/7.2.1/thumb/v7e-m\libgcc.a(_arm_addsubdf3.o)
 .bss           0x00000000        0x0 c:/chibistudio/tools/gnu tools arm embedded/7.0 2017q4/bin/../lib/gcc/arm-none-eabi/7.2.1/thumb/v7e-m\libgcc.a(_arm_addsubdf3.o)
 .data          0x00000000        0x0 c:/chibistudio/tools/gnu tools arm embedded/7.0 2017q4/bin/../lib/gcc/arm-none-eabi/7.2.1/thumb/v7e-m\libgcc.a(_arm_muldivdf3.o)
 .bss           0x00000000        0x0 c:/chibistudio/tools/gnu tools arm embedded/7.0 2017q4/bin/../lib/gcc/arm-none-eabi/7.2.1/thumb/v7e-m\libgcc.a(_arm_muldivdf3.o)
 .data          0x00000000        0x0 c:/chibistudio/tools/gnu tools arm embedded/7.0 2017q4/bin/../lib/gcc/arm-none-eabi/7.2.1/thumb/v7e-m\libgcc.a(_arm_fixdfsi.o)
 .bss           0x00000000        0x0 c:/chibistudio/tools/gnu tools arm embedded/7.0 2017q4/bin/../lib/gcc/arm-none-eabi/7.2.1/thumb/v7e-m\libgcc.a(_arm_fixdfsi.o)
 .data          0x00000000        0x0 c:/chibistudio/tools/gnu tools arm embedded/7.0 2017q4/bin/../lib/gcc/arm-none-eabi/7.2.1/thumb/v7e-m\libgcc.a(_arm_truncdfsf2.o)
 .bss           0x00000000        0x0 c:/chibistudio/tools/gnu tools arm embedded/7.0 2017q4/bin/../lib/gcc/arm-none-eabi/7.2.1/thumb/v7e-m\libgcc.a(_arm_truncdfsf2.o)
 .data          0x00000000        0x0 c:/chibistudio/tools/gnu tools arm embedded/7.0 2017q4/bin/../lib/gcc/arm-none-eabi/7.2.1/thumb/v7e-m\libgcc.a(_arm_addsubsf3.o)
 .bss           0x00000000        0x0 c:/chibistudio/tools/gnu tools arm embedded/7.0 2017q4/bin/../lib/gcc/arm-none-eabi/7.2.1/thumb/v7e-m\libgcc.a(_arm_addsubsf3.o)
 .data          0x00000000        0x0 c:/chibistudio/tools/gnu tools arm embedded/7.0 2017q4/bin/../lib/gcc/arm-none-eabi/7.2.1/thumb/v7e-m\libgcc.a(_arm_cmpsf2.o)
 .bss           0x00000000        0x0 c:/chibistudio/tools/gnu tools arm embedded/7.0 2017q4/bin/../lib/gcc/arm-none-eabi/7.2.1/thumb/v7e-m\libgcc.a(_arm_cmpsf2.o)
 .data          0x00000000        0x0 c:/chibistudio/tools/gnu tools arm embedded/7.0 2017q4/bin/../lib/gcc/arm-none-eabi/7.2.1/thumb/v7e-m\libgcc.a(_arm_fixsfsi.o)
[...]
Memory Configuration

Name             Origin             Length             Attributes
flash0           0x08000000         0x00080000
flash1           0x00000000         0x00000000
flash2           0x00000000         0x00000000
flash3           0x00000000         0x00000000
flash4           0x00000000         0x00000000
flash5           0x00000000         0x00000000
flash6           0x00000000         0x00000000
flash7           0x00000000         0x00000000
ram0             0x20000000         0x00018000
ram1             0x00000000         0x00000000
ram2             0x00000000         0x00000000
ram3             0x00000000         0x00000000
ram4             0x00000000         0x00000000
ram5             0x00000000         0x00000000
ram6             0x00000000         0x00000000
ram7             0x00000000         0x00000000
*default*        0x00000000         0xffffffff

Linker script and memory map

LOAD ./build/obj/crt0_v7m.o
LOAD ./build/obj/vectors.o
LOAD ./build/obj/chcoreasm_v7m.o
LOAD C:\Users\Pasquale\AppData\Local\Temp\ccGjmsxX.ltrans0.ltrans.o

.mstack         0x20000000      0x400
                0x20000000                . = ALIGN (0x8)
                0x20000000                __main_stack_base__ = .
                0x20000400                . = (. + __main_stack_size__)
 *fill*         0x20000000      0x400 
                0x20000400                . = ALIGN (0x8)
                0x20000400                __main_stack_end__ = .

.pstack         0x20000400      0x400
                0x20000400                . = ALIGN (0x8)
                0x20000400                __process_stack_base__ = .
                0x20000400                __main_thread_stack_base__ = .
                0x20000800                . = (. + __process_stack_size__)
 *fill*         0x20000400      0x400 
                0x20000800                . = ALIGN (0x8)
                0x20000800                __process_stack_end__ = .
                0x20000800                __main_thread_stack_end__ = .

.vectors        0x08000000      0x1e0
 *(.vectors)
 .vectors       0x08000000      0x1e0 ./build/obj/vectors.o
                0x08000000                _vectors

.xtors          0x080001e0        0x0
                0x080001e0                __init_array_start = .
 *(SORT_BY_NAME(.init_array.*))
 *(.init_array)
                0x080001e0                __init_array_end = .
                0x080001e0                __fini_array_start = .
 *(.fini_array)
 *(SORT_BY_NAME(.fini_array.*))
                0x080001e0                __fini_array_end = .

.text           0x080001e0     0x2d94
                0x080001e0                __text_base = .
 *(.text)
 .text          0x080001e0       0xd8 ./build/obj/crt0_v7m.o
                0x080001e0                _crt0_entry
 .text          0x080002b8        0x8 ./build/obj/vectors.o
                0x080002b8                Reset_Handler
                0x080002ba                VectorE8
                0x080002ba                Vector9C
                0x080002ba                VectorAC
                0x080002ba                DebugMon_Handler
                0x080002ba                Vector1A0
                0x080002ba                Vector5C
                0x080002ba                Vector11C
                0x080002ba                HardFault_Handler
                0x080002ba                Vector1B8
                0x080002ba                Vector19C
                0x080002ba                Vector8C
                0x080002ba                SysTick_Handler
                0x080002ba                VectorDC
                0x080002ba                PendSV_Handler
                0x080002ba                Vector168
                0x080002ba                NMI_Handler
                0x080002ba                Vector110
                0x080002ba                Vector1D8
                0x080002ba                VectorC8
                0x080002ba                Vector94
                0x080002ba                VectorA8
                0x080002ba                VectorB4
                0x080002ba                Vector160
                0x080002ba                Vector1B0
                0x080002ba                UsageFault_Handler
                0x080002ba                VectorEC
                0x080002ba                Vector40
                0x080002ba                VectorF8
                0x080002ba                Vector108
                0x080002ba                VectorBC
                0x080002ba                Vector190
                0x080002ba                Vector1C4
                0x080002ba                Vector1CC
                0x080002ba                Vector148
                0x080002ba                Vector188
                0x080002ba                Vector198
                0x080002ba                Vector118
                0x080002ba                Vector64
                0x080002ba                Vector58
                0x080002ba                VectorCC
                0x080002ba                Vector54
                0x080002ba                Vector98
                0x080002ba                Vector138
                0x080002ba                Vector24
                0x080002ba                Vector1AC
                0x080002ba                Vector178
                0x080002ba                Vector1A4
                0x080002ba                VectorD0
                0x080002ba                Vector1B4
                0x080002ba                Vector140
                0x080002ba                VectorE4
                0x080002ba                VectorC0
                0x080002ba                Vector1C0
                0x080002ba                Vector134
                0x080002ba                Vector1D0
                0x080002ba                VectorF0
                0x080002ba                Vector13C
                0x080002ba                Vector100
                0x080002ba                VectorE0
                0x080002ba                VectorF4
                0x080002ba                MemManage_Handler
                0x080002ba                VectorA0
                0x080002ba                VectorC4
                0x080002ba                Vector180
                0x080002ba                Vector90
                0x080002ba                Vector114
                0x080002ba                Vector164
                0x080002ba                Vector60
                0x080002ba                Vector1C
                0x080002ba                Vector1BC
                0x080002ba                Vector1D4
                0x080002ba                Vector17C
                0x080002ba                Vector48
                0x080002ba                Vector1A8
                0x080002ba                Vector16C
                0x080002ba                VectorD4
                0x080002ba                Vector4C
                0x080002ba                Vector144
                0x080002ba                Vector15C
                0x080002ba                Vector68
                0x080002ba                Vector18C
                0x080002ba                Vector170
                0x080002ba                Vector104
                0x080002ba                Vector184
                0x080002ba                Vector10C
                0x080002ba                Vector14C
                0x080002ba                BusFault_Handler
                0x080002ba                Vector50
                0x080002ba                Vector1C8
                0x080002ba                Vector194
                0x080002ba                Vector1DC
                0x080002ba                Vector44
                0x080002ba                Vector28
                0x080002ba                VectorB8
                0x080002ba                Vector34
                0x080002ba                VectorA4
                0x080002ba                Vector20
                0x080002ba                Vector174
                0x080002be                _unhandled_exception
 .text          0x080002c0       0x28 ./build/obj/chcoreasm_v7m.o
                0x080002c0                _port_switch
                0x080002d0                _port_thread_start
                0x080002e0                _port_switch_from_isr
                0x080002e4                _port_exit_from_isr
 .text          0x080002e8      0x378 c:/chibistudio/tools/gnu tools arm embedded/7.0 2017q4/bin/../lib/gcc/arm-none-eabi/7.2.1/thumb/v7e-m\libgcc.a(_arm_addsubdf3.o)
                0x080002e8                __aeabi_drsub
                0x080002f0                __aeabi_dsub
                0x080002f0                __subdf3
                0x080002f4                __aeabi_dadd
                0x080002f4                __adddf3
                0x0800056c                __floatunsidf
                0x0800056c                __aeabi_ui2d
                0x0800058c                __floatsidf
                0x0800058c                __aeabi_i2d
                0x080005b0                __aeabi_f2d
                0x080005b0                __extendsfdf2
                0x080005f4                __floatundidf
                0x080005f4                __aeabi_ul2d
                0x08000604                __floatdidf
                0x08000604                __aeabi_l2d
 .text          0x08000660      0x424 c:/chibistudio/tools/gnu tools arm embedded/7.0 2017q4/bin/../lib/gcc/arm-none-eabi/7.2.1/thumb/v7e-m\libgcc.a(_arm_muldivdf3.o)
                0x08000660                __aeabi_dmul
                0x08000660                __muldf3
                0x080008b4                __divdf3
                0x080008b4                __aeabi_ddiv
 .text          0x08000a84       0x50 c:/chibistudio/tools/gnu tools arm embedded/7.0 2017q4/bin/../lib/gcc/arm-none-eabi/7.2.1/thumb/v7e-m\libgcc.a(_arm_fixdfsi.o)
                0x08000a84                __aeabi_d2iz
                0x08000a84                __fixdfsi
 .text          0x08000ad4       0xa0 c:/chibistudio/tools/gnu tools arm embedded/7.0 2017q4/bin/../lib/gcc/arm-none-eabi/7.2.1/thumb/v7e-m\libgcc.a(_arm_truncdfsf2.o)
                0x08000ad4                __truncdfsf2
                0x08000ad4                __aeabi_d2f
 .text          0x08000b74      0x21c c:/chibistudio/tools/gnu tools arm embedded/7.0 2017q4/bin/../lib/gcc/arm-none-eabi/7.2.1/thumb/v7e-m\libgcc.a(_arm_addsubsf3.o)
                0x08000b74                __aeabi_frsub
                0x08000b7c                __subsf3
                0x08000b7c                __aeabi_fsub
                0x08000b80                __aeabi_fadd
                0x08000b80                __addsf3
                0x08000ce0                __aeabi_ui2f
                0x08000ce0                __floatunsisf
                0x08000ce8                __aeabi_i2f
                0x08000ce8                __floatsisf
                0x08000d04                __aeabi_ul2f
                0x08000d04                __floatundisf
                0x08000d14                __aeabi_l2f
                0x08000d14                __floatdisf
 .text          0x08000d90       0xec c:/chibistudio/tools/gnu tools arm embedded/7.0 2017q4/bin/../lib/gcc/arm-none-eabi/7.2.1/thumb/v7e-m\libgcc.a(_arm_cmpsf2.o)
                0x08000d90                __gesf2
                0x08000d90                __gtsf2
                0x08000d98                __lesf2
                0x08000d98                __ltsf2
                0x08000da0                __nesf2
                0x08000da0                __eqsf2
                0x08000da0                __cmpsf2
                0x08000e00                __aeabi_cfrcmple
                0x08000e08                __aeabi_cfcmpeq
                0x08000e08                __aeabi_cfcmple
                0x08000e18                __aeabi_fcmpeq
                0x08000e2c                __aeabi_fcmplt
                0x08000e40                __aeabi_fcmple
                0x08000e54                __aeabi_fcmpge
                0x08000e68                __aeabi_fcmpgt
 .text          0x08000e7c       0x4c c:/chibistudio/tools/gnu tools arm embedded/7.0 2017q4/bin/../lib/gcc/arm-none-eabi/7.2.1/thumb/v7e-m\libgcc.a(_arm_fixsfsi.o)
                0x08000e7c                __aeabi_f2iz
                0x08000e7c                __fixsfsi
 .text          0x08000ec8      0x134 c:/chibistudio/tools/gnu tools arm embedded/7.0 2017q4/bin/../lib/gcc/arm-none-eabi/7.2.1/../../../../arm-none-eabi/lib/thumb/v7e-m\libg.a(lib_a-memcpy.o)
                0x08000ec8                memcpy
 *(.text.*)
 *fill*         0x08000ffc        0x4 
 .text.chTMStartMeasurementX.constprop.5
                0x08001000        0xc C:\Users\Pasquale\AppData\Local\Temp\ccGjmsxX.ltrans0.ltrans.o
 *fill*         0x0800100c        0x4 
 .text.chCoreAllocAlignedWithOffset
                0x08001010       0x44 C:\Users\Pasquale\AppData\Local\Temp\ccGjmsxX.ltrans0.ltrans.o
 *fill*         0x08001054        0xc 
 .text.notify2  0x08001060       0x10 C:\Users\Pasquale\AppData\Local\Temp\ccGjmsxX.ltrans0.ltrans.o
 .text._port_irq_epilogue
                0x08001070       0x54 C:\Users\Pasquale\AppData\Local\Temp\ccGjmsxX.ltrans0.ltrans.o
 *fill*         0x080010c4        0xc 
 .text.chCoreAllocAlignedI
                0x080010d0       0x34 C:\Users\Pasquale\AppData\Local\Temp\ccGjmsxX.ltrans0.ltrans.o
 *fill*         0x08001104        0xc 
 .text.chTMStopMeasurementX
                0x08001110       0x44 C:\Users\Pasquale\AppData\Local\Temp\ccGjmsxX.ltrans0.ltrans.o
 *fill*         0x08001154        0xc 
 .text.wakeup   0x08001160       0x70 C:\Users\Pasquale\AppData\Local\Temp\ccGjmsxX.ltrans0.ltrans.o
 .text.chSchReadyI
                0x080011d0       0x28 C:\Users\Pasquale\AppData\Local\Temp\ccGjmsxX.ltrans0.ltrans.o
 *fill*         0x080011f8        0x8 
 .text.chEvtBroadcastFlagsI.constprop.15
                0x08001200       0x60 C:\Users\Pasquale\AppData\Local\Temp\ccGjmsxX.ltrans0.ltrans.o
 .text.chThdResumeI
                0x08001260       0x14 C:\Users\Pasquale\AppData\Local\Temp\ccGjmsxX.ltrans0.ltrans.o
 *fill*         0x08001274        0xc 
 .text._idle_thread
                0x08001280        0x4 C:\Users\Pasquale\AppData\Local\Temp\ccGjmsxX.ltrans0.ltrans.o
 *fill*         0x08001284        0xc 
 .text.adc_lld_stop_conversion
                0x08001290       0x34 C:\Users\Pasquale\AppData\Local\Temp\ccGjmsxX.ltrans0.ltrans.o
 *fill*         0x080012c4        0xc 
 .text.adc_lld_serve_rx_interrupt
                0x080012d0       0xc0 C:\Users\Pasquale\AppData\Local\Temp\ccGjmsxX.ltrans0.ltrans.o
 .text._ctl     0x08001390        0x4 C:\Users\Pasquale\AppData\Local\Temp\ccGjmsxX.ltrans0.ltrans.o
 *fill*         0x08001394        0xc 
 .text.chSchWakeupS.constprop.10
                0x080013a0       0x5c C:\Users\Pasquale\AppData\Local\Temp\ccGjmsxX.ltrans0.ltrans.o
 *fill*         0x080013fc        0x4 
 .text.chThdCreateStatic.constprop.4
                0x08001400       0x70 C:\Users\Pasquale\AppData\Local\Temp\ccGjmsxX.ltrans0.ltrans.o
 .text.chSchGoSleepS
                0x08001470       0x28 C:\Users\Pasquale\AppData\Local\Temp\ccGjmsxX.ltrans0.ltrans.o
 *fill*         0x08001498        0x8 
 .text.chSchGoSleepTimeoutS
                0x080014a0      0x118 C:\Users\Pasquale\AppData\Local\Temp\ccGjmsxX.ltrans0.ltrans.o
 *fill*         0x080015b8        0x8 
 .text.chThdEnqueueTimeoutS
                0x080015c0       0x28 C:\Users\Pasquale\AppData\Local\Temp\ccGjmsxX.ltrans0.ltrans.o
 *fill*         0x080015e8        0x8 
 .text.oqPutTimeout
                0x080015f0       0x50 C:\Users\Pasquale\AppData\Local\Temp\ccGjmsxX.ltrans0.ltrans.o
 .text._putt    0x08001640        0x8 C:\Users\Pasquale\AppData\Local\Temp\ccGjmsxX.ltrans0.ltrans.o
 *fill*         0x08001648        0x8 
 .text._put     0x08001650        0xc C:\Users\Pasquale\AppData\Local\Temp\ccGjmsxX.ltrans0.ltrans.o
 *fill*         0x0800165c        0x4 
 .text.iqGetTimeout
                0x08001660       0x54 C:\Users\Pasquale\AppData\Local\Temp\ccGjmsxX.ltrans0.ltrans.o
 *fill*         0x080016b4        0xc 
 .text._gett    0x080016c0        0x8 C:\Users\Pasquale\AppData\Local\Temp\ccGjmsxX.ltrans0.ltrans.o
 *fill*         0x080016c8        0x8 
 .text._get     0x080016d0        0xc C:\Users\Pasquale\AppData\Local\Temp\ccGjmsxX.ltrans0.ltrans.o
 *fill*         0x080016dc        0x4 
 .text.chThdSleep
                0x080016e0       0x18 C:\Users\Pasquale\AppData\Local\Temp\ccGjmsxX.ltrans0.ltrans.o
 *fill*         0x080016f8        0x8 
 .text.Thd1     0x08001700       0x2c C:\Users\Pasquale\AppData\Local\Temp\ccGjmsxX.ltrans0.ltrans.o
 *fill*         0x0800172c        0x4 
 .text.chprintf.constprop.0
                0x08001730      0x5b8 C:\Users\Pasquale\AppData\Local\Temp\ccGjmsxX.ltrans0.ltrans.o
 *fill*         0x08001ce8        0x8 
 .text.Thd2     0x08001cf0      0x210 C:\Users\Pasquale\AppData\Local\Temp\ccGjmsxX.ltrans0.ltrans.o
 .text.oqWriteTimeout
                0x08001f00       0xcc C:\Users\Pasquale\AppData\Local\Temp\ccGjmsxX.ltrans0.ltrans.o
 *fill*         0x08001fcc        0x4 
 .text._writet  0x08001fd0        0x8 C:\Users\Pasquale\AppData\Local\Temp\ccGjmsxX.ltrans0.ltrans.o
 *fill*         0x08001fd8        0x8 
 .text._write   0x08001fe0        0xc C:\Users\Pasquale\AppData\Local\Temp\ccGjmsxX.ltrans0.ltrans.o
 *fill*         0x08001fec        0x4 
 .text.iqReadTimeout
                0x08001ff0       0xcc C:\Users\Pasquale\AppData\Local\Temp\ccGjmsxX.ltrans0.ltrans.o
 *fill*         0x080020bc        0x4 
 .text._readt   0x080020c0        0x8 C:\Users\Pasquale\AppData\Local\Temp\ccGjmsxX.ltrans0.ltrans.o
 *fill*         0x080020c8        0x8 
 .text._read    0x080020d0        0xc C:\Users\Pasquale\AppData\Local\Temp\ccGjmsxX.ltrans0.ltrans.o
 *fill*         0x080020dc        0x4 
 .text.startup.main
                0x080020e0      0x54c C:\Users\Pasquale\AppData\Local\Temp\ccGjmsxX.ltrans0.ltrans.o
                0x080020e0                main
 *fill*         0x0800262c        0x4 
 .text.SVC_Handler
                0x08002630       0x14 C:\Users\Pasquale\AppData\Local\Temp\ccGjmsxX.ltrans0.ltrans.o
                0x08002630                SVC_Handler
 *fill*         0x08002644        0xc 
 .text.chThdExit
                0x08002650       0x50 C:\Users\Pasquale\AppData\Local\Temp\ccGjmsxX.ltrans0.ltrans.o
                0x08002650                chThdExit
 .text.chSchDoReschedule
                0x080026a0       0x40 C:\Users\Pasquale\AppData\Local\Temp\ccGjmsxX.ltrans0.ltrans.o
                0x080026a0                chSchDoReschedule
 .text.__early_init
                0x080026e0      0x1c8 C:\Users\Pasquale\AppData\Local\Temp\ccGjmsxX.ltrans0.ltrans.o
                0x080026e0                __early_init
 *fill*         0x080028a8        0x8 
 .text.VectorD8
                0x080028b0      0x1b4 C:\Users\Pasquale\AppData\Local\Temp\ccGjmsxX.ltrans0.ltrans.o
                0x080028b0                VectorD8
 *fill*         0x08002a64        0xc 
 .text.VectorB0
                0x08002a70       0x9c C:\Users\Pasquale\AppData\Local\Temp\ccGjmsxX.ltrans0.ltrans.o
                0x08002a70                VectorB0
 *fill*         0x08002b0c        0x4 
 .text.Vector158
                0x08002b10       0x2c C:\Users\Pasquale\AppData\Local\Temp\ccGjmsxX.ltrans0.ltrans.o
                0x08002b10                Vector158
 *fill*         0x08002b3c        0x4 
 .text.Vector154
                0x08002b40       0x2c C:\Users\Pasquale\AppData\Local\Temp\ccGjmsxX.ltrans0.ltrans.o
                0x08002b40                Vector154
 *fill*         0x08002b6c        0x4 
 .text.Vector150
                0x08002b70       0x2c C:\Users\Pasquale\AppData\Local\Temp\ccGjmsxX.ltrans0.ltrans.o
                0x08002b70                Vector150
 *fill*         0x08002b9c        0x4 
 .text.Vector130
                0x08002ba0       0x28 C:\Users\Pasquale\AppData\Local\Temp\ccGjmsxX.ltrans0.ltrans.o
                0x08002ba0                Vector130
 *fill*         0x08002bc8        0x8 
 .text.Vector12C
                0x08002bd0       0x2c C:\Users\Pasquale\AppData\Local\Temp\ccGjmsxX.ltrans0.ltrans.o
                0x08002bd0                Vector12C
 *fill*         0x08002bfc        0x4 
 .text.Vector128
                0x08002c00       0x2c C:\Users\Pasquale\AppData\Local\Temp\ccGjmsxX.ltrans0.ltrans.o
                0x08002c00                Vector128
 *fill*         0x08002c2c        0x4 
 .text.Vector124
                0x08002c30       0x2c C:\Users\Pasquale\AppData\Local\Temp\ccGjmsxX.ltrans0.ltrans.o
                0x08002c30                Vector124
 *fill*         0x08002c5c        0x4 
 .text.Vector120
                0x08002c60       0x28 C:\Users\Pasquale\AppData\Local\Temp\ccGjmsxX.ltrans0.ltrans.o
                0x08002c60                Vector120
 *fill*         0x08002c88        0x8 
 .text.VectorFC
                0x08002c90       0x2c C:\Users\Pasquale\AppData\Local\Temp\ccGjmsxX.ltrans0.ltrans.o
                0x08002c90                VectorFC
 *fill*         0x08002cbc        0x4 
 .text.Vector84
                0x08002cc0       0x2c C:\Users\Pasquale\AppData\Local\Temp\ccGjmsxX.ltrans0.ltrans.o
                0x08002cc0                Vector84
 *fill*         0x08002cec        0x4 
 .text.Vector80
                0x08002cf0       0x2c C:\Users\Pasquale\AppData\Local\Temp\ccGjmsxX.ltrans0.ltrans.o
                0x08002cf0                Vector80
 *fill*         0x08002d1c        0x4 
 .text.Vector7C
                0x08002d20       0x28 C:\Users\Pasquale\AppData\Local\Temp\ccGjmsxX.ltrans0.ltrans.o
                0x08002d20                Vector7C
 *fill*         0x08002d48        0x8 
 .text.Vector78
                0x08002d50       0x2c C:\Users\Pasquale\AppData\Local\Temp\ccGjmsxX.ltrans0.ltrans.o
                0x08002d50                Vector78
 *fill*         0x08002d7c        0x4 
 .text.Vector74
                0x08002d80       0x2c C:\Users\Pasquale\AppData\Local\Temp\ccGjmsxX.ltrans0.ltrans.o
                0x08002d80                Vector74
 *fill*         0x08002dac        0x4 
 .text.Vector70
                0x08002db0       0x2c C:\Users\Pasquale\AppData\Local\Temp\ccGjmsxX.ltrans0.ltrans.o
                0x08002db0                Vector70
 *fill*         0x08002ddc        0x4 
 .text.Vector6C
                0x08002de0       0x28 C:\Users\Pasquale\AppData\Local\Temp\ccGjmsxX.ltrans0.ltrans.o
                0x08002de0                Vector6C
 *fill*         0x08002e08        0x8 
 .text.Vector88
                0x08002e10       0xd0 C:\Users\Pasquale\AppData\Local\Temp\ccGjmsxX.ltrans0.ltrans.o
                0x08002e10                Vector88
 .text.__init_ram_areas
                0x08002ee0       0x68 C:\Users\Pasquale\AppData\Local\Temp\ccGjmsxX.ltrans0.ltrans.o
                0x08002ee0                __init_ram_areas
 *fill*         0x08002f48        0x8 
 .text.__default_exit
                0x08002f50        0x4 C:\Users\Pasquale\AppData\Local\Temp\ccGjmsxX.ltrans0.ltrans.o
                0x08002f50                __default_exit
 *fill*         0x08002f54        0xc 
 .text.__late_init
                0x08002f60        0x4 C:\Users\Pasquale\AppData\Local\Temp\ccGjmsxX.ltrans0.ltrans.o
                0x08002f60                __late_init
 *fill*         0x08002f64        0xc 
 .text.__core_init
                0x08002f70        0x4 C:\Users\Pasquale\AppData\Local\Temp\ccGjmsxX.ltrans0.ltrans.o
                0x08002f70                __core_init
 *(.glue_7t)
 .glue_7t       0x08002f74        0x0 linker stubs
 *(.glue_7)
 .glue_7        0x08002f74        0x0 linker stubs
 *(.gcc*)
                0x08002f74                __text_end = .

.vfp11_veneer   0x08002f74        0x0
 .vfp11_veneer  0x08002f74        0x0 linker stubs

.v4_bx          0x08002f74        0x0
 .v4_bx         0x08002f74        0x0 linker stubs

.iplt           0x08002f74        0x0
 .iplt          0x08002f74        0x0 ./build/obj/crt0_v7m.o

.rodata         0x08002f74      0x214
                0x08002f74                __rodata_base__ = .
 *(.rodata)
 *(.rodata.*)
 .rodata.Thd1.str1.4
                0x08002f74        0xc C:\Users\Pasquale\AppData\Local\Temp\ccGjmsxX.ltrans0.ltrans.o
 .rodata.Thd2.str1.4
                0x08002f80        0xc C:\Users\Pasquale\AppData\Local\Temp\ccGjmsxX.ltrans0.ltrans.o
 .rodata._stm32_dma_streams
                0x08002f8c       0xc0 C:\Users\Pasquale\AppData\Local\Temp\ccGjmsxX.ltrans0.ltrans.o
 .rodata.chThdCreateStatic.constprop.4.str1.4
                0x0800304c        0x7 C:\Users\Pasquale\AppData\Local\Temp\ccGjmsxX.ltrans0.ltrans.o
 *fill*         0x08003053        0x1 
 .rodata.ch_debug
                0x08003054       0x16 C:\Users\Pasquale\AppData\Local\Temp\ccGjmsxX.ltrans0.ltrans.o
 *fill*         0x0800306a        0x2 
 .rodata.chprintf.constprop.0.str1.4
                0x0800306c       0x1b C:\Users\Pasquale\AppData\Local\Temp\ccGjmsxX.ltrans0.ltrans.o
 *fill*         0x08003087        0x1 
 .rodata.main.str1.4
                0x08003088        0x8 C:\Users\Pasquale\AppData\Local\Temp\ccGjmsxX.ltrans0.ltrans.o
                                  0x5 (size before relaxing)
 .rodata.my_conversion_group
                0x08003090       0x2c C:\Users\Pasquale\AppData\Local\Temp\ccGjmsxX.ltrans0.ltrans.o
 .rodata.pow10  0x080030bc       0x24 C:\Users\Pasquale\AppData\Local\Temp\ccGjmsxX.ltrans0.ltrans.o
 .rodata.ram_areas
                0x080030e0       0x80 C:\Users\Pasquale\AppData\Local\Temp\ccGjmsxX.ltrans0.ltrans.o
 .rodata.vmt    0x08003160       0x28 C:\Users\Pasquale\AppData\Local\Temp\ccGjmsxX.ltrans0.ltrans.o
                0x08003188                . = ALIGN (0x4)
                0x08003188                __rodata_end__ = .

.rel.dyn        0x08003188        0x0
 .rel.iplt      0x08003188        0x0 ./build/obj/crt0_v7m.o

.ARM.extab
 *(.ARM.extab* .gnu.linkonce.armextab.*)

.ARM.exidx      0x08003188        0x0
                0x08003188                __exidx_start = .
 *(.ARM.exidx* .gnu.linkonce.armexidx.*)
                0x08003188                __exidx_end = .

.eh_frame_hdr
 *(.eh_frame_hdr)

.eh_frame
 *(.eh_frame)

.data           0x20000800        0x0 load address 0x08003188
                [!provide]                PROVIDE (_textdata, LOADADDR (.data))
                [!provide]                PROVIDE (_data, .)
                0x08003188                _textdata_start = LOADADDR (.data)
                0x20000800                _data_start = .
 *(.data)
 *(.data.*)
 *(.ramtext)
                0x20000800                . = ALIGN (0x4)
                [!provide]                PROVIDE (_edata, .)
                0x20000800                _data_end = .

.igot.plt       0x20000800        0x0 load address 0x08003188
 .igot.plt      0x20000800        0x0 ./build/obj/crt0_v7m.o

.bss            0x20000800      0x7a0 load address 0x08003188
                0x20000800                _bss_start = .
 *(.bss)
 *(.bss.*)
 .bss.ADCD1     0x20000800       0x34 C:\Users\Pasquale\AppData\Local\Temp\ccGjmsxX.ltrans0.ltrans.o
 .bss.SD2       0x20000834       0x7c C:\Users\Pasquale\AppData\Local\Temp\ccGjmsxX.ltrans0.ltrans.o
 .bss.ch        0x200008b0       0x78 C:\Users\Pasquale\AppData\Local\Temp\ccGjmsxX.ltrans0.ltrans.o
 .bss.ch_factory
                0x20000928       0x48 C:\Users\Pasquale\AppData\Local\Temp\ccGjmsxX.ltrans0.ltrans.o
 .bss.ch_idle_thread_wa
                0x20000970       0xd8 C:\Users\Pasquale\AppData\Local\Temp\ccGjmsxX.ltrans0.ltrans.o
 .bss.ch_memcore
                0x20000a48        0x8 C:\Users\Pasquale\AppData\Local\Temp\ccGjmsxX.ltrans0.ltrans.o
 .bss.default_heap
                0x20000a50       0x1c C:\Users\Pasquale\AppData\Local\Temp\ccGjmsxX.ltrans0.ltrans.o
 .bss.dma       0x20000a6c       0x84 C:\Users\Pasquale\AppData\Local\Temp\ccGjmsxX.ltrans0.ltrans.o
 .bss.flag      0x20000af0        0x1 C:\Users\Pasquale\AppData\Local\Temp\ccGjmsxX.ltrans0.ltrans.o
 *fill*         0x20000af1        0x3 
 .bss.lastvalue
                0x20000af4        0x4 C:\Users\Pasquale\AppData\Local\Temp\ccGjmsxX.ltrans0.ltrans.o
 .bss.mean      0x20000af8        0x4 C:\Users\Pasquale\AppData\Local\Temp\ccGjmsxX.ltrans0.ltrans.o
 .bss.sample_buff
                0x20000afc       0x14 C:\Users\Pasquale\AppData\Local\Temp\ccGjmsxX.ltrans0.ltrans.o
 .bss.waThd1    0x20000b10      0x1c8 C:\Users\Pasquale\AppData\Local\Temp\ccGjmsxX.ltrans0.ltrans.o
 .bss.waThd2    0x20000cd8      0x2c8 C:\Users\Pasquale\AppData\Local\Temp\ccGjmsxX.ltrans0.ltrans.o
 *(COMMON)
                0x20000fa0                . = ALIGN (0x4)
                0x20000fa0                _bss_end = .
                [!provide]                PROVIDE (end, .)
                0x20000000                __ram0_start__ = ORIGIN (ram0)
                0x00018000                __ram0_size__ = LENGTH (ram0)
                0x20018000                __ram0_end__ = (__ram0_start__ + __ram0_size__)
                0x00000000                __ram1_start__ = ORIGIN (ram1)
                0x00000000                __ram1_size__ = LENGTH (ram1)
                0x00000000                __ram1_end__ = (__ram1_start__ + __ram1_size__)
                0x00000000                __ram2_start__ = ORIGIN (ram2)
                0x00000000                __ram2_size__ = LENGTH (ram2)
                0x00000000                __ram2_end__ = (__ram2_start__ + __ram2_size__)
                0x00000000                __ram3_start__ = ORIGIN (ram3)
                0x00000000                __ram3_size__ = LENGTH (ram3)
                0x00000000                __ram3_end__ = (__ram3_start__ + __ram3_size__)
                0x00000000                __ram4_start__ = ORIGIN (ram4)
                0x00000000                __ram4_size__ = LENGTH (ram4)
                0x00000000                __ram4_end__ = (__ram4_start__ + __ram4_size__)
                0x00000000                __ram5_start__ = ORIGIN (ram5)
                0x00000000                __ram5_size__ = LENGTH (ram5)
                0x00000000                __ram5_end__ = (__ram5_start__ + __ram5_size__)
                0x00000000                __ram6_start__ = ORIGIN (ram6)
                0x00000000                __ram6_size__ = LENGTH (ram6)
                0x00000000                __ram6_end__ = (__ram6_start__ + __ram6_size__)
                0x00000000                __ram7_start__ = ORIGIN (ram7)
                0x00000000                __ram7_size__ = LENGTH (ram7)
                0x00000000                __ram7_end__ = (__ram7_start__ + __ram7_size__)
                0x08000000                __flash0_start__ = ORIGIN (flash0)
                0x00080000                __flash0_size__ = LENGTH (flash0)
                0x08080000                __flash0_end__ = (__flash0_start__ + __flash0_size__)
                0x00000000                __flash1_start__ = ORIGIN (flash1)
                0x00000000                __flash1_size__ = LENGTH (flash1)
                0x00000000                __flash1_end__ = (__flash1_start__ + __flash1_size__)
                0x00000000                __flash2_start__ = ORIGIN (flash2)
                0x00000000                __flash2_size__ = LENGTH (flash2)
                0x00000000                __flash2_end__ = (__flash2_start__ + __flash2_size__)
                0x00000000                __flash3_start__ = ORIGIN (flash3)
                0x00000000                __flash3_size__ = LENGTH (flash3)
                0x00000000                __flash3_end__ = (__flash3_start__ + __flash3_size__)
                0x00000000                __flash4_start__ = ORIGIN (flash4)
                0x00000000                __flash4_size__ = LENGTH (flash4)
                0x00000000                __flash4_end__ = (__flash4_start__ + __flash4_size__)
                0x00000000                __flash5_start__ = ORIGIN (flash5)
                0x00000000                __flash5_size__ = LENGTH (flash5)
                0x00000000                __flash5_end__ = (__flash5_start__ + __flash5_size__)
                0x00000000                __flash6_start__ = ORIGIN (flash6)
                0x00000000                __flash6_size__ = LENGTH (flash6)
                0x00000000                __flash6_end__ = (__flash6_start__ + __flash6_size__)
                0x00000000                __flash7_start__ = ORIGIN (flash7)
                0x00000000                __flash7_size__ = LENGTH (flash7)
                0x00000000                __flash7_end__ = (__flash7_start__ + __flash7_size__)

.ram0_init      0x20000fa0        0x0 load address 0x08003188
                0x08003188                __ram0_init_text__ = LOADADDR (.ram0_init)
                0x20000fa0                __ram0_init__ = .
 *(.ram0_init)
 *(.ram0_init.*)
                0x20000fa0                . = ALIGN (0x4)

.ram0           0x20000fa0        0x0 load address 0x08003188
                0x20000fa0                __ram0_clear__ = .
 *(.ram0_clear)
 *(.ram0_clear.*)
                0x20000fa0                . = ALIGN (0x4)
                0x20000fa0                __ram0_noinit__ = .
 *(.ram0)
 *(.ram0.*)
                0x20000fa0                . = ALIGN (0x4)
                0x20000fa0                __ram0_free__ = .

.ram1_init      0x00000000        0x0 load address 0x08003188
                0x08003188                __ram1_init_text__ = LOADADDR (.ram1_init)
                0x00000000                __ram1_init__ = .
 *(.ram1_init)
 *(.ram1_init.*)
                0x00000000                . = ALIGN (0x4)

.ram1           0x00000000        0x0 load address 0x08003188
                0x00000000                __ram1_clear__ = .
 *(.ram1_clear)
 *(.ram1_clear.*)
                0x00000000                . = ALIGN (0x4)
                0x00000000                __ram1_noinit__ = .
 *(.ram1)
 *(.ram1.*)
                0x00000000                . = ALIGN (0x4)
                0x00000000                __ram1_free__ = .

.ram2_init      0x00000000        0x0 load address 0x08003188
                0x08003188                __ram2_init_text__ = LOADADDR (.ram2_init)
                0x00000000                __ram2_init__ = .
 *(.ram2_init)
 *(.ram2_init.*)
                0x00000000                . = ALIGN (0x4)

.ram2           0x00000000        0x0 load address 0x08003188
                0x00000000                __ram2_clear__ = .
 *(.ram2_clear)
 *(.ram2_clear.*)
                0x00000000                . = ALIGN (0x4)
                0x00000000                __ram2_noinit__ = .
 *(.ram2)
 *(.ram2.*)
                0x00000000                . = ALIGN (0x4)
                0x00000000                __ram2_free__ = .

.ram3_init      0x00000000        0x0 load address 0x08003188
                0x08003188                __ram3_init_text__ = LOADADDR (.ram3_init)
                0x00000000                __ram3_init__ = .
 *(.ram3_init)
 *(.ram3_init.*)
                0x00000000                . = ALIGN (0x4)

.ram3           0x00000000        0x0 load address 0x08003188
                0x00000000                __ram3_clear__ = .
 *(.ram3_clear)
 *(.ram3_clear.*)
                0x00000000                . = ALIGN (0x4)
                0x00000000                __ram3_noinit__ = .
 *(.ram3)
 *(.ram3.*)
                0x00000000                . = ALIGN (0x4)
                0x00000000                __ram3_free__ = .

.ram4_init      0x00000000        0x0 load address 0x08003188
                0x08003188                __ram4_init_text__ = LOADADDR (.ram4_init)
                0x00000000                __ram4_init__ = .
 *(.ram4_init)
 *(.ram4_init.*)
                0x00000000                . = ALIGN (0x4)

.ram4           0x00000000        0x0 load address 0x08003188
                0x00000000                __ram4_clear__ = .
 *(.ram4_clear)
 *(.ram4_clear.*)
                0x00000000                . = ALIGN (0x4)
                0x00000000                __ram4_noinit__ = .
 *(.ram4)
 *(.ram4.*)
                0x00000000                . = ALIGN (0x4)
                0x00000000                __ram4_free__ = .

.ram5_init      0x00000000        0x0 load address 0x08003188
                0x08003188                __ram5_init_text__ = LOADADDR (.ram5_init)
                0x00000000                __ram5_init__ = .
 *(.ram5_init)
 *(.ram5_init.*)
                0x00000000                . = ALIGN (0x4)

.ram5           0x00000000        0x0 load address 0x08003188
                0x00000000                __ram5_clear__ = .
 *(.ram5_clear)
 *(.ram5_clear.*)
                0x00000000                . = ALIGN (0x4)
                0x00000000                __ram5_noinit__ = .
 *(.ram5)
 *(.ram5.*)
                0x00000000                . = ALIGN (0x4)
                0x00000000                __ram5_free__ = .

.ram6_init      0x00000000        0x0 load address 0x08003188
                0x08003188                __ram6_init_text__ = LOADADDR (.ram6_init)
                0x00000000                __ram6_init__ = .
 *(.ram6_init)
 *(.ram6_init.*)
                0x00000000                . = ALIGN (0x4)

.ram6           0x00000000        0x0 load address 0x08003188
                0x00000000                __ram6_clear__ = .
 *(.ram6_clear)
 *(.ram6_clear.*)
                0x00000000                . = ALIGN (0x4)
                0x00000000                __ram6_noinit__ = .
 *(.ram6)
 *(.ram6.*)
                0x00000000                . = ALIGN (0x4)
                0x00000000                __ram6_free__ = .

.ram7_init      0x00000000        0x0 load address 0x08003188
                0x08003188                __ram7_init_text__ = LOADADDR (.ram7_init)
                0x00000000                __ram7_init__ = .
 *(.ram7_init)
 *(.ram7_init.*)
                0x00000000                . = ALIGN (0x4)

.ram7           0x00000000        0x0 load address 0x08003188
                0x00000000                __ram7_clear__ = .
 *(.ram7_clear)
 *(.ram7_clear.*)
                0x00000000                . = ALIGN (0x4)
                0x00000000                __ram7_noinit__ = .
 *(.ram7)
 *(.ram7.*)
                0x00000000                . = ALIGN (0x4)
                0x00000000                __ram7_free__ = .

.flash0         0x08003188        0x0
                0x08003188                __flash0_init__ = .
 *(.flash0_init)
 *(.flash0_init.*)
                0x08003188                __flash0_free__ = .

.flash1         0x00000000        0x0
                0x00000000                __flash1_init__ = .
 *(.flash1_init)
 *(.flash1_init.*)
                0x00000000                __flash1_free__ = .

.flash2         0x00000000        0x0
                0x00000000                __flash2_init__ = .
 *(.flash2_init)
 *(.flash2_init.*)
                0x00000000                __flash2_free__ = .

.flash3         0x00000000        0x0
                0x00000000                __flash3_init__ = .
 *(.flash3_init)
 *(.flash3_init.*)
                0x00000000                __flash3_free__ = .

.flash4         0x00000000        0x0
                0x00000000                __flash4_init__ = .
 *(.flash4_init)
 *(.flash4_init.*)
                0x00000000                __flash4_free__ = .

.flash5         0x00000000        0x0
                0x00000000                __flash5_init__ = .
 *(.flash5_init)
 *(.flash5_init.*)
                0x00000000                __flash5_free__ = .

.flash6         0x00000000        0x0
                0x00000000                __flash6_init__ = .
 *(.flash6_init)
 *(.flash6_init.*)
                0x00000000                __flash6_free__ = .

.flash7         0x00000000        0x0
                0x00000000                __flash7_init__ = .
 *(.flash7_init)
 *(.flash7_init.*)
                0x00000000                __flash7_free__ = .

.heap           0x20000fa0    0x17060
                0x20000fa0                . = ALIGN (0x8)
                0x20000fa0                __heap_base__ = .
                0x20018000                . = (ORIGIN (HEAP_RAM) + LENGTH (HEAP_RAM))
 *fill*         0x20000fa0    0x17060 
                0x20018000                __heap_end__ = .
                0x00000400                __process_stack_size__ = 0x400
                0x00000400                __main_stack_size__ = 0x400
START GROUP
LOAD c:/chibistudio/tools/gnu tools arm embedded/7.0 2017q4/bin/../lib/gcc/arm-none-eabi/7.2.1/thumb/v7e-m\libgcc.a
LOAD c:/chibistudio/tools/gnu tools arm embedded/7.0 2017q4/bin/../lib/gcc/arm-none-eabi/7.2.1/../../../../arm-none-eabi/lib/thumb/v7e-m\libg.a
LOAD c:/chibistudio/tools/gnu tools arm embedded/7.0 2017q4/bin/../lib/gcc/arm-none-eabi/7.2.1/../../../../arm-none-eabi/lib/thumb/v7e-m\libc.a
END GROUP
OUTPUT(build/ch.elf elf32-littlearm)

.ARM.attributes
                0x00000000       0x2d
 .ARM.attributes
                0x00000000       0x21 ./build/obj/crt0_v7m.o
 .ARM.attributes
                0x00000021       0x21 ./build/obj/vectors.o
 .ARM.attributes
                0x00000042       0x21 ./build/obj/chcoreasm_v7m.o
 .ARM.attributes
                0x00000063       0x31 C:\Users\Pasquale\AppData\Local\Temp\ccGjmsxX.ltrans0.ltrans.o
 .ARM.attributes
                0x00000094       0x1e c:/chibistudio/tools/gnu tools arm embedded/7.0 2017q4/bin/../lib/gcc/arm-none-eabi/7.2.1/thumb/v7e-m\libgcc.a(_arm_addsubdf3.o)
 .ARM.attributes
                0x000000b2       0x1e c:/chibistudio/tools/gnu tools arm embedded/7.0 2017q4/bin/../lib/gcc/arm-none-eabi/7.2.1/thumb/v7e-m\libgcc.a(_arm_muldivdf3.o)
 .ARM.attributes
                0x000000d0       0x1e c:/chibistudio/tools/gnu tools arm embedded/7.0 2017q4/bin/../lib/gcc/arm-none-eabi/7.2.1/thumb/v7e-m\libgcc.a(_arm_fixdfsi.o)
 .ARM.attributes
                0x000000ee       0x1e c:/chibistudio/tools/gnu tools arm embedded/7.0 2017q4/bin/../lib/gcc/arm-none-eabi/7.2.1/thumb/v7e-m\libgcc.a(_arm_truncdfsf2.o)
 .ARM.attributes
                0x0000010c       0x1e c:/chibistudio/tools/gnu tools arm embedded/7.0 2017q4/bin/../lib/gcc/arm-none-eabi/7.2.1/thumb/v7e-m\libgcc.a(_arm_addsubsf3.o)
 .ARM.attributes
                0x0000012a       0x1e c:/chibistudio/tools/gnu tools arm embedded/7.0 2017q4/bin/../lib/gcc/arm-none-eabi/7.2.1/thumb/v7e-m\libgcc.a(_arm_cmpsf2.o)
 .ARM.attributes
                0x00000148       0x1e c:/chibistudio/tools/gnu tools arm embedded/7.0 2017q4/bin/../lib/gcc/arm-none-eabi/7.2.1/thumb/v7e-m\libgcc.a(_arm_fixsfsi.o)
 .ARM.attributes
                0x00000166       0x1c c:/chibistudio/tools/gnu tools arm embedded/7.0 2017q4/bin/../lib/gcc/arm-none-eabi/7.2.1/../../../../arm-none-eabi/lib/thumb/v7e-m\libg.a(lib_a-memcpy.o)

.comment        0x00000000       0x7e
 .comment       0x00000000       0x7e C:\Users\Pasquale\AppData\Local\Temp\ccGjmsxX.ltrans0.ltrans.o
                                 0x7f (size before relaxing)

.debug_line     0x00000000     0x1e97
 .debug_line    0x00000000       0xcd ./build/obj/crt0_v7m.o
 .debug_line    0x000000cd       0x77 ./build/obj/vectors.o
 .debug_line    0x00000144       0x89 ./build/obj/chcoreasm_v7m.o
 .debug_line    0x000001cd     0x1cca C:\Users\Pasquale\AppData\Local\Temp\ccGjmsxX.ltrans0.ltrans.o

.debug_info     0x00000000     0x7af8
 .debug_info    0x00000000       0x26 ./build/obj/crt0_v7m.o
 .debug_info    0x00000026       0x26 ./build/obj/vectors.o
 .debug_info    0x0000004c       0x26 ./build/obj/chcoreasm_v7m.o
 .debug_info    0x00000072     0x7a86 C:\Users\Pasquale\AppData\Local\Temp\ccGjmsxX.ltrans0.ltrans.o

.debug_abbrev   0x00000000      0x7a5
 .debug_abbrev  0x00000000       0x14 ./build/obj/crt0_v7m.o
 .debug_abbrev  0x00000014       0x14 ./build/obj/vectors.o
 .debug_abbrev  0x00000028       0x14 ./build/obj/chcoreasm_v7m.o
 .debug_abbrev  0x0000003c      0x769 C:\Users\Pasquale\AppData\Local\Temp\ccGjmsxX.ltrans0.ltrans.o

.debug_aranges  0x00000000      0x268
 .debug_aranges
                0x00000000       0x20 ./build/obj/crt0_v7m.o
 .debug_aranges
                0x00000020       0x20 ./build/obj/vectors.o
 .debug_aranges
                0x00000040       0x20 ./build/obj/chcoreasm_v7m.o
 .debug_aranges
                0x00000060      0x208 C:\Users\Pasquale\AppData\Local\Temp\ccGjmsxX.ltrans0.ltrans.o

.debug_str      0x00000000     0x2098
 .debug_str     0x00000000       0x92 ./build/obj/crt0_v7m.o
 .debug_str     0x00000092       0x42 ./build/obj/vectors.o
                                 0x91 (size before relaxing)
 .debug_str     0x000000d4       0x46 ./build/obj/chcoreasm_v7m.o
                                 0x95 (size before relaxing)
 .debug_str     0x0000011a     0x1f7e C:\Users\Pasquale\AppData\Local\Temp\ccGjmsxX.ltrans0.ltrans.o
                               0x2141 (size before relaxing)

.debug_loc      0x00000000     0x3b9b
 .debug_loc     0x00000000     0x3b9b C:\Users\Pasquale\AppData\Local\Temp\ccGjmsxX.ltrans0.ltrans.o

.debug_ranges   0x00000000     0x1608
 .debug_ranges  0x00000000     0x1608 C:\Users\Pasquale\AppData\Local\Temp\ccGjmsxX.ltrans0.ltrans.o

.debug_frame    0x00000000      0x98c
 .debug_frame   0x00000000      0x710 C:\Users\Pasquale\AppData\Local\Temp\ccGjmsxX.ltrans0.ltrans.o
 .debug_frame   0x00000710       0xac c:/chibistudio/tools/gnu tools arm embedded/7.0 2017q4/bin/../lib/gcc/arm-none-eabi/7.2.1/thumb/v7e-m\libgcc.a(_arm_addsubdf3.o)
 .debug_frame   0x000007bc       0x50 c:/chibistudio/tools/gnu tools arm embedded/7.0 2017q4/bin/../lib/gcc/arm-none-eabi/7.2.1/thumb/v7e-m\libgcc.a(_arm_muldivdf3.o)
 .debug_frame   0x0000080c       0x24 c:/chibistudio/tools/gnu tools arm embedded/7.0 2017q4/bin/../lib/gcc/arm-none-eabi/7.2.1/thumb/v7e-m\libgcc.a(_arm_fixdfsi.o)
 .debug_frame   0x00000830       0x24 c:/chibistudio/tools/gnu tools arm embedded/7.0 2017q4/bin/../lib/gcc/arm-none-eabi/7.2.1/thumb/v7e-m\libgcc.a(_arm_truncdfsf2.o)
 .debug_frame   0x00000854       0x4c c:/chibistudio/tools/gnu tools arm embedded/7.0 2017q4/bin/../lib/gcc/arm-none-eabi/7.2.1/thumb/v7e-m\libgcc.a(_arm_addsubsf3.o)
 .debug_frame   0x000008a0       0xc8 c:/chibistudio/tools/gnu tools arm embedded/7.0 2017q4/bin/../lib/gcc/arm-none-eabi/7.2.1/thumb/v7e-m\libgcc.a(_arm_cmpsf2.o)
 .debug_frame   0x00000968       0x24 c:/chibistudio/tools/gnu tools arm embedded/7.0 2017q4/bin/../lib/gcc/arm-none-eabi/7.2.1/thumb/v7e-m\libgcc.a(_arm_fixsfsi.o)

Cross Reference Table

Symbol                                            File
ADCD1                                             ./build/obj/hal_adc_lld.o (symbol from plugin)
                                                  ./build/obj/main.o (symbol from plugin)
BusFault_Handler                                  ./build/obj/vectors.o
DebugMon_Handler                                  ./build/obj/vectors.o
HardFault_Handler                                 ./build/obj/vectors.o
MemManage_Handler                                 ./build/obj/vectors.o
NMI_Handler                                       ./build/obj/vectors.o
PendSV_Handler                                    ./build/obj/vectors.o
Reset_Handler                                     ./build/obj/vectors.o
SD2                                               ./build/obj/hal_serial_lld.o (symbol from plugin)
                                                  ./build/obj/main.o (symbol from plugin)
SVC_Handler                                       C:\Users\Pasquale\AppData\Local\Temp\ccGjmsxX.ltrans0.ltrans.o
                                                  ./build/obj/chcore_v7m.o (symbol from plugin)
                                                  ./build/obj/vectors.o
SysTick_Handler                                   ./build/obj/vectors.o
SystemCoreClock                                   ./build/obj/hal_lld.o (symbol from plugin)
UsageFault_Handler                                ./build/obj/vectors.o
Vector100                                         ./build/obj/vectors.o
Vector104                                         ./build/obj/vectors.o
Vector108                                         ./build/obj/vectors.o
Vector10C                                         ./build/obj/vectors.o
Vector110                                         ./build/obj/vectors.o
Vector114                                         ./build/obj/vectors.o
Vector118                                         ./build/obj/vectors.o
Vector11C                                         ./build/obj/vectors.o
Vector120                                         C:\Users\Pasquale\AppData\Local\Temp\ccGjmsxX.ltrans0.ltrans.o
                                                  ./build/obj/stm32_dma.o (symbol from plugin)
                                                  ./build/obj/vectors.o
Vector124                                         C:\Users\Pasquale\AppData\Local\Temp\ccGjmsxX.ltrans0.ltrans.o
                                                  ./build/obj/stm32_dma.o (symbol from plugin)
                                                  ./build/obj/vectors.o
Vector128                                         C:\Users\Pasquale\AppData\Local\Temp\ccGjmsxX.ltrans0.ltrans.o
                                                  ./build/obj/stm32_dma.o (symbol from plugin)
                                                  ./build/obj/vectors.o
Vector12C                                         C:\Users\Pasquale\AppData\Local\Temp\ccGjmsxX.ltrans0.ltrans.o
                                                  ./build/obj/stm32_dma.o (symbol from plugin)
                                                  ./build/obj/vectors.o
Vector130                                         C:\Users\Pasquale\AppData\Local\Temp\ccGjmsxX.ltrans0.ltrans.o
                                                  ./build/obj/stm32_dma.o (symbol from plugin)
                                                  ./build/obj/vectors.o
Vector134                                         ./build/obj/vectors.o
Vector138                                         ./build/obj/vectors.o
Vector13C                                         ./build/obj/vectors.o
Vector140                                         ./build/obj/vectors.o
Vector144                                         ./build/obj/vectors.o
Vector148                                         ./build/obj/vectors.o
Vector14C                                         ./build/obj/vectors.o
Vector150                                         C:\Users\Pasquale\AppData\Local\Temp\ccGjmsxX.ltrans0.ltrans.o
                                                  ./build/obj/stm32_dma.o (symbol from plugin)
                                                  ./build/obj/vectors.o
Vector154                                         C:\Users\Pasquale\AppData\Local\Temp\ccGjmsxX.ltrans0.ltrans.o
                                                  ./build/obj/stm32_dma.o (symbol from plugin)
                                                  ./build/obj/vectors.o
Vector158                                         C:\Users\Pasquale\AppData\Local\Temp\ccGjmsxX.ltrans0.ltrans.o
                                                  ./build/obj/stm32_dma.o (symbol from plugin)
                                                  ./build/obj/vectors.o
Vector15C                                         ./build/obj/vectors.o
Vector160                                         ./build/obj/vectors.o
Vector164                                         ./build/obj/vectors.o
Vector168                                         ./build/obj/vectors.o
Vector16C                                         ./build/obj/vectors.o
Vector170                                         ./build/obj/vectors.o
Vector174                                         ./build/obj/vectors.o
Vector178                                         ./build/obj/vectors.o
Vector17C                                         ./build/obj/vectors.o
Vector180                                         ./build/obj/vectors.o
Vector184                                         ./build/obj/vectors.o
Vector188                                         ./build/obj/vectors.o
Vector18C                                         ./build/obj/vectors.o
Vector190                                         ./build/obj/vectors.o
Vector194                                         ./build/obj/vectors.o
Vector198                                         ./build/obj/vectors.o
Vector19C                                         ./build/obj/vectors.o
Vector1A0                                         ./build/obj/vectors.o
Vector1A4                                         ./build/obj/vectors.o
Vector1A8                                         ./build/obj/vectors.o
Vector1AC                                         ./build/obj/vectors.o
Vector1B0                                         ./build/obj/vectors.o
Vector1B4                                         ./build/obj/vectors.o
Vector1B8                                         ./build/obj/vectors.o
Vector1BC                                         ./build/obj/vectors.o
Vector1C                                          ./build/obj/vectors.o
Vector1C0                                         ./build/obj/vectors.o
Vector1C4                                         ./build/obj/vectors.o
Vector1C8                                         ./build/obj/vectors.o
Vector1CC                                         ./build/obj/vectors.o
Vector1D0                                         ./build/obj/vectors.o
Vector1D4                                         ./build/obj/vectors.o
Vector1D8                                         ./build/obj/vectors.o
Vector1DC                                         ./build/obj/vectors.o
Vector20                                          ./build/obj/vectors.o
Vector24                                          ./build/obj/vectors.o
Vector28                                          ./build/obj/vectors.o
Vector34                                          ./build/obj/vectors.o
Vector40                                          ./build/obj/vectors.o
Vector44                                          ./build/obj/vectors.o
Vector48                                          ./build/obj/vectors.o
Vector4C                                          ./build/obj/vectors.o
Vector50                                          ./build/obj/vectors.o
Vector54                                          ./build/obj/vectors.o
Vector58                                          ./build/obj/vectors.o
Vector5C                                          ./build/obj/vectors.o
Vector60                                          ./build/obj/vectors.o
Vector64                                          ./build/obj/vectors.o
Vector68                                          ./build/obj/vectors.o
Vector6C                                          C:\Users\Pasquale\AppData\Local\Temp\ccGjmsxX.ltrans0.ltrans.o
                                                  ./build/obj/stm32_dma.o (symbol from plugin)
                                                  ./build/obj/vectors.o
Vector70                                          C:\Users\Pasquale\AppData\Local\Temp\ccGjmsxX.ltrans0.ltrans.o
                                                  ./build/obj/stm32_dma.o (symbol from plugin)
                                                  ./build/obj/vectors.o
Vector74                                          C:\Users\Pasquale\AppData\Local\Temp\ccGjmsxX.ltrans0.ltrans.o
                                                  ./build/obj/stm32_dma.o (symbol from plugin)
                                                  ./build/obj/vectors.o
Vector78                                          C:\Users\Pasquale\AppData\Local\Temp\ccGjmsxX.ltrans0.ltrans.o
                                                  ./build/obj/stm32_dma.o (symbol from plugin)
                                                  ./build/obj/vectors.o
Vector7C                                          C:\Users\Pasquale\AppData\Local\Temp\ccGjmsxX.ltrans0.ltrans.o
                                                  ./build/obj/stm32_dma.o (symbol from plugin)
                                                  ./build/obj/vectors.o
Vector80                                          C:\Users\Pasquale\AppData\Local\Temp\ccGjmsxX.ltrans0.ltrans.o
                                                  ./build/obj/stm32_dma.o (symbol from plugin)
                                                  ./build/obj/vectors.o
Vector84                                          C:\Users\Pasquale\AppData\Local\Temp\ccGjmsxX.ltrans0.ltrans.o
                                                  ./build/obj/stm32_dma.o (symbol from plugin)
                                                  ./build/obj/vectors.o
Vector88                                          C:\Users\Pasquale\AppData\Local\Temp\ccGjmsxX.ltrans0.ltrans.o
                                                  ./build/obj/hal_adc_lld.o (symbol from plugin)
                                                  ./build/obj/vectors.o
Vector8C                                          ./build/obj/vectors.o
Vector90                                          ./build/obj/vectors.o
Vector94                                          ./build/obj/vectors.o
Vector98                                          ./build/obj/vectors.o
Vector9C                                          ./build/obj/vectors.o
VectorA0                                          ./build/obj/vectors.o
VectorA4                                          ./build/obj/vectors.o
VectorA8                                          ./build/obj/vectors.o
VectorAC                                          ./build/obj/vectors.o
VectorB0                                          C:\Users\Pasquale\AppData\Local\Temp\ccGjmsxX.ltrans0.ltrans.o
                                                  ./build/obj/hal_st_lld.o (symbol from plugin)
                                                  ./build/obj/vectors.o
VectorB4                                          ./build/obj/vectors.o
VectorB8                                          ./build/obj/vectors.o
VectorBC                                          ./build/obj/vectors.o
VectorC0                                          ./build/obj/vectors.o
VectorC4                                          ./build/obj/vectors.o
VectorC8                                          ./build/obj/vectors.o
VectorCC                                          ./build/obj/vectors.o
VectorD0                                          ./build/obj/vectors.o
VectorD4                                          ./build/obj/vectors.o
VectorD8                                          C:\Users\Pasquale\AppData\Local\Temp\ccGjmsxX.ltrans0.ltrans.o
                                                  ./build/obj/hal_serial_lld.o (symbol from plugin)
                                                  ./build/obj/vectors.o
VectorDC                                          ./build/obj/vectors.o
VectorE0                                          ./build/obj/vectors.o
VectorE4                                          ./build/obj/vectors.o
VectorE8                                          ./build/obj/vectors.o
VectorEC                                          ./build/obj/vectors.o
VectorF0                                          ./build/obj/vectors.o
VectorF4                                          ./build/obj/vectors.o
VectorF8                                          ./build/obj/vectors.o
VectorFC                                          C:\Users\Pasquale\AppData\Local\Temp\ccGjmsxX.ltrans0.ltrans.o
                                                  ./build/obj/stm32_dma.o (symbol from plugin)
                                                  ./build/obj/vectors.o
__adddf3                                          c:/chibistudio/tools/gnu tools arm embedded/7.0 2017q4/bin/../lib/gcc/arm-none-eabi/7.2.1/thumb/v7e-m\libgcc.a(_arm_addsubdf3.o)
__addsf3                                          c:/chibistudio/tools/gnu tools arm embedded/7.0 2017q4/bin/../lib/gcc/arm-none-eabi/7.2.1/thumb/v7e-m\libgcc.a(_arm_addsubsf3.o)
__aeabi_cfcmpeq                                   c:/chibistudio/tools/gnu tools arm embedded/7.0 2017q4/bin/../lib/gcc/arm-none-eabi/7.2.1/thumb/v7e-m\libgcc.a(_arm_cmpsf2.o)
__aeabi_cfcmple                                   c:/chibistudio/tools/gnu tools arm embedded/7.0 2017q4/bin/../lib/gcc/arm-none-eabi/7.2.1/thumb/v7e-m\libgcc.a(_arm_cmpsf2.o)
__aeabi_cfrcmple                                  c:/chibistudio/tools/gnu tools arm embedded/7.0 2017q4/bin/../lib/gcc/arm-none-eabi/7.2.1/thumb/v7e-m\libgcc.a(_arm_cmpsf2.o)
__aeabi_d2f                                       c:/chibistudio/tools/gnu tools arm embedded/7.0 2017q4/bin/../lib/gcc/arm-none-eabi/7.2.1/thumb/v7e-m\libgcc.a(_arm_truncdfsf2.o)
                                                  C:\Users\Pasquale\AppData\Local\Temp\ccGjmsxX.ltrans0.ltrans.o
__aeabi_d2iz                                      c:/chibistudio/tools/gnu tools arm embedded/7.0 2017q4/bin/../lib/gcc/arm-none-eabi/7.2.1/thumb/v7e-m\libgcc.a(_arm_fixdfsi.o)
                                                  C:\Users\Pasquale\AppData\Local\Temp\ccGjmsxX.ltrans0.ltrans.o
__aeabi_dadd                                      c:/chibistudio/tools/gnu tools arm embedded/7.0 2017q4/bin/../lib/gcc/arm-none-eabi/7.2.1/thumb/v7e-m\libgcc.a(_arm_addsubdf3.o)
__aeabi_ddiv                                      c:/chibistudio/tools/gnu tools arm embedded/7.0 2017q4/bin/../lib/gcc/arm-none-eabi/7.2.1/thumb/v7e-m\libgcc.a(_arm_muldivdf3.o)
                                                  C:\Users\Pasquale\AppData\Local\Temp\ccGjmsxX.ltrans0.ltrans.o
__aeabi_dmul                                      c:/chibistudio/tools/gnu tools arm embedded/7.0 2017q4/bin/../lib/gcc/arm-none-eabi/7.2.1/thumb/v7e-m\libgcc.a(_arm_muldivdf3.o)
                                                  C:\Users\Pasquale\AppData\Local\Temp\ccGjmsxX.ltrans0.ltrans.o
__aeabi_drsub                                     c:/chibistudio/tools/gnu tools arm embedded/7.0 2017q4/bin/../lib/gcc/arm-none-eabi/7.2.1/thumb/v7e-m\libgcc.a(_arm_addsubdf3.o)
__aeabi_dsub                                      c:/chibistudio/tools/gnu tools arm embedded/7.0 2017q4/bin/../lib/gcc/arm-none-eabi/7.2.1/thumb/v7e-m\libgcc.a(_arm_addsubdf3.o)
                                                  C:\Users\Pasquale\AppData\Local\Temp\ccGjmsxX.ltrans0.ltrans.o
__aeabi_f2d                                       c:/chibistudio/tools/gnu tools arm embedded/7.0 2017q4/bin/../lib/gcc/arm-none-eabi/7.2.1/thumb/v7e-m\libgcc.a(_arm_addsubdf3.o)
                                                  C:\Users\Pasquale\AppData\Local\Temp\ccGjmsxX.ltrans0.ltrans.o
__aeabi_f2iz                                      c:/chibistudio/tools/gnu tools arm embedded/7.0 2017q4/bin/../lib/gcc/arm-none-eabi/7.2.1/thumb/v7e-m\libgcc.a(_arm_fixsfsi.o)
                                                  C:\Users\Pasquale\AppData\Local\Temp\ccGjmsxX.ltrans0.ltrans.o
__aeabi_fadd                                      c:/chibistudio/tools/gnu tools arm embedded/7.0 2017q4/bin/../lib/gcc/arm-none-eabi/7.2.1/thumb/v7e-m\libgcc.a(_arm_addsubsf3.o)
__aeabi_fcmpeq                                    c:/chibistudio/tools/gnu tools arm embedded/7.0 2017q4/bin/../lib/gcc/arm-none-eabi/7.2.1/thumb/v7e-m\libgcc.a(_arm_cmpsf2.o)
__aeabi_fcmpge                                    c:/chibistudio/tools/gnu tools arm embedded/7.0 2017q4/bin/../lib/gcc/arm-none-eabi/7.2.1/thumb/v7e-m\libgcc.a(_arm_cmpsf2.o)
__aeabi_fcmpgt                                    c:/chibistudio/tools/gnu tools arm embedded/7.0 2017q4/bin/../lib/gcc/arm-none-eabi/7.2.1/thumb/v7e-m\libgcc.a(_arm_cmpsf2.o)
__aeabi_fcmple                                    c:/chibistudio/tools/gnu tools arm embedded/7.0 2017q4/bin/../lib/gcc/arm-none-eabi/7.2.1/thumb/v7e-m\libgcc.a(_arm_cmpsf2.o)
__aeabi_fcmplt                                    c:/chibistudio/tools/gnu tools arm embedded/7.0 2017q4/bin/../lib/gcc/arm-none-eabi/7.2.1/thumb/v7e-m\libgcc.a(_arm_cmpsf2.o)
                                                  C:\Users\Pasquale\AppData\Local\Temp\ccGjmsxX.ltrans0.ltrans.o
__aeabi_frsub                                     c:/chibistudio/tools/gnu tools arm embedded/7.0 2017q4/bin/../lib/gcc/arm-none-eabi/7.2.1/thumb/v7e-m\libgcc.a(_arm_addsubsf3.o)
__aeabi_fsub                                      c:/chibistudio/tools/gnu tools arm embedded/7.0 2017q4/bin/../lib/gcc/arm-none-eabi/7.2.1/thumb/v7e-m\libgcc.a(_arm_addsubsf3.o)
__aeabi_i2d                                       c:/chibistudio/tools/gnu tools arm embedded/7.0 2017q4/bin/../lib/gcc/arm-none-eabi/7.2.1/thumb/v7e-m\libgcc.a(_arm_addsubdf3.o)
                                                  C:\Users\Pasquale\AppData\Local\Temp\ccGjmsxX.ltrans0.ltrans.o
__aeabi_i2f                                       c:/chibistudio/tools/gnu tools arm embedded/7.0 2017q4/bin/../lib/gcc/arm-none-eabi/7.2.1/thumb/v7e-m\libgcc.a(_arm_addsubsf3.o)
                                                  C:\Users\Pasquale\AppData\Local\Temp\ccGjmsxX.ltrans0.ltrans.o
__aeabi_l2d                                       c:/chibistudio/tools/gnu tools arm embedded/7.0 2017q4/bin/../lib/gcc/arm-none-eabi/7.2.1/thumb/v7e-m\libgcc.a(_arm_addsubdf3.o)
__aeabi_l2f                                       c:/chibistudio/tools/gnu tools arm embedded/7.0 2017q4/bin/../lib/gcc/arm-none-eabi/7.2.1/thumb/v7e-m\libgcc.a(_arm_addsubsf3.o)
__aeabi_ui2d                                      c:/chibistudio/tools/gnu tools arm embedded/7.0 2017q4/bin/../lib/gcc/arm-none-eabi/7.2.1/thumb/v7e-m\libgcc.a(_arm_addsubdf3.o)
                                                  C:\Users\Pasquale\AppData\Local\Temp\ccGjmsxX.ltrans0.ltrans.o
__aeabi_ui2f                                      c:/chibistudio/tools/gnu tools arm embedded/7.0 2017q4/bin/../lib/gcc/arm-none-eabi/7.2.1/thumb/v7e-m\libgcc.a(_arm_addsubsf3.o)
__aeabi_ul2d                                      c:/chibistudio/tools/gnu tools arm embedded/7.0 2017q4/bin/../lib/gcc/arm-none-eabi/7.2.1/thumb/v7e-m\libgcc.a(_arm_addsubdf3.o)
__aeabi_ul2f                                      c:/chibistudio/tools/gnu tools arm embedded/7.0 2017q4/bin/../lib/gcc/arm-none-eabi/7.2.1/thumb/v7e-m\libgcc.a(_arm_addsubsf3.o)
__cmpsf2                                          c:/chibistudio/tools/gnu tools arm embedded/7.0 2017q4/bin/../lib/gcc/arm-none-eabi/7.2.1/thumb/v7e-m\libgcc.a(_arm_cmpsf2.o)
__core_init                                       C:\Users\Pasquale\AppData\Local\Temp\ccGjmsxX.ltrans0.ltrans.o
                                                  ./build/obj/crt1.o (symbol from plugin)
                                                  ./build/obj/crt0_v7m.o
__default_exit                                    C:\Users\Pasquale\AppData\Local\Temp\ccGjmsxX.ltrans0.ltrans.o
                                                  ./build/obj/crt1.o (symbol from plugin)
                                                  ./build/obj/crt0_v7m.o
__divdf3                                          c:/chibistudio/tools/gnu tools arm embedded/7.0 2017q4/bin/../lib/gcc/arm-none-eabi/7.2.1/thumb/v7e-m\libgcc.a(_arm_muldivdf3.o)
__early_init                                      C:\Users\Pasquale\AppData\Local\Temp\ccGjmsxX.ltrans0.ltrans.o
                                                  ./build/obj/board.o (symbol from plugin)
                                                  ./build/obj/crt1.o (symbol from plugin)
                                                  ./build/obj/crt0_v7m.o
__eqsf2                                           c:/chibistudio/tools/gnu tools arm embedded/7.0 2017q4/bin/../lib/gcc/arm-none-eabi/7.2.1/thumb/v7e-m\libgcc.a(_arm_cmpsf2.o)
__extendsfdf2                                     c:/chibistudio/tools/gnu tools arm embedded/7.0 2017q4/bin/../lib/gcc/arm-none-eabi/7.2.1/thumb/v7e-m\libgcc.a(_arm_addsubdf3.o)
__fini_array_end                                  ./build/obj/crt0_v7m.o
__fini_array_start                                ./build/obj/crt0_v7m.o
__fixdfsi                                         c:/chibistudio/tools/gnu tools arm embedded/7.0 2017q4/bin/../lib/gcc/arm-none-eabi/7.2.1/thumb/v7e-m\libgcc.a(_arm_fixdfsi.o)
__fixsfsi                                         c:/chibistudio/tools/gnu tools arm embedded/7.0 2017q4/bin/../lib/gcc/arm-none-eabi/7.2.1/thumb/v7e-m\libgcc.a(_arm_fixsfsi.o)
__floatdidf                                       c:/chibistudio/tools/gnu tools arm embedded/7.0 2017q4/bin/../lib/gcc/arm-none-eabi/7.2.1/thumb/v7e-m\libgcc.a(_arm_addsubdf3.o)
__floatdisf                                       c:/chibistudio/tools/gnu tools arm embedded/7.0 2017q4/bin/../lib/gcc/arm-none-eabi/7.2.1/thumb/v7e-m\libgcc.a(_arm_addsubsf3.o)
__floatsidf                                       c:/chibistudio/tools/gnu tools arm embedded/7.0 2017q4/bin/../lib/gcc/arm-none-eabi/7.2.1/thumb/v7e-m\libgcc.a(_arm_addsubdf3.o)
__floatsisf                                       c:/chibistudio/tools/gnu tools arm embedded/7.0 2017q4/bin/../lib/gcc/arm-none-eabi/7.2.1/thumb/v7e-m\libgcc.a(_arm_addsubsf3.o)
__floatundidf                                     c:/chibistudio/tools/gnu tools arm embedded/7.0 2017q4/bin/../lib/gcc/arm-none-eabi/7.2.1/thumb/v7e-m\libgcc.a(_arm_addsubdf3.o)
__floatundisf                                     c:/chibistudio/tools/gnu tools arm embedded/7.0 2017q4/bin/../lib/gcc/arm-none-eabi/7.2.1/thumb/v7e-m\libgcc.a(_arm_addsubsf3.o)
__floatunsidf                                     c:/chibistudio/tools/gnu tools arm embedded/7.0 2017q4/bin/../lib/gcc/arm-none-eabi/7.2.1/thumb/v7e-m\libgcc.a(_arm_addsubdf3.o)
__floatunsisf                                     c:/chibistudio/tools/gnu tools arm embedded/7.0 2017q4/bin/../lib/gcc/arm-none-eabi/7.2.1/thumb/v7e-m\libgcc.a(_arm_addsubsf3.o)
__gesf2                                           c:/chibistudio/tools/gnu tools arm embedded/7.0 2017q4/bin/../lib/gcc/arm-none-eabi/7.2.1/thumb/v7e-m\libgcc.a(_arm_cmpsf2.o)
__gtsf2                                           c:/chibistudio/tools/gnu tools arm embedded/7.0 2017q4/bin/../lib/gcc/arm-none-eabi/7.2.1/thumb/v7e-m\libgcc.a(_arm_cmpsf2.o)
__heap_base__                                     C:\Users\Pasquale\AppData\Local\Temp\ccGjmsxX.ltrans0.ltrans.o
                                                  ./build/obj/chmemcore.o (symbol from plugin)
__heap_end__                                      C:\Users\Pasquale\AppData\Local\Temp\ccGjmsxX.ltrans0.ltrans.o
                                                  ./build/obj/chmemcore.o (symbol from plugin)
__init_array_end                                  ./build/obj/crt0_v7m.o
__init_array_start                                ./build/obj/crt0_v7m.o
__init_ram_areas                                  C:\Users\Pasquale\AppData\Local\Temp\ccGjmsxX.ltrans0.ltrans.o
                                                  ./build/obj/crt1.o (symbol from plugin)
                                                  ./build/obj/crt0_v7m.o
__late_init                                       C:\Users\Pasquale\AppData\Local\Temp\ccGjmsxX.ltrans0.ltrans.o
                                                  ./build/obj/crt1.o (symbol from plugin)
                                                  ./build/obj/crt0_v7m.o
__lesf2                                           c:/chibistudio/tools/gnu tools arm embedded/7.0 2017q4/bin/../lib/gcc/arm-none-eabi/7.2.1/thumb/v7e-m\libgcc.a(_arm_cmpsf2.o)
__ltsf2                                           c:/chibistudio/tools/gnu tools arm embedded/7.0 2017q4/bin/../lib/gcc/arm-none-eabi/7.2.1/thumb/v7e-m\libgcc.a(_arm_cmpsf2.o)
__main_stack_base__                               ./build/obj/crt0_v7m.o
__main_stack_end__                                ./build/obj/vectors.o
                                                  ./build/obj/crt0_v7m.o
__muldf3                                          c:/chibistudio/tools/gnu tools arm embedded/7.0 2017q4/bin/../lib/gcc/arm-none-eabi/7.2.1/thumb/v7e-m\libgcc.a(_arm_muldivdf3.o)
__nesf2                                           c:/chibistudio/tools/gnu tools arm embedded/7.0 2017q4/bin/../lib/gcc/arm-none-eabi/7.2.1/thumb/v7e-m\libgcc.a(_arm_cmpsf2.o)
__process_stack_base__                            ./build/obj/crt0_v7m.o
__process_stack_end__                             ./build/obj/crt0_v7m.o
__ram0_clear__                                    C:\Users\Pasquale\AppData\Local\Temp\ccGjmsxX.ltrans0.ltrans.o
                                                  ./build/obj/crt1.o (symbol from plugin)
__ram0_init__                                     C:\Users\Pasquale\AppData\Local\Temp\ccGjmsxX.ltrans0.ltrans.o
                                                  ./build/obj/crt1.o (symbol from plugin)
__ram0_init_text__                                C:\Users\Pasquale\AppData\Local\Temp\ccGjmsxX.ltrans0.ltrans.o
                                                  ./build/obj/crt1.o (symbol from plugin)
__ram0_noinit__                                   C:\Users\Pasquale\AppData\Local\Temp\ccGjmsxX.ltrans0.ltrans.o
                                                  ./build/obj/crt1.o (symbol from plugin)
__ram1_clear__                                    C:\Users\Pasquale\AppData\Local\Temp\ccGjmsxX.ltrans0.ltrans.o
                                                  ./build/obj/crt1.o (symbol from plugin)
__ram1_init__                                     C:\Users\Pasquale\AppData\Local\Temp\ccGjmsxX.ltrans0.ltrans.o
                                                  ./build/obj/crt1.o (symbol from plugin)
__ram1_init_text__                                C:\Users\Pasquale\AppData\Local\Temp\ccGjmsxX.ltrans0.ltrans.o
                                                  ./build/obj/crt1.o (symbol from plugin)
__ram1_noinit__                                   C:\Users\Pasquale\AppData\Local\Temp\ccGjmsxX.ltrans0.ltrans.o
                                                  ./build/obj/crt1.o (symbol from plugin)
__ram2_clear__                                    C:\Users\Pasquale\AppData\Local\Temp\ccGjmsxX.ltrans0.ltrans.o
                                                  ./build/obj/crt1.o (symbol from plugin)
__ram2_init__                                     C:\Users\Pasquale\AppData\Local\Temp\ccGjmsxX.ltrans0.ltrans.o
                                                  ./build/obj/crt1.o (symbol from plugin)
__ram2_init_text__                                C:\Users\Pasquale\AppData\Local\Temp\ccGjmsxX.ltrans0.ltrans.o
                                                  ./build/obj/crt1.o (symbol from plugin)
__ram2_noinit__                                   C:\Users\Pasquale\AppData\Local\Temp\ccGjmsxX.ltrans0.ltrans.o
                                                  ./build/obj/crt1.o (symbol from plugin)
__ram3_clear__                                    C:\Users\Pasquale\AppData\Local\Temp\ccGjmsxX.ltrans0.ltrans.o
                                                  ./build/obj/crt1.o (symbol from plugin)
__ram3_init__                                     C:\Users\Pasquale\AppData\Local\Temp\ccGjmsxX.ltrans0.ltrans.o
                                                  ./build/obj/crt1.o (symbol from plugin)
__ram3_init_text__                                C:\Users\Pasquale\AppData\Local\Temp\ccGjmsxX.ltrans0.ltrans.o
                                                  ./build/obj/crt1.o (symbol from plugin)
__ram3_noinit__                                   C:\Users\Pasquale\AppData\Local\Temp\ccGjmsxX.ltrans0.ltrans.o
                                                  ./build/obj/crt1.o (symbol from plugin)
__ram4_clear__                                    C:\Users\Pasquale\AppData\Local\Temp\ccGjmsxX.ltrans0.ltrans.o
                                                  ./build/obj/crt1.o (symbol from plugin)
__ram4_init__                                     C:\Users\Pasquale\AppData\Local\Temp\ccGjmsxX.ltrans0.ltrans.o
                                                  ./build/obj/crt1.o (symbol from plugin)
__ram4_init_text__                                C:\Users\Pasquale\AppData\Local\Temp\ccGjmsxX.ltrans0.ltrans.o
                                                  ./build/obj/crt1.o (symbol from plugin)
__ram4_noinit__                                   C:\Users\Pasquale\AppData\Local\Temp\ccGjmsxX.ltrans0.ltrans.o
                                                  ./build/obj/crt1.o (symbol from plugin)
__ram5_clear__                                    C:\Users\Pasquale\AppData\Local\Temp\ccGjmsxX.ltrans0.ltrans.o
                                                  ./build/obj/crt1.o (symbol from plugin)
__ram5_init__                                     C:\Users\Pasquale\AppData\Local\Temp\ccGjmsxX.ltrans0.ltrans.o
                                                  ./build/obj/crt1.o (symbol from plugin)
__ram5_init_text__                                C:\Users\Pasquale\AppData\Local\Temp\ccGjmsxX.ltrans0.ltrans.o
                                                  ./build/obj/crt1.o (symbol from plugin)
__ram5_noinit__                                   C:\Users\Pasquale\AppData\Local\Temp\ccGjmsxX.ltrans0.ltrans.o
                                                  ./build/obj/crt1.o (symbol from plugin)
__ram6_clear__                                    C:\Users\Pasquale\AppData\Local\Temp\ccGjmsxX.ltrans0.ltrans.o
                                                  ./build/obj/crt1.o (symbol from plugin)
__ram6_init__                                     C:\Users\Pasquale\AppData\Local\Temp\ccGjmsxX.ltrans0.ltrans.o
                                                  ./build/obj/crt1.o (symbol from plugin)
__ram6_init_text__                                C:\Users\Pasquale\AppData\Local\Temp\ccGjmsxX.ltrans0.ltrans.o
                                                  ./build/obj/crt1.o (symbol from plugin)
__ram6_noinit__                                   C:\Users\Pasquale\AppData\Local\Temp\ccGjmsxX.ltrans0.ltrans.o
                                                  ./build/obj/crt1.o (symbol from plugin)
__ram7_clear__                                    C:\Users\Pasquale\AppData\Local\Temp\ccGjmsxX.ltrans0.ltrans.o
                                                  ./build/obj/crt1.o (symbol from plugin)
__ram7_init__                                     C:\Users\Pasquale\AppData\Local\Temp\ccGjmsxX.ltrans0.ltrans.o
                                                  ./build/obj/crt1.o (symbol from plugin)
__ram7_init_text__                                C:\Users\Pasquale\AppData\Local\Temp\ccGjmsxX.ltrans0.ltrans.o
                                                  ./build/obj/crt1.o (symbol from plugin)
__ram7_noinit__                                   C:\Users\Pasquale\AppData\Local\Temp\ccGjmsxX.ltrans0.ltrans.o
                                                  ./build/obj/crt1.o (symbol from plugin)
__subdf3                                          c:/chibistudio/tools/gnu tools arm embedded/7.0 2017q4/bin/../lib/gcc/arm-none-eabi/7.2.1/thumb/v7e-m\libgcc.a(_arm_addsubdf3.o)
__subsf3                                          c:/chibistudio/tools/gnu tools arm embedded/7.0 2017q4/bin/../lib/gcc/arm-none-eabi/7.2.1/thumb/v7e-m\libgcc.a(_arm_addsubsf3.o)
__truncdfsf2                                      c:/chibistudio/tools/gnu tools arm embedded/7.0 2017q4/bin/../lib/gcc/arm-none-eabi/7.2.1/thumb/v7e-m\libgcc.a(_arm_truncdfsf2.o)
_bss_end                                          ./build/obj/crt0_v7m.o
_bss_start                                        ./build/obj/crt0_v7m.o
_core_init                                        ./build/obj/chmemcore.o (symbol from plugin)
                                                  ./build/obj/chsys.o (symbol from plugin)
_crt0_entry                                       ./build/obj/crt0_v7m.o
                                                  ./build/obj/vectors.o
_data_end                                         ./build/obj/crt0_v7m.o
_data_start                                       ./build/obj/crt0_v7m.o
_factory_init                                     ./build/obj/chfactory.o (symbol from plugin)
                                                  ./build/obj/chsys.o (symbol from plugin)
_heap_init                                        ./build/obj/chmemheaps.o (symbol from plugin)
                                                  ./build/obj/chsys.o (symbol from plugin)
_pal_lld_init                                     ./build/obj/hal_pal_lld.o (symbol from plugin)
                                                  ./build/obj/hal.o (symbol from plugin)
_pal_lld_setgroupmode                             ./build/obj/hal_pal_lld.o (symbol from plugin)
                                                  ./build/obj/main.o (symbol from plugin)
                                                  ./build/obj/hal_pal.o (symbol from plugin)
_port_exit_from_isr                               ./build/obj/chcoreasm_v7m.o
                                                  C:\Users\Pasquale\AppData\Local\Temp\ccGjmsxX.ltrans0.ltrans.o
                                                  ./build/obj/chcore_v7m.o (symbol from plugin)
_port_irq_epilogue                                ./build/obj/chcore_v7m.o (symbol from plugin)
                                                  ./build/obj/hal_serial_lld.o (symbol from plugin)
                                                  ./build/obj/hal_st_lld.o (symbol from plugin)
                                                  ./build/obj/stm32_dma.o (symbol from plugin)
                                                  ./build/obj/hal_adc_lld.o (symbol from plugin)
_port_switch                                      ./build/obj/chcoreasm_v7m.o
                                                  C:\Users\Pasquale\AppData\Local\Temp\ccGjmsxX.ltrans0.ltrans.o
                                                  ./build/obj/chschd.o (symbol from plugin)
_port_switch_from_isr                             ./build/obj/chcoreasm_v7m.o
                                                  C:\Users\Pasquale\AppData\Local\Temp\ccGjmsxX.ltrans0.ltrans.o
                                                  ./build/obj/chcore_v7m.o (symbol from plugin)
_port_thread_start                                ./build/obj/chcoreasm_v7m.o
                                                  C:\Users\Pasquale\AppData\Local\Temp\ccGjmsxX.ltrans0.ltrans.o
                                                  ./build/obj/chthreads.o (symbol from plugin)
_scheduler_init                                   ./build/obj/chschd.o (symbol from plugin)
                                                  ./build/obj/chsys.o (symbol from plugin)
_stm32_dma_streams                                ./build/obj/stm32_dma.o (symbol from plugin)
_textdata_start                                   ./build/obj/crt0_v7m.o
_thread_init                                      ./build/obj/chthreads.o (symbol from plugin)
                                                  ./build/obj/chsys.o (symbol from plugin)
_tm_init                                          ./build/obj/chtm.o (symbol from plugin)
                                                  ./build/obj/chsys.o (symbol from plugin)
_unhandled_exception                              ./build/obj/vectors.o
_vectors                                          ./build/obj/vectors.o
                                                  ./build/obj/crt0_v7m.o
_vt_init                                          ./build/obj/chvt.o (symbol from plugin)
                                                  ./build/obj/chsys.o (symbol from plugin)
adcAcquireBus                                     ./build/obj/hal_adc.o (symbol from plugin)
adcConvert                                        ./build/obj/hal_adc.o (symbol from plugin)
                                                  ./build/obj/main.o (symbol from plugin)
adcInit                                           ./build/obj/hal_adc.o (symbol from plugin)
                                                  ./build/obj/hal.o (symbol from plugin)
adcObjectInit                                     ./build/obj/hal_adc.o (symbol from plugin)
                                                  ./build/obj/hal_adc_lld.o (symbol from plugin)
adcReleaseBus                                     ./build/obj/hal_adc.o (symbol from plugin)
adcSTM32DisableTSVREFE                            ./build/obj/hal_adc_lld.o (symbol from plugin)
adcSTM32DisableVBATE                              ./build/obj/hal_adc_lld.o (symbol from plugin)
adcSTM32EnableTSVREFE                             ./build/obj/hal_adc_lld.o (symbol from plugin)
adcSTM32EnableVBATE                               ./build/obj/hal_adc_lld.o (symbol from plugin)
adcStart                                          ./build/obj/hal_adc.o (symbol from plugin)
                                                  ./build/obj/main.o (symbol from plugin)
adcStartConversion                                ./build/obj/hal_adc.o (symbol from plugin)
adcStartConversionI                               ./build/obj/hal_adc.o (symbol from plugin)
adcStop                                           ./build/obj/hal_adc.o (symbol from plugin)
adcStopConversion                                 ./build/obj/hal_adc.o (symbol from plugin)
adcStopConversionI                                ./build/obj/hal_adc.o (symbol from plugin)
adc_lld_init                                      ./build/obj/hal_adc_lld.o (symbol from plugin)
                                                  ./build/obj/hal_adc.o (symbol from plugin)
adc_lld_start                                     ./build/obj/hal_adc_lld.o (symbol from plugin)
                                                  ./build/obj/hal_adc.o (symbol from plugin)
adc_lld_start_conversion                          ./build/obj/hal_adc_lld.o (symbol from plugin)
                                                  ./build/obj/hal_adc.o (symbol from plugin)
adc_lld_stop                                      ./build/obj/hal_adc_lld.o (symbol from plugin)
                                                  ./build/obj/hal_adc.o (symbol from plugin)
adc_lld_stop_conversion                           ./build/obj/hal_adc_lld.o (symbol from plugin)
                                                  ./build/obj/hal_adc.o (symbol from plugin)
boardInit                                         ./build/obj/board.o (symbol from plugin)
                                                  ./build/obj/hal.o (symbol from plugin)
ch                                                ./build/obj/chschd.o (symbol from plugin)
                                                  ./build/obj/main.o (symbol from plugin)
                                                  ./build/obj/chmsg.o (symbol from plugin)
                                                  ./build/obj/chevents.o (symbol from plugin)
                                                  ./build/obj/chcond.o (symbol from plugin)
                                                  ./build/obj/chmtx.o (symbol from plugin)
                                                  ./build/obj/chsem.o (symbol from plugin)
                                                  ./build/obj/chregistry.o (symbol from plugin)
                                                  ./build/obj/chtm.o (symbol from plugin)
                                                  ./build/obj/chthreads.o (symbol from plugin)
                                                  ./build/obj/chvt.o (symbol from plugin)
                                                  ./build/obj/chsys.o (symbol from plugin)
chCondBroadcast                                   ./build/obj/chcond.o (symbol from plugin)
chCondBroadcastI                                  ./build/obj/chcond.o (symbol from plugin)
chCondObjectInit                                  ./build/obj/chcond.o (symbol from plugin)
chCondSignal                                      ./build/obj/chcond.o (symbol from plugin)
chCondSignalI                                     ./build/obj/chcond.o (symbol from plugin)
chCondWait                                        ./build/obj/chcond.o (symbol from plugin)
chCondWaitS                                       ./build/obj/chcond.o (symbol from plugin)
chCondWaitTimeout                                 ./build/obj/chcond.o (symbol from plugin)
chCondWaitTimeoutS                                ./build/obj/chcond.o (symbol from plugin)
chCoreAllocAlignedWithOffset                      ./build/obj/chmemcore.o (symbol from plugin)
                                                  ./build/obj/chmemheaps.o (symbol from plugin)
chCoreAllocAlignedWithOffsetI                     ./build/obj/chmemcore.o (symbol from plugin)
                                                  ./build/obj/chfactory.o (symbol from plugin)
chCoreGetStatusX                                  ./build/obj/chmemcore.o (symbol from plugin)
chEvtAddEvents                                    ./build/obj/chevents.o (symbol from plugin)
chEvtBroadcastFlags                               ./build/obj/chevents.o (symbol from plugin)
chEvtBroadcastFlagsI                              ./build/obj/chevents.o (symbol from plugin)
                                                  ./build/obj/hal_serial_lld.o (symbol from plugin)
                                                  ./build/obj/hal_serial.o (symbol from plugin)
chEvtDispatch                                     ./build/obj/chevents.o (symbol from plugin)
chEvtGetAndClearEvents                            ./build/obj/chevents.o (symbol from plugin)
chEvtGetAndClearEventsI                           ./build/obj/chevents.o (symbol from plugin)
chEvtGetAndClearFlags                             ./build/obj/chevents.o (symbol from plugin)
chEvtGetAndClearFlagsI                            ./build/obj/chevents.o (symbol from plugin)
chEvtRegisterMaskWithFlags                        ./build/obj/chevents.o (symbol from plugin)
chEvtSignal                                       ./build/obj/chevents.o (symbol from plugin)
chEvtSignalI                                      ./build/obj/chevents.o (symbol from plugin)
chEvtUnregister                                   ./build/obj/chevents.o (symbol from plugin)
chEvtWaitAll                                      ./build/obj/chevents.o (symbol from plugin)
chEvtWaitAllTimeout                               ./build/obj/chevents.o (symbol from plugin)
chEvtWaitAny                                      ./build/obj/chevents.o (symbol from plugin)
chEvtWaitAnyTimeout                               ./build/obj/chevents.o (symbol from plugin)
chEvtWaitOne                                      ./build/obj/chevents.o (symbol from plugin)
chEvtWaitOneTimeout                               ./build/obj/chevents.o (symbol from plugin)
chFactoryCreateBuffer                             ./build/obj/chfactory.o (symbol from plugin)
chFactoryCreateMailbox                            ./build/obj/chfactory.o (symbol from plugin)
chFactoryCreateObjectsFIFO                        ./build/obj/chfactory.o (symbol from plugin)
chFactoryCreatePipe                               ./build/obj/chfactory.o (symbol from plugin)
chFactoryCreateSemaphore                          ./build/obj/chfactory.o (symbol from plugin)
chFactoryFindBuffer                               ./build/obj/chfactory.o (symbol from plugin)
chFactoryFindMailbox                              ./build/obj/chfactory.o (symbol from plugin)
chFactoryFindObject                               ./build/obj/chfactory.o (symbol from plugin)
chFactoryFindObjectByPointer                      ./build/obj/chfactory.o (symbol from plugin)
chFactoryFindObjectsFIFO                          ./build/obj/chfactory.o (symbol from plugin)
chFactoryFindPipe                                 ./build/obj/chfactory.o (symbol from plugin)
chFactoryFindSemaphore                            ./build/obj/chfactory.o (symbol from plugin)
chFactoryRegisterObject                           ./build/obj/chfactory.o (symbol from plugin)
chFactoryReleaseBuffer                            ./build/obj/chfactory.o (symbol from plugin)
chFactoryReleaseMailbox                           ./build/obj/chfactory.o (symbol from plugin)
chFactoryReleaseObject                            ./build/obj/chfactory.o (symbol from plugin)
chFactoryReleaseObjectsFIFO                       ./build/obj/chfactory.o (symbol from plugin)
chFactoryReleasePipe                              ./build/obj/chfactory.o (symbol from plugin)
chFactoryReleaseSemaphore                         ./build/obj/chfactory.o (symbol from plugin)
chGuardedPoolAllocTimeout                         ./build/obj/chmempools.o (symbol from plugin)
chGuardedPoolAllocTimeoutS                        ./build/obj/chmempools.o (symbol from plugin)
chGuardedPoolFree                                 ./build/obj/chmempools.o (symbol from plugin)
chGuardedPoolLoadArray                            ./build/obj/chmempools.o (symbol from plugin)
                                                  ./build/obj/chfactory.o (symbol from plugin)
chGuardedPoolObjectInitAligned                    ./build/obj/chmempools.o (symbol from plugin)
                                                  ./build/obj/chfactory.o (symbol from plugin)
chHeapAllocAligned                                ./build/obj/chmemheaps.o (symbol from plugin)
                                                  ./build/obj/chfactory.o (symbol from plugin)
                                                  ./build/obj/chdynamic.o (symbol from plugin)
chHeapFree                                        ./build/obj/chmemheaps.o (symbol from plugin)
                                                  ./build/obj/chfactory.o (symbol from plugin)
                                                  ./build/obj/chthreads.o (symbol from plugin)
chHeapObjectInit                                  ./build/obj/chmemheaps.o (symbol from plugin)
chHeapStatus                                      ./build/obj/chmemheaps.o (symbol from plugin)
chMBFetchI                                        ./build/obj/chmboxes.o (symbol from plugin)
chMBFetchTimeout                                  ./build/obj/chmboxes.o (symbol from plugin)
chMBFetchTimeoutS                                 ./build/obj/chmboxes.o (symbol from plugin)
chMBObjectInit                                    ./build/obj/chmboxes.o (symbol from plugin)
                                                  ./build/obj/chfactory.o (symbol from plugin)
chMBPostAheadI                                    ./build/obj/chmboxes.o (symbol from plugin)
chMBPostAheadTimeout                              ./build/obj/chmboxes.o (symbol from plugin)